<html>
<body>
<pre>
<h1>礦ision Build Log</h1>
<h2>Project:</h2>
C:\非系统文件\工作\GIT\The-clear-code\TestProject.uvprojx
Project File Date:  05/07/2017

<h2>Output:</h2>
Build target 'Target 1'
creating preprocessor file for main.c...
compiling main.c...
linking...
Program Size: Code=11768 RO-data=388 RW-data=1280 ZI-data=4120  
FromELF: creating hex file...
".\Objects\TestProject.axf" - 0 Error(s), 0 Warning(s).
Load "C:\\非系统文件\\工作\\GIT\\The-clear-code\\Objects\\TestProject.axf" 
Erase Done.
Programming Done.
Verify OK.
 OK.
..
compiling DrvCAN.c...
creating preprocessor file for DrvEBI.c...
compiling DrvEBI.c...
creating preprocessor file for DrvFMC.c...
compiling DrvFMC.c...
creating preprocessor file for DrvGPIO.c...
compiling DrvGPIO.c...
creating preprocessor file for DrvI2C.c...
compiling DrvI2C.c...
creating preprocessor file for DrvI2S.c...
compiling DrvI2S.c...
creating preprocessor file for DrvPDMA.c...
compiling DrvPDMA.c...
creating preprocessor file for DrvPS2.c...
compiling DrvPS2.c...
creating preprocessor file for DrvPWM.c...
compiling DrvPWM.c...
creating preprocessor file for DrvRTC.c...
compiling DrvRTC.c...
creating preprocessor file for DrvSPI.c...
compiling DrvSPI.c...
creating preprocessor file for DrvSYS.c...
compiling DrvSYS.c...
creating preprocessor file for DrvTIMER.c...
compiling DrvTIMER.c...
creating preprocessor file for DrvUART.c...
compiling DrvUART.c...
creating preprocessor file for retarget.c...
compiling retarget.c...
creating preprocessor file for Ascii_Table.C...
compiling Ascii_Table.C...
creating preprocessor file for EEPROM_24LC64.c...
compiling EEPROM_24LC64.c...
creating preprocessor file for LCD_Driver.c...
compiling LCD_Driver.c...
creating preprocessor file for NAU7802.c...
compiling NAU7802.c...
creating preprocessor file for ScanKey.c...
compiling ScanKey.c...
creating preprocessor file for Seven_Segment.c...
compiling Seven_Segment.c...
creating preprocessor file for cfg.c...
compiling cfg.c...
creating preprocessor file for osekAlarm.c...
compiling osekAlarm.c...
creating preprocessor file for osekCounter.c...
compiling osekCounter.c...
creating preprocessor file for osekDebug.c...
compiling osekDebug.c...
creating preprocessor file for osekEvent.c...
compiling osekEvent.c...
creating preprocessor file for osekExecution.c...
compiling osekExecution.c...
creating preprocessor file for osekHook.c...
compiling osekHook.c...
creating preprocessor file for osekInterrupt.c...
compiling osekInterrupt.c...
creating preprocessor file for osekMessage.c...
compiling osekMessage.c...
creating preprocessor file for osekResource.c...
compiling osekResource.c...
creating preprocessor file for osekTarget.c...
compiling osekTarget.c...
OSEKos\osekTarget.c(768): warning: A1609W: MOV <rd>,pc instruction does not set bit zero, so does not create a return address
OSEKos\osekTarget.c(856): warning: A1581W: Added 2 bytes of padding at address 0x8a
OSEKos\osekTarget.c(868): warning: A1581W: Added 2 bytes of padding at address 0xaa
OSEKos\osekTarget.c(880): warning: A1581W: Added 2 bytes of padding at address 0xce
OSEKos\osekTarget.c(892): warning: A1581W: Added 2 bytes of padding at address 0xf2
OSEKos\osekTarget.c(904): warning: A1581W: Added 2 bytes of padding at address 0x116
OSEKos\osekTarget.c(916): warning: A1581W: Added 2 bytes of padding at address 0x13a
OSEKos\osekTarget.c(928): warning: A1581W: Added 2 bytes of padding at address 0x15e
creating preprocessor file for osekTask.c...
compiling osekTask.c...
creating preprocessor file for main.c...
compiling main.c...
linking...
Program Size: Code=10180 RO-data=256 RW-data=612 ZI-data=2348  
FromELF: creating hex file...
".\Objects\TestProject.axf" - 0 Error(s), 8 Warning(s).

Load "C:\\非系统文件\\工作\\GIT\\The-clear-code\\Objects\\TestProject.axf" 
Erase Done.
Programming Done.
Verify OK.
e map.
Finished: 2 information, 1 warning and 1 error messages.
".\Objects\TestProject.axf" - 1 Error(s), 9 Warning(s).
Target not created
