<html>
<body>
<pre>
<h1>礦ision Build Log</h1>
<h2>Project:</h2>
C:\非系统文件\工作\GIT\The-clear-code\TestProject.uvprojx
Project File Date:  05/07/2017

<h2>Output:</h2>
Build target 'Target 1'
creating preprocessor file for osekTarget.c...
compiling osekTarget.c...
OSEKos\osekTarget.c(768): warning: A1609W: MOV <rd>,pc instruction does not set bit zero, so does not create a return address
OSEKos\osekTarget.c(826): warning: A1581W: Added 2 bytes of padding at address 0x5a
linking...
Program Size: Code=11804 RO-data=408 RW-data=1284 ZI-data=4140  
FromELF: creating hex file...
".\Objects\TestProject.axf" - 0 Error(s), 2 Warning(s).
Load "C:\\非系统文件\\工作\\GIT\\The-clear-code\\Objects\\TestProject.axf" 
Erase Done.
Programming Done.
Verify OK.
</pre>
</body>
</html>
