Component: ARM Compiler 5.06 update 4 (build 422) Tool: armlink [4d35d2]

==============================================================================

Small function inlining results

Inlined function __aeabi_idiv0 from aeabi_idiv0.o at offset 0x154 in aeabi_sdiv.o(.text).
Inlined Instruction: BX       lr
Inlined function __aeabi_idiv0 from aeabi_idiv0.o at offset 0x154 in aeabi_sdiv_div0.o(.text).
Inlined Instruction: BX       lr
Inlined function _platform_pre_stackheap_init from boardinit1.o at offset 0x0 in __rtentry2.o(.ARM.Collect$$rtentry$$00000001).
Inlined Instruction: BX       lr
Inlined function _fp_init from fpinit.o at offset 0x0 in libinit2.o(.ARM.Collect$$libinit$$00000001).
Inlined Instruction: BX       lr
Inlined function _platform_pre_lib_shutdown from boardshut.o at offset 0x0 in rtexit2.o(.ARM.Collect$$rtexit$$00000001).
Inlined Instruction: BX       lr
Inlined function __ARM_get_argv from no_argv.o at offset 0x2 in argv_veneer.o(.text).
Inlined Instruction: BX       lr
Inlined total of 6 calls.

==============================================================================

Removing Unused input sections from the image.

    Removing core_cm0.o(.emb_text), (32 bytes).
    Removing system_nuc1xx.o(i.SystemCoreClockUpdate), (132 bytes).
    Removing system_nuc1xx.o(.data), (28 bytes).
    Removing init.o(i.Delay), (6 bytes).
    Removing drvadc.o(i.DrvADC_Close), (76 bytes).
    Removing drvadc.o(i.DrvADC_ConfigADCChannel7), (48 bytes).
    Removing drvadc.o(i.DrvADC_DiffModeOutputFormat), (20 bytes).
    Removing drvadc.o(i.DrvADC_DisableADCCmp0), (16 bytes).
    Removing drvadc.o(i.DrvADC_DisableADCCmp0Int), (16 bytes).
    Removing drvadc.o(i.DrvADC_DisableADCCmp1), (16 bytes).
    Removing drvadc.o(i.DrvADC_DisableADCCmp1Int), (16 bytes).
    Removing drvadc.o(i.DrvADC_DisableADCInt), (16 bytes).
    Removing drvadc.o(i.DrvADC_DisableExtTrigger), (16 bytes).
    Removing drvadc.o(i.DrvADC_DisablePDMA), (16 bytes).
    Removing drvadc.o(i.DrvADC_DisableSelfCalibration), (16 bytes).
    Removing drvadc.o(i.DrvADC_EnableADCCmp0), (104 bytes).
    Removing drvadc.o(i.DrvADC_EnableADCCmp0Int), (64 bytes).
    Removing drvadc.o(i.DrvADC_EnableADCCmp1), (104 bytes).
    Removing drvadc.o(i.DrvADC_EnableADCCmp1Int), (64 bytes).
    Removing drvadc.o(i.DrvADC_EnableADCInt), (64 bytes).
    Removing drvadc.o(i.DrvADC_EnableExtTrigger), (56 bytes).
    Removing drvadc.o(i.DrvADC_EnablePDMA), (24 bytes).
    Removing drvadc.o(i.DrvADC_EnableSelfCalibration), (16 bytes).
    Removing drvadc.o(i.DrvADC_GetConversionData), (52 bytes).
    Removing drvadc.o(i.DrvADC_GetConversionRate), (108 bytes).
    Removing drvadc.o(i.DrvADC_GetVersion), (8 bytes).
    Removing drvadc.o(i.DrvADC_IsCalibrationDone), (20 bytes).
    Removing drvadc.o(i.DrvADC_IsConversionDone), (16 bytes).
    Removing drvadc.o(i.DrvADC_IsDataOverrun), (52 bytes).
    Removing drvadc.o(i.DrvADC_IsDataValid), (52 bytes).
    Removing drvadc.o(i.DrvADC_Open), (132 bytes).
    Removing drvadc.o(i.DrvADC_SetADCChannel), (20 bytes).
    Removing drvadc.o(i.DrvADC_SetADCClkSrc), (24 bytes).
    Removing drvadc.o(i.DrvADC_SetADCDivisor), (24 bytes).
    Removing drvadc.o(i.DrvADC_SetADCInputMode), (24 bytes).
    Removing drvadc.o(i.DrvADC_SetADCOperationMode), (36 bytes).
    Removing drvadc.o(i.DrvADC_StartConvert), (28 bytes).
    Removing drvadc.o(i.DrvADC_StopConvert), (20 bytes).
    Removing drvadc.o(i.NVIC_SetPriority), (68 bytes).
    Removing drvcan.o(i.DrvCAN_BasicReceiveMsg), (144 bytes).
    Removing drvcan.o(i.DrvCAN_BasicSendMsg), (200 bytes).
    Removing drvcan.o(i.DrvCAN_Close), (56 bytes).
    Removing drvcan.o(i.DrvCAN_DisableInt), (56 bytes).
    Removing drvcan.o(i.DrvCAN_DisableWakeUp), (12 bytes).
    Removing drvcan.o(i.DrvCAN_EnableInt), (84 bytes).
    Removing drvcan.o(i.DrvCAN_EnableWakeUp), (12 bytes).
    Removing drvcan.o(i.DrvCAN_EnterInitMode), (24 bytes).
    Removing drvcan.o(i.DrvCAN_EnterTestMode), (20 bytes).
    Removing drvcan.o(i.DrvCAN_GetCANBitRate), (60 bytes).
    Removing drvcan.o(i.DrvCAN_GetRxErrCount), (16 bytes).
    Removing drvcan.o(i.DrvCAN_GetTxErrCount), (12 bytes).
    Removing drvcan.o(i.DrvCAN_GetVersion), (8 bytes).
    Removing drvcan.o(i.DrvCAN_Init), (32 bytes).
    Removing drvcan.o(i.DrvCAN_InstallCallback), (56 bytes).
    Removing drvcan.o(i.DrvCAN_IsIntPending), (28 bytes).
    Removing drvcan.o(i.DrvCAN_IsNewDataReceived), (28 bytes).
    Removing drvcan.o(i.DrvCAN_IsObjectValid), (28 bytes).
    Removing drvcan.o(i.DrvCAN_IsTxRqstPending), (28 bytes).
    Removing drvcan.o(i.DrvCAN_LeaveInitMode), (32 bytes).
    Removing drvcan.o(i.DrvCAN_LeaveTestMode), (32 bytes).
    Removing drvcan.o(i.DrvCAN_Open), (180 bytes).
    Removing drvcan.o(i.DrvCAN_ReadMsgObj), (172 bytes).
    Removing drvcan.o(i.DrvCAN_ResetAllMsgObj), (18 bytes).
    Removing drvcan.o(i.DrvCAN_ResetIF), (44 bytes).
    Removing drvcan.o(i.DrvCAN_ResetMsgObj), (68 bytes).
[...]
    Removing drvpwm.o(i.DrvPWM_DisableInt), (384 bytes).
    Removing drvpwm.o(i.DrvPWM_Enable), (300 bytes).
    Removing drvpwm.o(i.DrvPWM_EnableDeadZone), (140 bytes).
    Removing drvpwm.o(i.DrvPWM_EnableInt), (684 bytes).
    Removing drvpwm.o(i.DrvPWM_GetCaptureIntStatus), (112 bytes).
    Removing drvpwm.o(i.DrvPWM_GetFallingCounter), (36 bytes).
    Removing drvpwm.o(i.DrvPWM_GetIntFlag), (112 bytes).
    Removing drvpwm.o(i.DrvPWM_GetRisingCounter), (36 bytes).
    Removing drvpwm.o(i.DrvPWM_GetTimerCounter), (44 bytes).
    Removing drvpwm.o(i.DrvPWM_GetVersion), (8 bytes).
    Removing drvpwm.o(i.DrvPWM_IsTimerEnabled), (64 bytes).
    Removing drvpwm.o(i.DrvPWM_Open), (40 bytes).
    Removing drvpwm.o(i.DrvPWM_SelectClearLatchFlagOption), (72 bytes).
    Removing drvpwm.o(i.DrvPWM_SelectClockSource), (84 bytes).
    Removing drvpwm.o(i.DrvPWM_SetTimerClk), (1188 bytes).
    Removing drvpwm.o(i.DrvPWM_SetTimerCounter), (44 bytes).
    Removing drvpwm.o(i.DrvPWM_SetTimerIO), (132 bytes).
    Removing drvpwm.o(i.NVIC_SetPriority), (68 bytes).
    Removing drvrtc.o(i.DrcRTC_IsLeapYear), (16 bytes).
    Removing drvrtc.o(i.DrvRTC_Close), (36 bytes).
    Removing drvrtc.o(i.DrvRTC_DisableInt), (76 bytes).
    Removing drvrtc.o(i.DrvRTC_EnableInt), (88 bytes).
    Removing drvrtc.o(i.DrvRTC_GetIntTick), (12 bytes).
    Removing drvrtc.o(i.DrvRTC_GetVersion), (8 bytes).
    Removing drvrtc.o(i.DrvRTC_Init), (108 bytes).
    Removing drvrtc.o(i.DrvRTC_Open), (388 bytes).
    Removing drvrtc.o(i.DrvRTC_Read), (348 bytes).
    Removing drvrtc.o(i.DrvRTC_ResetIntTick), (12 bytes).
    Removing drvrtc.o(i.DrvRTC_SetFrequencyCompensation), (72 bytes).
    Removing drvrtc.o(i.DrvRTC_SetTickMode), (64 bytes).
    Removing drvrtc.o(i.DrvRTC_Write), (512 bytes).
    Removing drvrtc.o(i.DrvRTC_WriteEnable), (76 bytes).
    Removing drvspi.o(i.DrvSPI_3WireAbort), (24 bytes).
    Removing drvspi.o(i.DrvSPI_BurstRead), (48 bytes).
    Removing drvspi.o(i.DrvSPI_BurstTransfer), (88 bytes).
    Removing drvspi.o(i.DrvSPI_BurstWrite), (48 bytes).
    Removing drvspi.o(i.DrvSPI_Close), (148 bytes).
    Removing drvspi.o(i.DrvSPI_Clr3WireStartIntFlag), (24 bytes).
    Removing drvspi.o(i.DrvSPI_ClrGo), (20 bytes).
    Removing drvspi.o(i.DrvSPI_ClrIntFlag), (24 bytes).
    Removing drvspi.o(i.DrvSPI_ClrSS), (32 bytes).
    Removing drvspi.o(i.DrvSPI_Disable3Wire), (24 bytes).
    Removing drvspi.o(i.DrvSPI_Disable3WireStartInt), (72 bytes).
    Removing drvspi.o(i.DrvSPI_DisableAutoSS), (32 bytes).
    Removing drvspi.o(i.DrvSPI_DisableDivOne), (20 bytes).
    Removing drvspi.o(i.DrvSPI_DisableInt), (72 bytes).
    Removing drvspi.o(i.DrvSPI_DumpRxRegister), (44 bytes).
    Removing drvspi.o(i.DrvSPI_Enable3Wire), (24 bytes).
    Removing drvspi.o(i.DrvSPI_Enable3WireStartInt), (108 bytes).
    Removing drvspi.o(i.DrvSPI_EnableAutoSS), (40 bytes).
    Removing drvspi.o(i.DrvSPI_EnableDivOne), (20 bytes).
    Removing drvspi.o(i.DrvSPI_EnableInt), (108 bytes).
    Removing drvspi.o(i.DrvSPI_Get3WireStartIntFlag), (20 bytes).
    Removing drvspi.o(i.DrvSPI_GetClock1Freq), (32 bytes).
    Removing drvspi.o(i.DrvSPI_GetClock2Freq), (32 bytes).
    Removing drvspi.o(i.DrvSPI_GetIntFlag), (20 bytes).
    Removing drvspi.o(i.DrvSPI_GetLevelTriggerStatus), (24 bytes).
    Removing drvspi.o(i.DrvSPI_GetVersion), (8 bytes).
    Removing drvspi.o(i.DrvSPI_IsBusy), (20 bytes).
    Removing drvspi.o(i.DrvSPI_Open), (364 bytes).
    Removing drvspi.o(i.DrvSPI_Set2BitTransferMode), (44 bytes).
    Removing drvspi.o(i.DrvSPI_SetBitLength), (48 bytes).
    Removing drvspi.o(i.DrvSPI_SetByteReorder), (64 bytes).
    Removing drvspi.o(i.DrvSPI_SetClockFreq), (148 bytes).
    Removing drvspi.o(i.DrvSPI_SetEndian), (32 bytes).
    Removing drvspi.o(i.DrvSPI_SetGo), (20 bytes).
    Removing drvspi.o(i.DrvSPI_SetPDMA), (52 bytes).
    Removing drvspi.o(i.DrvSPI_SetSS), (28 bytes).
    Removing drvspi.o(i.DrvSPI_SetSlaveSelectActiveLevel), (28 bytes).
    Removing drvspi.o(i.DrvSPI_SetSuspendCycle), (60 bytes).
    Removing drvspi.o(i.DrvSPI_SetTriggerMode), (28 bytes).
    Removing drvspi.o(i.DrvSPI_SetTxRegister), (40 bytes).
    Removing drvspi.o(i.DrvSPI_SetVariableClockFunction), (40 bytes).
    Removing drvspi.o(i.DrvSPI_SingleRead), (40 bytes).
    Removing drvspi.o(i.DrvSPI_SingleWrite), (40 bytes).
    Removing drvspi.o(i.NVIC_DisableIRQ), (20 bytes).
    Removing drvspi.o(i.NVIC_EnableIRQ), (20 bytes).
    Removing drvspi.o(i.NVIC_SetPriority), (68 bytes).
    Removing drvspi.o(.data), (16 bytes).
    Removing drvsys.o(i.DrvSYS_ClearClockSwitchStatus), (16 bytes).
    Removing drvsys.o(i.DrvSYS_ClearResetSource), (10 bytes).
    Removing drvsys.o(i.DrvSYS_Delay), (36 bytes).
    Removing drvsys.o(i.DrvSYS_DisableBODLowPowerMode), (14 bytes).
    Removing drvsys.o(i.DrvSYS_DisableHighPerformanceMode), (14 bytes).
    Removing drvsys.o(i.DrvSYS_DisableLowVoltReset), (14 bytes).
    Removing drvsys.o(i.DrvSYS_DisablePOR), (12 bytes).
    Removing drvsys.o(i.DrvSYS_DisableTemperatureSensor), (14 bytes).
    Removing drvsys.o(i.DrvSYS_EnableBODLowPowerMode), (14 bytes).
    Removing drvsys.o(i.DrvSYS_EnableHighPerformanceMode), (14 bytes).
    Removing drvsys.o(i.DrvSYS_EnableLowVoltReset), (14 bytes).
    Removing drvsys.o(i.DrvSYS_EnablePOR), (10 bytes).
    Removing drvsys.o(i.DrvSYS_EnableTemperatureSensor), (14 bytes).
    Removing drvsys.o(i.DrvSYS_EnterPowerDown), (40 bytes).
    Removing drvsys.o(i.DrvSYS_GetBODState), (12 bytes).
    Removing drvsys.o(i.DrvSYS_GetChipClockSourceStatus), (64 bytes).
    Removing drvsys.o(i.DrvSYS_GetClockSwitchStatus), (16 bytes).
    Removing drvsys.o(i.DrvSYS_GetPLLContent), (168 bytes).
    Removing drvsys.o(i.DrvSYS_GetResetSource), (8 bytes).
    Removing drvsys.o(i.DrvSYS_GetVersion), (8 bytes).
    Removing drvsys.o(i.DrvSYS_IsProtectedRegLocked), (16 bytes).
    Removing drvsys.o(i.DrvSYS_LockProtectedReg), (28 bytes).
    Removing drvsys.o(i.DrvSYS_Open), (148 bytes).
    Removing drvsys.o(i.DrvSYS_ReadProductID), (8 bytes).
    Removing drvsys.o(i.DrvSYS_ResetCPU), (14 bytes).
    Removing drvsys.o(i.DrvSYS_ResetChip), (14 bytes).
    Removing drvsys.o(i.DrvSYS_ResetIP), (62 bytes).
    Removing drvsys.o(i.DrvSYS_SelectBODVolt), (20 bytes).
    Removing drvsys.o(i.DrvSYS_SelectHCLKSource), (48 bytes).
    Removing drvsys.o(i.DrvSYS_SelectIPClockSource), (204 bytes).
    Removing drvsys.o(i.DrvSYS_SelectPLLSource), (24 bytes).
    Removing drvsys.o(i.DrvSYS_SelectSysTickSource), (44 bytes).
    Removing drvsys.o(i.DrvSYS_SetBODFunction), (76 bytes).
    Removing drvsys.o(i.DrvSYS_SetClockDivider), (100 bytes).
    Removing drvsys.o(i.DrvSYS_SetFreqDividerOutput), (64 bytes).
    Removing drvsys.o(i.DrvSYS_SetIPClock), (84 bytes).
    Removing drvsys.o(i.DrvSYS_SetOscCtrl), (84 bytes).
    Removing drvsys.o(i.DrvSYS_SetPLLContent), (60 bytes).
    Removing drvsys.o(i.DrvSYS_SetPLLMode), (36 bytes).
    Removing drvsys.o(i.DrvSYS_SetPowerDownWakeUpInt), (84 bytes).
    Removing drvsys.o(i.DrvSYS_UnlockProtectedReg), (40 bytes).
    Removing drvsys.o(i.NVIC_SetPriority), (68 bytes).
    Removing drvtimer.o(i.DrvTIMER_ClearCaptureIntFlag), (56 bytes).
    Removing drvtimer.o(i.DrvTIMER_ClearIntFlag), (56 bytes).
    Removing drvtimer.o(i.DrvTIMER_ClearTimerEvent), (120 bytes).
    Removing drvtimer.o(i.DrvTIMER_Close), (124 bytes).
    Removing drvtimer.o(i.DrvTIMER_CloseCapture), (52 bytes).
    Removing drvtimer.o(i.DrvTIMER_Delay), (28 bytes).
    Removing drvtimer.o(i.DrvTIMER_DisableCapture), (56 bytes).
    Removing drvtimer.o(i.DrvTIMER_DisableCaptureDebounce), (56 bytes).
    Removing drvtimer.o(i.DrvTIMER_DisableCaptureInt), (56 bytes).
    Removing drvtimer.o(i.DrvTIMER_DisableCounterDebounce), (56 bytes).
    Removing drvtimer.o(i.DrvTIMER_DisableInt), (76 bytes).
    Removing drvtimer.o(i.DrvTIMER_EnableCapture), (56 bytes).
    Removing drvtimer.o(i.DrvTIMER_EnableCaptureDebounce), (56 bytes).
    Removing drvtimer.o(i.DrvTIMER_EnableCaptureInt), (56 bytes).
    Removing drvtimer.o(i.DrvTIMER_EnableCounterDebounce), (56 bytes).
    Removing drvtimer.o(i.DrvTIMER_GetCaptureData), (48 bytes).
    Removing drvtimer.o(i.DrvTIMER_GetCaptureIntFlag), (52 bytes).
    Removing drvtimer.o(i.DrvTIMER_GetCounters), (48 bytes).
    Removing drvtimer.o(i.DrvTIMER_GetIntFlag), (48 bytes).
    Removing drvtimer.o(i.DrvTIMER_GetIntTicks), (48 bytes).
    Removing drvtimer.o(i.DrvTIMER_GetVersion), (8 bytes).
    Removing drvtimer.o(i.DrvTIMER_OpenCapture), (84 bytes).
    Removing drvtimer.o(i.DrvTIMER_OpenCounter), (392 bytes).
    Removing drvtimer.o(i.DrvTIMER_ResetIntTicks), (52 bytes).
    Removing drvtimer.o(i.DrvTIMER_SelectCaptureEdge), (60 bytes).
    Removing drvtimer.o(i.DrvTIMER_SelectCounterDetectPhase), (60 bytes).
    Removing drvtimer.o(i.DrvTIMER_SelectExternalMode), (60 bytes).
    Removing drvtimer.o(i.DrvTIMER_SetTimerEvent), (252 bytes).
    Removing drvtimer.o(i.DrvTIMER_StartCounter), (76 bytes).
    Removing drvtimer.o(i.DrvWDT_Close), (72 bytes).
    Removing drvtimer.o(i.DrvWDT_InstallISR), (24 bytes).
    Removing drvtimer.o(i.DrvWDT_Ioctl), (148 bytes).
    Removing drvtimer.o(i.DrvWDT_Open), (72 bytes).
    Removing drvtimer.o(i.Initial_Timer), (32 bytes).
    Removing drvtimer.o(i.Timer_Start), (10 bytes).
    Removing drvtimer.o(.data), (4 bytes).
    Removing drvuart.o(i.BaudRateCalculator), (144 bytes).
    Removing drvuart.o(i.DrvUART_ClearIntFlag), (108 bytes).
    Removing drvuart.o(i.DrvUART_Close), (120 bytes).
    Removing drvuart.o(i.DrvUART_DisableInt), (104 bytes).
    Removing drvuart.o(i.DrvUART_DisablePDMA), (44 bytes).
    Removing drvuart.o(i.DrvUART_EnableInt), (216 bytes).
    Removing drvuart.o(i.DrvUART_EnablePDMA), (44 bytes).
    Removing drvuart.o(i.DrvUART_GetCTSInfo), (28 bytes).
    Removing drvuart.o(i.DrvUART_GetIntStatus), (16 bytes).
    Removing drvuart.o(i.DrvUART_GetVersion), (8 bytes).
    Removing drvuart.o(i.DrvUART_Open), (444 bytes).
    Removing drvuart.o(i.DrvUART_Read), (56 bytes).
    Removing drvuart.o(i.DrvUART_SetFnIRDA), (72 bytes).
    Removing drvuart.o(i.DrvUART_SetFnLIN), (68 bytes).
    Removing drvuart.o(i.DrvUART_SetFnRS485), (148 bytes).
    Removing drvuart.o(i.DrvUART_SetRTS), (44 bytes).
    Removing drvuart.o(i.DrvUART_Write), (56 bytes).
    Removing drvuart.o(i.NVIC_DisableIRQ), (20 bytes).
    Removing retarget.o(i.GetChar), (20 bytes).
    Removing retarget.o(i.IsDebugFifoEmpty), (16 bytes).
    Removing retarget.o(i.SendChar), (8 bytes).
    Removing retarget.o(i.SendChar_ToUART), (32 bytes).
    Removing retarget.o(i._ttywrch), (8 bytes).
    Removing retarget.o(i.ferror), (6 bytes).
    Removing retarget.o(i.fgetc), (8 bytes).
    Removing retarget.o(i.fputc), (12 bytes).
    Removing retarget.o(i.kbhit), (16 bytes).
    Removing retarget.o(.data), (4 bytes).
    Removing retarget.o(.data), (4 bytes).
    Removing ascii_table.o(.data), (1520 bytes).
    Removing eeprom_24lc64.o(i.Read_24LC64), (236 bytes).
    Removing eeprom_24lc64.o(i.Write_24LC64), (216 bytes).
    Removing lcd_driver.o(i.Disable_Buzzer), (22 bytes).
    Removing lcd_driver.o(i.Show_Word), (84 bytes).
    Removing lcd_driver.o(i.SysTimerDelay), (28 bytes).
    Removing lcd_driver.o(i.print_lcd), (34 bytes).
    Removing nau7802.o(i.GetADCResult_NAU7802), (54 bytes).
    Removing nau7802.o(i.I2C0_Callback_NAU7802), (212 bytes).
    Removing nau7802.o(i.InitNAU7802), (136 bytes).
    Removing nau7802.o(i.rNAU7802), (40 bytes).
    Removing nau7802.o(i.rNAU7802_B), (52 bytes).
    Removing nau7802.o(i.wNAU7802), (40 bytes).
    Removing nau7802.o(i.wNAU7802_B), (48 bytes).
    Removing nau7802.o(.data), (8 bytes).
    Removing scankey.o(i.CloseKeyPad), (22 bytes).
    Removing scankey.o(i.OpenKeyPad), (24 bytes).
    Removing scankey.o(i.Scankey), (116 bytes).
    Removing scankey.o(i.delay), (14 bytes).
    Removing scankey.o(.constdata), (4 bytes).
    Removing seven_segment.o(i.close_seven_segment), (36 bytes).
    Removing seven_segment.o(i.show_seven_segment), (56 bytes).
    Removing seven_segment.o(.data), (10 bytes).
    Removing cfg.o(i.Ir_RealTimInt), (10 bytes).
    Removing cfg.o(i.MessageInit), (2 bytes).
    Removing cfg.o(.constdata), (32 bytes).
    Removing cfg.o(.data), (128 bytes).
    Removing cfg.o(.data), (512 bytes).
    Removing cfg.o(.data), (6 bytes).
    Removing cfg.o(.data), (1 bytes).
    Removing osekalarm.o(i.CancelAlarm), (68 bytes).
    Removing osekalarm.o(i.GetAlarm), (88 bytes).
    Removing osekalarm.o(i.GetAlarmBase), (36 bytes).
    Removing osekalarm.o(i.SetAbsAlarm), (100 bytes).
    Removing osekalarm.o(i.SetAlarm), (60 bytes).
    Removing osekalarm.o(i.SetRelAlarm), (116 bytes).
    Removing osekcounter.o(i.GetCounterInfo), (24 bytes).
    Removing osekcounter.o(i.GetCounterValue), (24 bytes).
    Removing osekcounter.o(i.InitCounter), (48 bytes).
    Removing osekdebug.o(i.GetRunningStackUsage), (6 bytes).
    Removing osekdebug.o(i.GetStackUsage), (6 bytes).
    Removing osekdebug.o(i.GetTimeStamp), (12 bytes).
    Removing osekexecution.o(i.ShutdownOS), (12 bytes).
    Removing osekinterrupt.o(i.DisableAllInterrupts), (8 bytes).
    Removing osekinterrupt.o(i.EnableAllInterrupts), (8 bytes).
    Removing osekinterrupt.o(i.ResumeAllInterrupts), (28 bytes).
    Removing osekinterrupt.o(i.ResumeOSInterrupts), (28 bytes).
    Removing osekinterrupt.o(i.SuspendAllInterrupts), (28 bytes).
    Removing osekinterrupt.o(i.SuspendOSInterrupts), (28 bytes).
    Removing osekmessage.o(i.CloseCOM), (4 bytes).
    Removing osekmessage.o(i.Msg_Init), (48 bytes).
    Removing osekmessage.o(i.ReceiveMessage), (128 bytes).
    Removing osekmessage.o(i.SendMessage), (160 bytes).
    Removing osekmessage.o(i.StartCOM), (12 bytes).
    Removing osekmessage.o(i.StopCOM), (36 bytes).
    Removing osekmessage.o(i.msg_LockMessage), (20 bytes).
    Removing osekmessage.o(i.msg_SignalMessage), (24 bytes).
    Removing osekmessage.o(.bss), (40 bytes).
    Removing osektarget.o(i.int_fit_restore), (2 bytes).
    Removing osektarget.o(i.int_mask_restore), (2 bytes).
    Removing osektarget.o(i.int_mask_save), (6 bytes).
    Removing osektarget.o(i.int_vector_save), (2 bytes).
    Removing osektarget.o(.data), (2 bytes).
    Removing osektask.o(i.ActivateTask), (76 bytes).
    Removing osektask.o(i.ChainTask), (168 bytes).
    Removing osektask.o(i.ClearPriorityMap), (56 bytes).
    Removing osektask.o(i.GetTaskID), (28 bytes).
    Removing osektask.o(i.GetTaskState), (52 bytes).
    Removing osektask.o(i.MoveTaskFromReadyTable), (24 bytes).
    Removing osektask.o(i.ReleaseReadyBlock), (16 bytes).
    Removing osektask.o(i.Schedule), (44 bytes).
    Removing osektask.o(i.TerminateTask), (76 bytes).
    Removing osektask.o(i.osekTask_ChangeRunningTaskPriority), (96 bytes).
    Removing osektask.o(i.osekTask_TerminateDispatch), (88 bytes).
    Removing osektask.o(i.osekTask_WaitTask), (44 bytes).
    Removing osektask.o(i.osekTask_WakeTask), (68 bytes).
    Removing main.o(i.ErrorHook), (2 bytes).
    Removing main.o(i.FuncTask4), (2 bytes).
    Removing main.o(i.PostTaskHook), (2 bytes).
    Removing main.o(i.ShutdownHook), (2 bytes).
    Removing main.o(i.read_timer_value), (14 bytes).

485 unused section(s) (total 30545 bytes) removed from the image.

==============================================================================

Image Symbol Table

    Local Symbols

    Symbol Name                              Value     Ov Type        Size  Object(Section)

    RESET                                    0x00000000   Section      192  startup_nuc1xx.o(RESET)
    ../clib/angel/boardlib.s                 0x00000000   Number         0  boardshut.o ABSOLUTE
    ../clib/angel/boardlib.s                 0x00000000   Number         0  boardinit3.o ABSOLUTE
    ../clib/angel/boardlib.s                 0x00000000   Number         0  boardinit1.o ABSOLUTE
    ../clib/angel/boardlib.s                 0x00000000   Number         0  boardinit2.o ABSOLUTE
    ../clib/angel/handlers.s                 0x00000000   Number         0  __scatter_zi.o ABSOLUTE
    ../clib/angel/handlers.s                 0x00000000   Number         0  __scatter_copy.o ABSOLUTE
    ../clib/angel/kernel.s                   0x00000000   Number         0  __rtentry4.o ABSOLUTE
    ../clib/angel/kernel.s                   0x00000000   Number         0  rtexit2.o ABSOLUTE
    ../clib/angel/kernel.s                   0x00000000   Number         0  __rtentry2.o ABSOLUTE
    ../clib/angel/kernel.s                   0x00000000   Number         0  rtexit.o ABSOLUTE
    ../clib/angel/kernel.s                   0x00000000   Number         0  __rtentry.o ABSOLUTE
    ../clib/angel/rt.s                       0x00000000   Number         0  rt_div0.o ABSOLUTE
    ../clib/angel/rt.s                       0x00000000   Number         0  rt_raise.o ABSOLUTE
    ../clib/angel/rt.s                       0x00000000   Number         0  aeabi_idiv0.o ABSOLUTE
    ../clib/angel/rt.s                       0x00000000   Number         0  aeabi_idiv0_sigfpe.o ABSOLUTE
    ../clib/angel/scatterp.s                 0x00000000   Number         0  __scatter.o ABSOLUTE
    ../clib/angel/startup.s                  0x00000000   Number         0  __main.o ABSOLUTE
    ../clib/angel/sys.s                      0x00000000   Number         0  use_no_semi.o ABSOLUTE
    ../clib/angel/sys.s                      0x00000000   Number         0  tempstk.o ABSOLUTE
    ../clib/angel/sys.s                      0x00000000   Number         0  libspace.o ABSOLUTE
    ../clib/angel/sys.s                      0x00000000   Number         0  sys_stackheap_outer.o ABSOLUTE
    ../clib/angel/sys.s                      0x00000000   Number         0  indicate_semi.o ABSOLUTE
    ../clib/angel/sysapp.c                   0x00000000   Number         0  sys_command.o ABSOLUTE
    ../clib/angel/sysapp.c                   0x00000000   Number         0  sys_exit.o ABSOLUTE
    ../clib/armsys.c                         0x00000000   Number         0  argv_veneer.o ABSOLUTE
    ../clib/armsys.c                         0x00000000   Number         0  _get_argv_nomalloc.o ABSOLUTE
    ../clib/armsys.c                         0x00000000   Number         0  no_argv.o ABSOLUTE
    ../clib/division.s                       0x00000000   Number         0  aeabi_sdiv_div0.o ABSOLUTE
    ../clib/division.s                       0x00000000   Number         0  aeabi_sdiv.o ABSOLUTE
    ../clib/heapalloc.c                      0x00000000   Number         0  hrguard.o ABSOLUTE
    ../clib/heapaux.c                        0x00000000   Number         0  heapauxi.o ABSOLUTE
    ../clib/libinit.s                        0x00000000   Number         0  libinit2.o ABSOLUTE
    ../clib/libinit.s                        0x00000000   Number         0  libshutdown2.o ABSOLUTE
    ../clib/libinit.s                        0x00000000   Number         0  libinit.o ABSOLUTE
    ../clib/libinit.s                        0x00000000   Number         0  libshutdown.o ABSOLUTE
    ../clib/memcpset.c                       0x00000000   Number         0  rt_memcpy.o ABSOLUTE
    ../clib/memcpset.c                       0x00000000   Number         0  rt_memcpy.o ABSOLUTE
    ../clib/misc.s                           0x00000000   Number         0  printf_stubs.o ABSOLUTE
    ../clib/signal.c                         0x00000000   Number         0  defsig_other.o ABSOLUTE
    ../clib/signal.c                         0x00000000   Number         0  defsig_general.o ABSOLUTE
    ../clib/signal.c                         0x00000000   Number         0  __raise.o ABSOLUTE
    ../clib/signal.c                         0x00000000   Number         0  defsig_fpe_inner.o ABSOLUTE
    ../clib/signal.c                         0x00000000   Number         0  defsig_exit.o ABSOLUTE
    ../clib/signal.c                         0x00000000   Number         0  defsig_segv_inner.o ABSOLUTE
    ../clib/signal.c                         0x00000000   Number         0  defsig_cppl_inner.o ABSOLUTE
    ../clib/signal.c                         0x00000000   Number         0  defsig_pvfn_inner.o ABSOLUTE
    ../clib/signal.c                         0x00000000   Number         0  defsig_stak_inner.o ABSOLUTE
    ../clib/signal.c                         0x00000000   Number         0  defsig_rtmem_formal.o ABSOLUTE
    ../clib/signal.c                         0x00000000   Number         0  defsig_rtmem_outer.o ABSOLUTE
    ../clib/signal.c                         0x00000000   Number         0  defsig_rtmem_inner.o ABSOLUTE
    ../clib/signal.c                         0x00000000   Number         0  defsig_rtred_inner.o ABSOLUTE
    ../clib/signal.c                         0x00000000   Number         0  defsig_abrt_inner.o ABSOLUTE
    ../clib/signal.c                         0x00000000   Number         0  defsig_fpe_formal.o ABSOLUTE
    ../clib/signal.c                         0x00000000   Number         0  defsig_fpe_outer.o ABSOLUTE
    ../clib/signal.s                         0x00000000   Number         0  defsig.o ABSOLUTE
    ../clib/stdlib.c                         0x00000000   Number         0  exit.o ABSOLUTE
    ../fplib/cfplib/fpinit.c                 0x00000000   Number         0  fpinit.o ABSOLUTE
    BSP\Init.c                               0x00000000   Number         0  init.o ABSOLUTE
    CMSIS\\core_cm0.c                        0x00000000   Number         0  core_cm0.o ABSOLUTE
    CMSIS\core_cm0.c                         0x00000000   Number         0  core_cm0.o ABSOLUTE
    CMSIS\startup_NUC1xx.s                   0x00000000   Number         0  startup_nuc1xx.o ABSOLUTE
    CMSIS\system_NUC1xx.c                    0x00000000   Number         0  system_nuc1xx.o ABSOLUTE
    Drivers\src\DrvADC.c                     0x00000000   Number         0  drvadc.o ABSOLUTE
    Drivers\src\DrvCAN.c                     0x00000000   Number         0  drvcan.o ABSOLUTE
    Drivers\src\DrvEBI.c                     0x00000000   Number         0  drvebi.o ABSOLUTE
    Drivers\src\DrvFMC.c                     0x00000000   Number         0  drvfmc.o ABSOLUTE
    Drivers\src\DrvGPIO.c                    0x00000000   Number         0  drvgpio.o ABSOLUTE
    Drivers\src\DrvI2C.c                     0x00000000   Number         0  drvi2c.o ABSOLUTE
    Drivers\src\DrvI2S.c                     0x00000000   Number         0  drvi2s.o ABSOLUTE
    Drivers\src\DrvPDMA.c                    0x00000000   Number         0  drvpdma.o ABSOLUTE
    Drivers\src\DrvPS2.c                     0x00000000   Number         0  drvps2.o ABSOLUTE
    Drivers\src\DrvPWM.c                     0x00000000   Number         0  drvpwm.o ABSOLUTE
    Drivers\src\DrvRTC.c                     0x00000000   Number         0  drvrtc.o ABSOLUTE
    Drivers\src\DrvSPI.c                     0x00000000   Number         0  drvspi.o ABSOLUTE
    Drivers\src\DrvSYS.c                     0x00000000   Number         0  drvsys.o ABSOLUTE
    Drivers\src\DrvTIMER.c                   0x00000000   Number         0  drvtimer.o ABSOLUTE
    Drivers\src\DrvUART.c                    0x00000000   Number         0  drvuart.o ABSOLUTE
    Drivers\src\retarget.c                   0x00000000   Number         0  retarget.o ABSOLUTE
    Main\main.c                              0x00000000   Number         0  main.o ABSOLUTE
    NUC1xx-LB_002\src\Ascii_Table.C          0x00000000   Number         0  ascii_table.o ABSOLUTE
    NUC1xx-LB_002\src\EEPROM_24LC64.c        0x00000000   Number         0  eeprom_24lc64.o ABSOLUTE
    NUC1xx-LB_002\src\LCD_Driver.c           0x00000000   Number         0  lcd_driver.o ABSOLUTE
    NUC1xx-LB_002\src\NAU7802.c              0x00000000   Number         0  nau7802.o ABSOLUTE
    NUC1xx-LB_002\src\ScanKey.c              0x00000000   Number         0  scankey.o ABSOLUTE
    NUC1xx-LB_002\src\Seven_Segment.c        0x00000000   Number         0  seven_segment.o ABSOLUTE
    OSEKos\\osekTarget.c                     0x00000000   Number         0  osektarget.o ABSOLUTE
    OSEKos\cfg.c                             0x00000000   Number         0  cfg.o ABSOLUTE
    OSEKos\osekAlarm.c                       0x00000000   Number         0  osekalarm.o ABSOLUTE
    OSEKos\osekCounter.c                     0x00000000   Number         0  osekcounter.o ABSOLUTE
    OSEKos\osekDebug.c                       0x00000000   Number         0  osekdebug.o ABSOLUTE
    OSEKos\osekEvent.c                       0x00000000   Number         0  osekevent.o ABSOLUTE
    OSEKos\osekExecution.c                   0x00000000   Number         0  osekexecution.o ABSOLUTE
    OSEKos\osekHook.c                        0x00000000   Number         0  osekhook.o ABSOLUTE
    OSEKos\osekInterrupt.c                   0x00000000   Number         0  osekinterrupt.o ABSOLUTE
    OSEKos\osekMessage.c                     0x00000000   Number         0  osekmessage.o ABSOLUTE
    OSEKos\osekResource.c                    0x00000000   Number         0  osekresource.o ABSOLUTE
    OSEKos\osekTarget.c                      0x00000000   Number         0  osektarget.o ABSOLUTE
    OSEKos\osekTask.c                        0x00000000   Number         0  osektask.o ABSOLUTE
    !!!main                                  0x000000c0   Section        8  __main.o(!!!main)
    !!!scatter                               0x000000c8   Section       60  __scatter.o(!!!scatter)
    !!handler_copy                           0x00000104   Section       26  __scatter_copy.o(!!handler_copy)
    !!handler_zi                             0x00000120   Section       28  __scatter_zi.o(!!handler_zi)
    .ARM.Collect$$libinit$$00000000          0x0000013c   Section        2  libinit.o(.ARM.Collect$$libinit$$00000000)
    .ARM.Collect$$libinit$$00000002          0x0000013e   Section        0  libinit2.o(.ARM.Collect$$libinit$$00000002)
    .ARM.Collect$$libinit$$00000004          0x0000013e   Section        0  libinit2.o(.ARM.Collect$$libinit$$00000004)
    .ARM.Collect$$libinit$$0000000A          0x0000013e   Section        0  libinit2.o(.ARM.Collect$$libinit$$0000000A)
    .ARM.Collect$$libinit$$0000000C          0x0000013e   Section        0  libinit2.o(.ARM.Collect$$libinit$$0000000C)
    .ARM.Collect$$libinit$$0000000E          0x0000013e   Section        0  libinit2.o(.ARM.Collect$$libinit$$0000000E)
    .ARM.Collect$$libinit$$00000011          0x0000013e   Section        0  libinit2.o(.ARM.Collect$$libinit$$00000011)
    .ARM.Collect$$libinit$$00000013          0x0000013e   Section        0  libinit2.o(.ARM.Collect$$libinit$$00000013)
    .ARM.Collect$$libinit$$00000015          0x0000013e   Section        0  libinit2.o(.ARM.Collect$$libinit$$00000015)
    .ARM.Collect$$libinit$$00000017          0x0000013e   Section        0  libinit2.o(.ARM.Collect$$libinit$$00000017)
    .ARM.Collect$$libinit$$00000019          0x0000013e   Section        0  libinit2.o(.ARM.Collect$$libinit$$00000019)
    .ARM.Collect$$libinit$$0000001B          0x0000013e   Section        0  libinit2.o(.ARM.Collect$$libinit$$0000001B)
    .ARM.Collect$$libinit$$0000001D          0x0000013e   Section        0  libinit2.o(.ARM.Collect$$libinit$$0000001D)
    .ARM.Collect$$libinit$$0000001F          0x0000013e   Section        0  libinit2.o(.ARM.Collect$$libinit$$0000001F)
    .ARM.Collect$$libinit$$00000021          0x0000013e   Section        0  libinit2.o(.ARM.Collect$$libinit$$00000021)
    .ARM.Collect$$libinit$$00000023          0x0000013e   Section        0  libinit2.o(.ARM.Collect$$libinit$$00000023)
    .ARM.Collect$$libinit$$00000025          0x0000013e   Section        0  libinit2.o(.ARM.Collect$$libinit$$00000025)
    .ARM.Collect$$libinit$$0000002C          0x0000013e   Section        0  libinit2.o(.ARM.Collect$$libinit$$0000002C)
    .ARM.Collect$$libinit$$0000002E          0x0000013e   Section        0  libinit2.o(.ARM.Collect$$libinit$$0000002E)
    .ARM.Collect$$libinit$$00000030          0x0000013e   Section        0  libinit2.o(.ARM.Collect$$libinit$$00000030)
    .ARM.Collect$$libinit$$00000032          0x0000013e   Section        0  libinit2.o(.ARM.Collect$$libinit$$00000032)
    .ARM.Collect$$libinit$$00000033          0x0000013e   Section        2  libinit2.o(.ARM.Collect$$libinit$$00000033)
    .ARM.Collect$$libshutdown$$00000000      0x00000140   Section        2  libshutdown.o(.ARM.Collect$$libshutdown$$00000000)
    .ARM.Collect$$libshutdown$$00000002      0x00000142   Section        0  libshutdown2.o(.ARM.Collect$$libshutdown$$00000002)
    .ARM.Collect$$libshutdown$$00000004      0x00000142   Section        0  libshutdown2.o(.ARM.Collect$$libshutdown$$00000004)
    .ARM.Collect$$libshutdown$$00000007      0x00000142   Section        0  libshutdown2.o(.ARM.Collect$$libshutdown$$00000007)
    .ARM.Collect$$libshutdown$$0000000A      0x00000142   Section        0  libshutdown2.o(.ARM.Collect$$libshutdown$$0000000A)
    .ARM.Collect$$libshutdown$$0000000C      0x00000142   Section        0  libshutdown2.o(.ARM.Collect$$libshutdown$$0000000C)
    .ARM.Collect$$libshutdown$$0000000F      0x00000142   Section        0  libshutdown2.o(.ARM.Collect$$libshutdown$$0000000F)
    .ARM.Collect$$libshutdown$$00000010      0x00000142   Section        2  libshutdown2.o(.ARM.Collect$$libshutdown$$00000010)
    .ARM.Collect$$rtentry$$00000000          0x00000144   Section        0  __rtentry.o(.ARM.Collect$$rtentry$$00000000)
    .ARM.Collect$$rtentry$$00000002          0x00000144   Section        0  __rtentry2.o(.ARM.Collect$$rtentry$$00000002)
    .ARM.Collect$$rtentry$$00000004          0x00000144   Section        6  __rtentry4.o(.ARM.Collect$$rtentry$$00000004)
    .ARM.Collect$$rtentry$$00000009          0x0000014a   Section        0  __rtentry2.o(.ARM.Collect$$rtentry$$00000009)
    .ARM.Collect$$rtentry$$0000000A          0x0000014a   Section        4  __rtentry2.o(.ARM.Collect$$rtentry$$0000000A)
    .ARM.Collect$$rtentry$$0000000C          0x0000014e   Section        0  __rtentry2.o(.ARM.Collect$$rtentry$$0000000C)
    .ARM.Collect$$rtentry$$0000000D          0x0000014e   Section        8  __rtentry2.o(.ARM.Collect$$rtentry$$0000000D)
    .ARM.Collect$$rtexit$$00000000           0x00000156   Section        2  rtexit.o(.ARM.Collect$$rtexit$$00000000)
    .ARM.Collect$$rtexit$$00000002           0x00000158   Section        0  rtexit2.o(.ARM.Collect$$rtexit$$00000002)
    .ARM.Collect$$rtexit$$00000003           0x00000158   Section        4  rtexit2.o(.ARM.Collect$$rtexit$$00000003)
    .ARM.Collect$$rtexit$$00000004           0x0000015c   Section        6  rtexit2.o(.ARM.Collect$$rtexit$$00000004)
    .emb_text                                0x00000164   Section      388  osektarget.o(.emb_text)
    .text                                    0x000002e8   Section      100  startup_nuc1xx.o(.text)
    Default_Handler                          0x00000313   Thumb Code     2  startup_nuc1xx.o(.text)
    .text                                    0x0000034c   Section      346  aeabi_sdiv.o(.text)
    .text                                    0x000004a6   Section        0  heapauxi.o(.text)
    .text                                    0x000004ac   Section       62  sys_stackheap_outer.o(.text)
    .text                                    0x000004ea   Section        0  exit.o(.text)
    .text                                    0x000004fc   Section        8  libspace.o(.text)
    .text                                    0x00000504   Section        0  sys_exit.o(.text)
    .text                                    0x00000510   Section        2  use_no_semi.o(.text)
    .text                                    0x00000512   Section        0  indicate_semi.o(.text)
    i.ADC_IRQHandler                         0x00000514   Section        0  drvadc.o(i.ADC_IRQHandler)
    i.AddTask2ReadyTableAtTail               0x00000578   Section        0  osektask.o(i.AddTask2ReadyTableAtTail)
    AddTask2ReadyTableAtTail                 0x00000579   Thumb Code    36  osektask.o(i.AddTask2ReadyTableAtTail)
    i.AddaReadyBlock                         0x000005a0   Section        0  osektask.o(i.AddaReadyBlock)
    AddaReadyBlock                           0x000005a1   Thumb Code    78  osektask.o(i.AddaReadyBlock)
    i.BOD_IRQHandler                         0x000005f4   Section        0  drvsys.o(i.BOD_IRQHandler)
    i.CAN0_IRQHandler                        0x00000610   Section        0  drvcan.o(i.CAN0_IRQHandler)
    i.CalTimerInitValue                      0x000006ac   Section        0  drvtimer.o(i.CalTimerInitValue)
    CalTimerInitValue                        0x000006ad   Thumb Code    58  drvtimer.o(i.CalTimerInitValue)
    i.CounterTrigger                         0x000006ec   Section        0  osekcounter.o(i.CounterTrigger)
    i.DrvCAN_ClrIntPnd                       0x0000072c   Section        0  drvcan.o(i.DrvCAN_ClrIntPnd)
    i.DrvGPIO_InitFunction                   0x0000075c   Section        0  drvgpio.o(i.DrvGPIO_InitFunction)
    i.DrvSYS_GetExtClockFreq                 0x00000b08   Section        0  drvsys.o(i.DrvSYS_GetExtClockFreq)
    i.DrvSYS_GetHCLKFreq                     0x00000b10   Section        0  drvsys.o(i.DrvSYS_GetHCLKFreq)
    i.DrvSYS_GetPLLClockFreq                 0x00000b6c   Section        0  drvsys.o(i.DrvSYS_GetPLLClockFreq)
    i.DrvTIMER_EnableInt                     0x00000bc8   Section        0  drvtimer.o(i.DrvTIMER_EnableInt)
    i.DrvTIMER_Init                          0x00000c20   Section        0  drvtimer.o(i.DrvTIMER_Init)
    i.DrvTIMER_Open                          0x00000c34   Section        0  drvtimer.o(i.DrvTIMER_Open)
    i.DrvTIMER_Start                         0x00000e20   Section        0  drvtimer.o(i.DrvTIMER_Start)
    i.EINT0_IRQHandler                       0x00000e58   Section        0  drvgpio.o(i.EINT0_IRQHandler)
    i.EINT1_IRQHandler                       0x00000e74   Section        0  drvgpio.o(i.EINT1_IRQHandler)
    i.FuncTask1                              0x00000e90   Section        0  main.o(i.FuncTask1)
    i.FuncTask2                              0x00000e92   Section        0  main.o(i.FuncTask2)
    i.FuncTask3                              0x00000e94   Section        0  main.o(i.FuncTask3)
    i.FuncTaskError                          0x00000e96   Section        0  main.o(i.FuncTaskError)
    i.GPAB_IRQHandler                        0x00000e98   Section        0  drvgpio.o(i.GPAB_IRQHandler)
    i.GPCDE_IRQHandler                       0x00000ed4   Section        0  drvgpio.o(i.GPCDE_IRQHandler)
    i.GetFreeIF                              0x00000f18   Section        0  drvcan.o(i.GetFreeIF)
    GetFreeIF                                0x00000f19   Thumb Code    30  drvcan.o(i.GetFreeIF)
    i.GetTimerClock                          0x00000f3c   Section        0  drvtimer.o(i.GetTimerClock)
    GetTimerClock                            0x00000f3d   Thumb Code    98  drvtimer.o(i.GetTimerClock)
    i.I2C0_IRQHandler                        0x00000fac   Section        0  drvi2c.o(i.I2C0_IRQHandler)
    i.I2C1_IRQHandler                        0x00000fec   Section        0  drvi2c.o(i.I2C1_IRQHandler)
    i.I2S_IRQHandler                         0x0000102c   Section        0  drvi2s.o(i.I2S_IRQHandler)
    i.InitCOM                                0x000010f0   Section        0  osekmessage.o(i.InitCOM)
    i.Initial_pannel                         0x000010f4   Section        0  lcd_driver.o(i.Initial_pannel)
    i.NVIC_SetPriority                       0x00001214   Section        0  drvtimer.o(i.NVIC_SetPriority)
    NVIC_SetPriority                         0x00001215   Thumb Code    60  drvtimer.o(i.NVIC_SetPriority)
    i.OSEK_CPU_INIT                          0x00001258   Section        0  init.o(i.OSEK_CPU_INIT)
    i.OSEK_TIMER_START                       0x00001280   Section        0  init.o(i.OSEK_TIMER_START)
    i.PDMA_IRQHandler                        0x0000128c   Section        0  drvpdma.o(i.PDMA_IRQHandler)
    i.PS2_IRQHandler                         0x000012fc   Section        0  drvps2.o(i.PS2_IRQHandler)
    i.PWMA_IRQHandler                        0x00001318   Section        0  drvpwm.o(i.PWMA_IRQHandler)
    i.PWMB_IRQHandler                        0x00001408   Section        0  drvpwm.o(i.PWMB_IRQHandler)
    i.PWRWU_IRQHandler                       0x000014f8   Section        0  drvsys.o(i.PWRWU_IRQHandler)
    i.RTC_IRQHandler                         0x00001518   Section        0  drvrtc.o(i.RTC_IRQHandler)
    i.SPI0_IRQHandler                        0x00001554   Section        0  drvspi.o(i.SPI0_IRQHandler)
    i.SPI1_IRQHandler                        0x00001598   Section        0  drvspi.o(i.SPI1_IRQHandler)
    i.SPI2_IRQHandler                        0x000015dc   Section        0  drvspi.o(i.SPI2_IRQHandler)
    i.SPI3_IRQHandler                        0x00001620   Section        0  drvspi.o(i.SPI3_IRQHandler)
    i.SetPACA                                0x00001664   Section        0  lcd_driver.o(i.SetPACA)
    i.StartOS                                0x000016f0   Section        0  osekexecution.o(i.StartOS)
    i.StartupHook                            0x0000172c   Section        0  main.o(i.StartupHook)
    i.SystemInit                             0x0000172e   Section        0  system_nuc1xx.o(i.SystemInit)
    i.TMR0_IRQHandler                        0x00001730   Section        0  drvtimer.o(i.TMR0_IRQHandler)
    i.TMR1_IRQHandler                        0x0000173c   Section        0  drvtimer.o(i.TMR1_IRQHandler)
    i.TMR2_IRQHandler                        0x000017a0   Section        0  drvtimer.o(i.TMR2_IRQHandler)
    i.TMR3_IRQHandler                        0x00001804   Section        0  drvtimer.o(i.TMR3_IRQHandler)
    i.UART02_IRQHandler                      0x00001868   Section        0  drvuart.o(i.UART02_IRQHandler)
    i.UART1_IRQHandler                       0x00001894   Section        0  drvuart.o(i.UART1_IRQHandler)
    i.WDT_IRQHandler                         0x000018ac   Section        0  drvtimer.o(i.WDT_IRQHandler)
    i.WriteData                              0x000018dc   Section        0  lcd_driver.o(i.WriteData)
    i.__ARM_common_switch8                   0x00001910   Section        0  drvcan.o(i.__ARM_common_switch8)
    i.clr_all_pannal                         0x0000192a   Section        0  lcd_driver.o(i.clr_all_pannal)
    i.main                                   0x0000194e   Section        0  main.o(i.main)
    i.osekAlarm_Check1                       0x00001964   Section        0  osekalarm.o(i.osekAlarm_Check1)
    i.osekAlarm_Check2                       0x00001998   Section        0  osekalarm.o(i.osekAlarm_Check2)
    i.osekAlarm_Initialize                   0x000019f0   Section        0  osekalarm.o(i.osekAlarm_Initialize)
    i.osekCounter_Initialize                 0x00001a1c   Section        0  osekcounter.o(i.osekCounter_Initialize)
    i.osekInterrupt_Initialize               0x00001a48   Section        0  osekinterrupt.o(i.osekInterrupt_Initialize)
    i.osekTask_ActiveTask                    0x00001a58   Section        0  osektask.o(i.osekTask_ActiveTask)
    i.osekTask_Dispatch                      0x00001aa8   Section        0  osektask.o(i.osekTask_Dispatch)
    i.osekTask_Initialize                    0x00001b30   Section        0  osektask.o(i.osekTask_Initialize)
    .constdata                               0x00001bac   Section       16  drvsys.o(.constdata)
    .constdata                               0x00001bbc   Section       16  drvtimer.o(.constdata)
    .constdata                               0x00001bcc   Section       60  cfg.o(.constdata)
    .data                                    0x20000000   Section       12  drvadc.o(.data)
    g_ptADCCallBack                          0x20000000   Data           4  drvadc.o(.data)
    g_ptADCMP0CallBack                       0x20000004   Data           4  drvadc.o(.data)
    g_ptADCMP1CallBack                       0x20000008   Data           4  drvadc.o(.data)
    .data                                    0x2000000c   Section       16  drvgpio.o(.data)
    _pfGPABCallback                          0x2000000c   Data           4  drvgpio.o(.data)
    _pfGPCDECallback                         0x20000010   Data           4  drvgpio.o(.data)
    _pfEINT0Callback                         0x20000014   Data           4  drvgpio.o(.data)
    _pfEINT1Callback                         0x20000018   Data           4  drvgpio.o(.data)
    .data                                    0x2000001c   Section        4  drvps2.o(.data)
    g_pfnPS2callback                         0x2000001c   Data           4  drvps2.o(.data)
    .data                                    0x20000020   Section        4  drvpwm.o(.data)
    s_i32Option                              0x20000020   Data           4  drvpwm.o(.data)
    .data                                    0x20000024   Section       72  drvrtc.o(.data)
    g_chHourMode                             0x20000024   Data           1  drvrtc.o(.data)
    g_bIsEnableAlarmInt                      0x20000025   Data           1  drvrtc.o(.data)
    g_pfnRTCCallBack_Tick                    0x20000028   Data           4  drvrtc.o(.data)
    g_pfnRTCCallBack_Alarm                   0x2000002c   Data           4  drvrtc.o(.data)
    g_u32RTC_Count                           0x20000030   Data           4  drvrtc.o(.data)
    g_bIsEnableTickInt                       0x20000034   Data           4  drvrtc.o(.data)
    g_u32Reg                                 0x20000038   Data           4  drvrtc.o(.data)
    g_u32hiYear                              0x2000003c   Data           4  drvrtc.o(.data)
    g_u32loYear                              0x20000040   Data           4  drvrtc.o(.data)
    g_u32hiMonth                             0x20000044   Data           4  drvrtc.o(.data)
    g_u32loMonth                             0x20000048   Data           4  drvrtc.o(.data)
    g_u32hiDay                               0x2000004c   Data           4  drvrtc.o(.data)
    g_u32loDay                               0x20000050   Data           4  drvrtc.o(.data)
    g_u32hiHour                              0x20000054   Data           4  drvrtc.o(.data)
    g_u32loHour                              0x20000058   Data           4  drvrtc.o(.data)
    g_u32hiMin                               0x2000005c   Data           4  drvrtc.o(.data)
    g_u32loMin                               0x20000060   Data           4  drvrtc.o(.data)
    g_u32hiSec                               0x20000064   Data           4  drvrtc.o(.data)
    g_u32loSec                               0x20000068   Data           4  drvrtc.o(.data)
    .data                                    0x2000006c   Section        8  drvsys.o(.data)
    BOD_callbackFn                           0x2000006c   Data           4  drvsys.o(.data)
    PWRWU_callbackFn                         0x20000070   Data           4  drvsys.o(.data)
    .data                                    0x20000074   Section      100  drvtimer.o(.data)
    uTimer0Tick                              0x200000a4   Data           4  drvtimer.o(.data)
    uTimer1Tick                              0x200000a8   Data           4  drvtimer.o(.data)
    uTimer2Tick                              0x200000ac   Data           4  drvtimer.o(.data)
    uTimer3Tick                              0x200000b0   Data           4  drvtimer.o(.data)
    uTime0EventCount                         0x200000b4   Data           4  drvtimer.o(.data)
    uTime1EventCount                         0x200000b8   Data           4  drvtimer.o(.data)
    uTime2EventCount                         0x200000bc   Data           4  drvtimer.o(.data)
    uTime3EventCount                         0x200000c0   Data           4  drvtimer.o(.data)
    _sys_uTimer0TickPerSecond                0x200000c4   Data           4  drvtimer.o(.data)
    _sys_uTimer1TickPerSecond                0x200000c8   Data           4  drvtimer.o(.data)
    _sys_uTimer2TickPerSecond                0x200000cc   Data           4  drvtimer.o(.data)
    _sys_uTimer3TickPerSecond                0x200000d0   Data           4  drvtimer.o(.data)
    fnCallBack_WDT                           0x200000d4   Data           4  drvtimer.o(.data)
    .data                                    0x200000d8   Section       12  drvuart.o(.data)
    g_pfnUART0callback                       0x200000d8   Data           4  drvuart.o(.data)
    g_pfnUART1callback                       0x200000dc   Data           4  drvuart.o(.data)
    g_pfnUART2callback                       0x200000e0   Data           4  drvuart.o(.data)
    .data                                    0x200000e4   Section       16  lcd_driver.o(.data)
    .data                                    0x200000f4   Section       12  cfg.o(.data)
    .data                                    0x20000100   Section        8  cfg.o(.data)
    .data                                    0x20000108   Section        1  osekexecution.o(.data)
    .data                                    0x2000010c   Section        4  osekinterrupt.o(.data)
    .data                                    0x20000110   Section       12  osekinterrupt.o(.data)
    osekInterrupt_NestedAllInt               0x20000114   Data           4  osekinterrupt.o(.data)
    osekInterrupt_NestedOsInt                0x20000118   Data           4  osekinterrupt.o(.data)
    .data                                    0x2000011c   Section        2  osektarget.o(.data)
    .data                                    0x2000011e   Section        2  osektarget.o(.data)
    .data                                    0x20000120   Section        2  osektarget.o(.data)
    .data                                    0x20000122   Section        2  osektarget.o(.data)
    .data                                    0x20000124   Section        2  osektarget.o(.data)
    .data                                    0x20000126   Section        2  osektarget.o(.data)
    .data                                    0x20000128   Section        2  osektarget.o(.data)
    .data                                    0x2000012a   Section        2  osektarget.o(.data)
    .data                                    0x2000012c   Section        2  osektarget.o(.data)
    .data                                    0x20000130   Section      280  osektask.o(.data)
    .bss                                     0x20000248   Section       12  drvadc.o(.bss)
    g_pu32UserData                           0x20000248   Data          12  drvadc.o(.bss)
    .bss                                     0x20000254   Section       24  drvcan.o(.bss)
    CANHandler                               0x20000254   Data          24  drvcan.o(.bss)
    .bss                                     0x2000026c   Section       32  drvi2c.o(.bss)
    I2CHandler0                              0x2000026c   Data          16  drvi2c.o(.bss)
    I2CHandler1                              0x2000027c   Data          16  drvi2c.o(.bss)
    .bss                                     0x2000028c   Section       32  drvi2s.o(.bss)
    I2SHandler                               0x2000028c   Data          32  drvi2s.o(.bss)
    .bss                                     0x200002ac   Section      108  drvpdma.o(.bss)
    g_pfnPDMACallback                        0x200002ac   Data         108  drvpdma.o(.bss)
    .bss                                     0x20000318   Section       64  drvpwm.o(.bss)
    g_sDrvPWMAHandler                        0x20000318   Data          32  drvpwm.o(.bss)
    g_sDrvPWMBHandler                        0x20000338   Data          32  drvpwm.o(.bss)
    .bss                                     0x20000358   Section       80  drvspi.o(.bss)
    g_sSpiHandler                            0x20000358   Data          80  drvspi.o(.bss)
    .bss                                     0x200003a8   Section       80  drvtimer.o(.bss)
    tTime0Event                              0x200003a8   Data          20  drvtimer.o(.bss)
    tTime1Event                              0x200003bc   Data          20  drvtimer.o(.bss)
    tTime2Event                              0x200003d0   Data          20  drvtimer.o(.bss)
    tTime3Event                              0x200003e4   Data          20  drvtimer.o(.bss)
    .bss                                     0x200003f8   Section       28  osekalarm.o(.bss)
    .bss                                     0x20000414   Section       20  osekcounter.o(.bss)
    .bss                                     0x20000428   Section     1024  osekinterrupt.o(.bss)
    isr2Stack                                0x20000428   Data        1024  osekinterrupt.o(.bss)
    .bss                                     0x20000828   Section      528  osektask.o(.bss)
    osekTask_ContextTable                    0x2000098c   Data         130  osektask.o(.bss)
    .bss                                     0x20000a38   Section       96  libspace.o(.bss)
    HEAP                                     0x20000a98   Section        0  startup_nuc1xx.o(HEAP)
    STACK                                    0x20000a98   Section     1024  startup_nuc1xx.o(STACK)
    Heap_Mem                                 0x20000a98   Data           0  startup_nuc1xx.o(HEAP)
    Stack_Mem                                0x20000a98   Data        1024  startup_nuc1xx.o(STACK)
    __initial_sp                             0x20000e98   Data           0  startup_nuc1xx.o(STACK)

    Global Symbols

    Symbol Name                              Value     Ov Type        Size  Object(Section)

    BuildAttributes$$THM_ISAv3M$S$PE$A:L22$X:L11$S22$IEEE1$IW$USESV6$~STKCKD$USESV7$~SHL$OSPACE$ROPI$EBA8$UX$STANDARDLIB$REQ8$EABIv2 0x00000000   Number         0  anon$$obj.o ABSOLUTE
    __ARM_use_no_argv                        0x00000000   Number         0  main.o ABSOLUTE
    __Vectors                                0x00000000   Data           4  startup_nuc1xx.o(RESET)
    _printf_flags                            0x00000000   Number         0  printf_stubs.o ABSOLUTE
    _printf_return_value                     0x00000000   Number         0  printf_stubs.o ABSOLUTE
    _printf_sizespec                         0x00000000   Number         0  printf_stubs.o ABSOLUTE
    _printf_widthprec                        0x00000000   Number         0  printf_stubs.o ABSOLUTE
    __ARM_exceptions_init                     - Undefined Weak Reference
    __alloca_initialize                       - Undefined Weak Reference
    __arm_preinit_                            - Undefined Weak Reference
    __cpp_initialize__aeabi_                  - Undefined Weak Reference
    __cxa_finalize                            - Undefined Weak Reference
    __rt_locale                               - Undefined Weak Reference
    __sigvec_lookup                           - Undefined Weak Reference
    _atexit_init                              - Undefined Weak Reference
    _call_atexit_fns                          - Undefined Weak Reference
    _clock_init                               - Undefined Weak Reference
    _fp_trap_init                             - Undefined Weak Reference
    _fp_trap_shutdown                         - Undefined Weak Reference
    _get_lc_collate                           - Undefined Weak Reference
    _get_lc_ctype                             - Undefined Weak Reference
    _get_lc_monetary                          - Undefined Weak Reference
    _get_lc_numeric                           - Undefined Weak Reference
    _get_lc_time                              - Undefined Weak Reference
    _getenv_init                              - Undefined Weak Reference
    _handle_redirection                       - Undefined Weak Reference
    _init_alloc                               - Undefined Weak Reference
    _init_user_alloc                          - Undefined Weak Reference
    _initio                                   - Undefined Weak Reference
    _rand_init                                - Undefined Weak Reference
    _signal_finish                            - Undefined Weak Reference
    _signal_init                              - Undefined Weak Reference
    _terminate_alloc                          - Undefined Weak Reference
    _terminate_user_alloc                     - Undefined Weak Reference
    _terminateio                              - Undefined Weak Reference
    __main                                   0x000000c1   Thumb Code     8  __main.o(!!!main)
    __scatterload                            0x000000c9   Thumb Code     0  __scatter.o(!!!scatter)
    __scatterload_rt2                        0x000000c9   Thumb Code    52  __scatter.o(!!!scatter)
    __scatterload_rt2_thumb_only             0x000000c9   Thumb Code     0  __scatter.o(!!!scatter)
    __scatterload_null                       0x000000d9   Thumb Code     0  __scatter.o(!!!scatter)
    __scatterload_copy                       0x00000105   Thumb Code    26  __scatter_copy.o(!!handler_copy)
    __scatterload_zeroinit                   0x00000121   Thumb Code    28  __scatter_zi.o(!!handler_zi)
    __rt_lib_init                            0x0000013d   Thumb Code     0  libinit.o(.ARM.Collect$$libinit$$00000000)
    __rt_lib_init_alloca_1                   0x0000013f   Thumb Code     0  libinit2.o(.ARM.Collect$$libinit$$0000002E)
    __rt_lib_init_argv_1                     0x0000013f   Thumb Code     0  libinit2.o(.ARM.Collect$$libinit$$0000002C)
    __rt_lib_init_atexit_1                   0x0000013f   Thumb Code     0  libinit2.o(.ARM.Collect$$libinit$$0000001B)
    __rt_lib_init_clock_1                    0x0000013f   Thumb Code     0  libinit2.o(.ARM.Collect$$libinit$$00000021)
    __rt_lib_init_cpp_1                      0x0000013f   Thumb Code     0  libinit2.o(.ARM.Collect$$libinit$$00000032)
    __rt_lib_init_exceptions_1               0x0000013f   Thumb Code     0  libinit2.o(.ARM.Collect$$libinit$$00000030)
    __rt_lib_init_fp_1                       0x0000013f   Thumb Code     0  libinit2.o(.ARM.Collect$$libinit$$00000002)
    __rt_lib_init_fp_trap_1                  0x0000013f   Thumb Code     0  libinit2.o(.ARM.Collect$$libinit$$0000001F)
    __rt_lib_init_getenv_1                   0x0000013f   Thumb Code     0  libinit2.o(.ARM.Collect$$libinit$$00000023)
    __rt_lib_init_heap_1                     0x0000013f   Thumb Code     0  libinit2.o(.ARM.Collect$$libinit$$0000000A)
    __rt_lib_init_lc_collate_1               0x0000013f   Thumb Code     0  libinit2.o(.ARM.Collect$$libinit$$00000011)
    __rt_lib_init_lc_ctype_1                 0x0000013f   Thumb Code     0  libinit2.o(.ARM.Collect$$libinit$$00000013)
    __rt_lib_init_lc_monetary_1              0x0000013f   Thumb Code     0  libinit2.o(.ARM.Collect$$libinit$$00000015)
    __rt_lib_init_lc_numeric_1               0x0000013f   Thumb Code     0  libinit2.o(.ARM.Collect$$libinit$$00000017)
    __rt_lib_init_lc_time_1                  0x0000013f   Thumb Code     0  libinit2.o(.ARM.Collect$$libinit$$00000019)
    __rt_lib_init_preinit_1                  0x0000013f   Thumb Code     0  libinit2.o(.ARM.Collect$$libinit$$00000004)
    __rt_lib_init_rand_1                     0x0000013f   Thumb Code     0  libinit2.o(.ARM.Collect$$libinit$$0000000E)
    __rt_lib_init_return                     0x0000013f   Thumb Code     0  libinit2.o(.ARM.Collect$$libinit$$00000033)
    __rt_lib_init_signal_1                   0x0000013f   Thumb Code     0  libinit2.o(.ARM.Collect$$libinit$$0000001D)
    __rt_lib_init_stdio_1                    0x0000013f   Thumb Code     0  libinit2.o(.ARM.Collect$$libinit$$00000025)
    __rt_lib_init_user_alloc_1               0x0000013f   Thumb Code     0  libinit2.o(.ARM.Collect$$libinit$$0000000C)
    __rt_lib_shutdown                        0x00000141   Thumb Code     0  libshutdown.o(.ARM.Collect$$libshutdown$$00000000)
    __rt_lib_shutdown_cpp_1                  0x00000143   Thumb Code     0  libshutdown2.o(.ARM.Collect$$libshutdown$$00000002)
    __rt_lib_shutdown_fp_trap_1              0x00000143   Thumb Code     0  libshutdown2.o(.ARM.Collect$$libshutdown$$00000007)
    __rt_lib_shutdown_heap_1                 0x00000143   Thumb Code     0  libshutdown2.o(.ARM.Collect$$libshutdown$$0000000F)
    __rt_lib_shutdown_return                 0x00000143   Thumb Code     0  libshutdown2.o(.ARM.Collect$$libshutdown$$00000010)
    __rt_lib_shutdown_signal_1               0x00000143   Thumb Code     0  libshutdown2.o(.ARM.Collect$$libshutdown$$0000000A)
    __rt_lib_shutdown_stdio_1                0x00000143   Thumb Code     0  libshutdown2.o(.ARM.Collect$$libshutdown$$00000004)
    __rt_lib_shutdown_user_alloc_1           0x00000143   Thumb Code     0  libshutdown2.o(.ARM.Collect$$libshutdown$$0000000C)
    __rt_entry                               0x00000145   Thumb Code     0  __rtentry.o(.ARM.Collect$$rtentry$$00000000)
    __rt_entry_presh_1                       0x00000145   Thumb Code     0  __rtentry2.o(.ARM.Collect$$rtentry$$00000002)
    __rt_entry_sh                            0x00000145   Thumb Code     0  __rtentry4.o(.ARM.Collect$$rtentry$$00000004)
    __rt_entry_li                            0x0000014b   Thumb Code     0  __rtentry2.o(.ARM.Collect$$rtentry$$0000000A)
    __rt_entry_postsh_1                      0x0000014b   Thumb Code     0  __rtentry2.o(.ARM.Collect$$rtentry$$00000009)
    __rt_entry_main                          0x0000014f   Thumb Code     0  __rtentry2.o(.ARM.Collect$$rtentry$$0000000D)
    __rt_entry_postli_1                      0x0000014f   Thumb Code     0  __rtentry2.o(.ARM.Collect$$rtentry$$0000000C)
    __rt_exit                                0x00000157   Thumb Code     0  rtexit.o(.ARM.Collect$$rtexit$$00000000)
    __rt_exit_ls                             0x00000159   Thumb Code     0  rtexit2.o(.ARM.Collect$$rtexit$$00000003)
    __rt_exit_prels_1                        0x00000159   Thumb Code     0  rtexit2.o(.ARM.Collect$$rtexit$$00000002)
    __rt_exit_exit                           0x0000015d   Thumb Code     0  rtexit2.o(.ARM.Collect$$rtexit$$00000004)
    osekTarget_SaveContext                   0x00000165   Thumb Code    50  osektarget.o(.emb_text)
    osekTarget_RestoreContext                0x00000197   Thumb Code    52  osektarget.o(.emb_text)
    osekTarget_LoadBTSP                      0x000001cb   Thumb Code     6  osektarget.o(.emb_text)
    osekTarget_LoadETSP                      0x000001d5   Thumb Code     4  osektarget.o(.emb_text)
    OSEK_TARGET_DisableOSInt_func            0x000001d9   Thumb Code    16  osektarget.o(.emb_text)
    OSEK_TARGET_EnableOSInt                  0x000001f5   Thumb Code    14  osektarget.o(.emb_text)
    OSEK_TARGET_DisableAllInt                0x00000211   Thumb Code    18  osektarget.o(.emb_text)
    OSEK_TARGET_EnableAllInt                 0x00000235   Thumb Code    18  osektarget.o(.emb_text)
    OSEK_TARGET_DisableNestedAllInt          0x00000259   Thumb Code    18  osektarget.o(.emb_text)
    OSEK_TARGET_EnableNestedAllInt           0x0000027d   Thumb Code    18  osektarget.o(.emb_text)
    OSEK_TARGET_DisableNestedOsInt           0x000002a1   Thumb Code    18  osektarget.o(.emb_text)
    OSEK_TARGET_EnableNestedOsInt            0x000002c5   Thumb Code    18  osektarget.o(.emb_text)
    Reset_Handler                            0x000002e9   Thumb Code    32  startup_nuc1xx.o(.text)
    NMI_Handler                              0x00000309   Thumb Code     2  startup_nuc1xx.o(.text)
    HardFault_Handler                        0x0000030b   Thumb Code     2  startup_nuc1xx.o(.text)
    SVC_Handler                              0x0000030d   Thumb Code     2  startup_nuc1xx.o(.text)
    PendSV_Handler                           0x0000030f   Thumb Code     2  startup_nuc1xx.o(.text)
    SysTick_Handler                          0x00000311   Thumb Code     2  startup_nuc1xx.o(.text)
    ACMP_IRQHandler                          0x00000313   Thumb Code     0  startup_nuc1xx.o(.text)
    USBD_IRQHandler                          0x00000313   Thumb Code     0  startup_nuc1xx.o(.text)
    __user_initial_stackheap                 0x00000315   Thumb Code     0  startup_nuc1xx.o(.text)
    __aeabi_uidiv                            0x0000034d   Thumb Code     0  aeabi_sdiv.o(.text)
    __aeabi_uidivmod                         0x0000034d   Thumb Code    20  aeabi_sdiv.o(.text)
    __aeabi_idiv                             0x00000361   Thumb Code     0  aeabi_sdiv.o(.text)
    __aeabi_idivmod                          0x00000361   Thumb Code   326  aeabi_sdiv.o(.text)
    __use_two_region_memory                  0x000004a7   Thumb Code     2  heapauxi.o(.text)
    __rt_heap_escrow$2region                 0x000004a9   Thumb Code     2  heapauxi.o(.text)
    __rt_heap_expand$2region                 0x000004ab   Thumb Code     2  heapauxi.o(.text)
    __user_setup_stackheap                   0x000004ad   Thumb Code    62  sys_stackheap_outer.o(.text)
    exit                                     0x000004eb   Thumb Code    16  exit.o(.text)
    __user_libspace                          0x000004fd   Thumb Code     8  libspace.o(.text)
    __user_perproc_libspace                  0x000004fd   Thumb Code     0  libspace.o(.text)
    __user_perthread_libspace                0x000004fd   Thumb Code     0  libspace.o(.text)
    _sys_exit                                0x00000505   Thumb Code     8  sys_exit.o(.text)
    __I$use$semihosting                      0x00000511   Thumb Code     0  use_no_semi.o(.text)
    __use_no_semihosting_swi                 0x00000511   Thumb Code     2  use_no_semi.o(.text)
    __semihosting_library_function           0x00000513   Thumb Code     0  indicate_semi.o(.text)
    ADC_IRQHandler                           0x00000515   Thumb Code    88  drvadc.o(i.ADC_IRQHandler)
    BOD_IRQHandler                           0x000005f5   Thumb Code    24  drvsys.o(i.BOD_IRQHandler)
    CAN0_IRQHandler                          0x00000611   Thumb Code   144  drvcan.o(i.CAN0_IRQHandler)
    CounterTrigger                           0x000006ed   Thumb Code    54  osekcounter.o(i.CounterTrigger)
    DrvCAN_ClrIntPnd                         0x0000072d   Thumb Code    38  drvcan.o(i.DrvCAN_ClrIntPnd)
    DrvGPIO_InitFunction                     0x0000075d   Thumb Code   922  drvgpio.o(i.DrvGPIO_InitFunction)
    DrvSYS_GetExtClockFreq                   0x00000b09   Thumb Code     4  drvsys.o(i.DrvSYS_GetExtClockFreq)
    DrvSYS_GetHCLKFreq                       0x00000b11   Thumb Code    76  drvsys.o(i.DrvSYS_GetHCLKFreq)
    DrvSYS_GetPLLClockFreq                   0x00000b6d   Thumb Code    76  drvsys.o(i.DrvSYS_GetPLLClockFreq)
    DrvTIMER_EnableInt                       0x00000bc9   Thumb Code    70  drvtimer.o(i.DrvTIMER_EnableInt)
    DrvTIMER_Init                            0x00000c21   Thumb Code    14  drvtimer.o(i.DrvTIMER_Init)
    DrvTIMER_Open                            0x00000c35   Thumb Code   468  drvtimer.o(i.DrvTIMER_Open)
    DrvTIMER_Start                           0x00000e21   Thumb Code    44  drvtimer.o(i.DrvTIMER_Start)
    EINT0_IRQHandler                         0x00000e59   Thumb Code    20  drvgpio.o(i.EINT0_IRQHandler)
    EINT1_IRQHandler                         0x00000e75   Thumb Code    20  drvgpio.o(i.EINT1_IRQHandler)
    FuncTask1                                0x00000e91   Thumb Code     2  main.o(i.FuncTask1)
    FuncTask2                                0x00000e93   Thumb Code     2  main.o(i.FuncTask2)
    FuncTask3                                0x00000e95   Thumb Code     2  main.o(i.FuncTask3)
    FuncTaskError                            0x00000e97   Thumb Code     2  main.o(i.FuncTaskError)
    GPAB_IRQHandler                          0x00000e99   Thumb Code    50  drvgpio.o(i.GPAB_IRQHandler)
    GPCDE_IRQHandler                         0x00000ed5   Thumb Code    58  drvgpio.o(i.GPCDE_IRQHandler)
    I2C0_IRQHandler                          0x00000fad   Thumb Code    56  drvi2c.o(i.I2C0_IRQHandler)
    I2C1_IRQHandler                          0x00000fed   Thumb Code    56  drvi2c.o(i.I2C1_IRQHandler)
    I2S_IRQHandler                           0x0000102d   Thumb Code   188  drvi2s.o(i.I2S_IRQHandler)
    InitCOM                                  0x000010f1   Thumb Code     4  osekmessage.o(i.InitCOM)
    Initial_pannel                           0x000010f5   Thumb Code   280  lcd_driver.o(i.Initial_pannel)
    OSEK_CPU_INIT                            0x00001259   Thumb Code    34  init.o(i.OSEK_CPU_INIT)
    OSEK_TIMER_START                         0x00001281   Thumb Code    10  init.o(i.OSEK_TIMER_START)
    PDMA_IRQHandler                          0x0000128d   Thumb Code   100  drvpdma.o(i.PDMA_IRQHandler)
    PS2_IRQHandler                           0x000012fd   Thumb Code    20  drvps2.o(i.PS2_IRQHandler)
    PWMA_IRQHandler                          0x00001319   Thumb Code   220  drvpwm.o(i.PWMA_IRQHandler)
    PWMB_IRQHandler                          0x00001409   Thumb Code   220  drvpwm.o(i.PWMB_IRQHandler)
    PWRWU_IRQHandler                         0x000014f9   Thumb Code    22  drvsys.o(i.PWRWU_IRQHandler)
    RTC_IRQHandler                           0x00001519   Thumb Code    50  drvrtc.o(i.RTC_IRQHandler)
    SPI0_IRQHandler                          0x00001555   Thumb Code    60  drvspi.o(i.SPI0_IRQHandler)
    SPI1_IRQHandler                          0x00001599   Thumb Code    60  drvspi.o(i.SPI1_IRQHandler)
    SPI2_IRQHandler                          0x000015dd   Thumb Code    60  drvspi.o(i.SPI2_IRQHandler)
    SPI3_IRQHandler                          0x00001621   Thumb Code    60  drvspi.o(i.SPI3_IRQHandler)
    SetPACA                                  0x00001665   Thumb Code   134  lcd_driver.o(i.SetPACA)
    StartOS                                  0x000016f1   Thumb Code    46  osekexecution.o(i.StartOS)
    StartupHook                              0x0000172d   Thumb Code     2  main.o(i.StartupHook)
    SystemInit                               0x0000172f   Thumb Code     2  system_nuc1xx.o(i.SystemInit)
    TMR0_IRQHandler                          0x00001731   Thumb Code    10  drvtimer.o(i.TMR0_IRQHandler)
    TMR1_IRQHandler                          0x0000173d   Thumb Code    86  drvtimer.o(i.TMR1_IRQHandler)
    TMR2_IRQHandler                          0x000017a1   Thumb Code    86  drvtimer.o(i.TMR2_IRQHandler)
    TMR3_IRQHandler                          0x00001805   Thumb Code    86  drvtimer.o(i.TMR3_IRQHandler)
    UART02_IRQHandler                        0x00001869   Thumb Code    32  drvuart.o(i.UART02_IRQHandler)
    UART1_IRQHandler                         0x00001895   Thumb Code    16  drvuart.o(i.UART1_IRQHandler)
    WDT_IRQHandler                           0x000018ad   Thumb Code    38  drvtimer.o(i.WDT_IRQHandler)
    WriteData                                0x000018dd   Thumb Code    48  lcd_driver.o(i.WriteData)
    __ARM_common_switch8                     0x00001911   Thumb Code    26  drvcan.o(i.__ARM_common_switch8)
    clr_all_pannal                           0x0000192b   Thumb Code    36  lcd_driver.o(i.clr_all_pannal)
    main                                     0x0000194f   Thumb Code    22  main.o(i.main)
    osekAlarm_Check1                         0x00001965   Thumb Code    46  osekalarm.o(i.osekAlarm_Check1)
    osekAlarm_Check2                         0x00001999   Thumb Code    82  osekalarm.o(i.osekAlarm_Check2)
    osekAlarm_Initialize                     0x000019f1   Thumb Code    34  osekalarm.o(i.osekAlarm_Initialize)
    osekCounter_Initialize                   0x00001a1d   Thumb Code    34  osekcounter.o(i.osekCounter_Initialize)
    osekInterrupt_Initialize                 0x00001a49   Thumb Code     8  osekinterrupt.o(i.osekInterrupt_Initialize)
    osekTask_ActiveTask                      0x00001a59   Thumb Code    72  osektask.o(i.osekTask_ActiveTask)
    osekTask_Dispatch                        0x00001aa9   Thumb Code   118  osektask.o(i.osekTask_Dispatch)
    osekTask_Initialize                      0x00001b31   Thumb Code   110  osektask.o(i.osekTask_Initialize)
    CH_OFFSET                                0x00001bbc   Data          16  drvtimer.o(.constdata)
    osekConfig_TaskTable                     0x00001bcc   Data          60  cfg.o(.constdata)
    Region$$Table$$Base                      0x00001c08   Number         0  anon$$obj.o(Region$$Table)
    Region$$Table$$Limit                     0x00001c28   Number         0  anon$$obj.o(Region$$Table)
    bIsTimer0Initial                         0x20000074   Data           4  drvtimer.o(.data)
    bIsTimer1Initial                         0x20000078   Data           4  drvtimer.o(.data)
    bIsTimer2Initial                         0x2000007c   Data           4  drvtimer.o(.data)
    bIsTimer3Initial                         0x20000080   Data           4  drvtimer.o(.data)
    bIsTimer0Used                            0x20000084   Data           4  drvtimer.o(.data)
    bIsTimer1Used                            0x20000088   Data           4  drvtimer.o(.data)
    bIsTimer2Used                            0x2000008c   Data           4  drvtimer.o(.data)
    bIsTimer3Used                            0x20000090   Data           4  drvtimer.o(.data)
    bIsSetTime0Event                         0x20000094   Data           4  drvtimer.o(.data)
    bIsSetTime1Event                         0x20000098   Data           4  drvtimer.o(.data)
    bIsSetTime2Event                         0x2000009c   Data           4  drvtimer.o(.data)
    bIsSetTime3Event                         0x200000a0   Data           4  drvtimer.o(.data)
    SPI_PORT                                 0x200000e4   Data          16  lcd_driver.o(.data)
    osekConfig_CounterTable                  0x200000f4   Data          12  cfg.o(.data)
    osekConfig_AlarmTable                    0x20000100   Data           8  cfg.o(.data)
    osekExecution_CurrentAppMode             0x20000108   Data           1  osekexecution.o(.data)
    osekInterrupt_NestedLevl                 0x2000010c   Data           4  osekinterrupt.o(.data)
    osekInterrupt_IsrStackTop                0x20000110   Data           2  osekinterrupt.o(.data)
    osekTarget_SavedBTSP                     0x2000011c   Data           2  osektarget.o(.data)
    osIntSave_en                             0x2000011e   Data           2  osektarget.o(.data)
    osIntSave_pending                        0x20000120   Data           2  osektarget.o(.data)
    osekTarget_AllIntMask_en                 0x20000122   Data           2  osektarget.o(.data)
    osekTarget_AllIntMask_pending            0x20000124   Data           2  osektarget.o(.data)
    osekTarget_NestedAllIntMask_en           0x20000126   Data           2  osektarget.o(.data)
    osekTarget_NestedAllIntMask_pending      0x20000128   Data           2  osektarget.o(.data)
    osekTarget_NestedOsIntMask_en            0x2000012a   Data           2  osektarget.o(.data)
    osekTarget_NestedOsIntMask_pending       0x2000012c   Data           2  osektarget.o(.data)
    osekTask_PriorityBitMapMajor             0x20000130   Data           1  osektask.o(.data)
    osekTask_RunningTask                     0x20000134   Data           4  osektask.o(.data)
    osekTask_SchedulerLockLevel              0x20000138   Data           4  osektask.o(.data)
    osekTask_IsrTriggeredTaskSwitchNecessary 0x2000013c   Data           4  osektask.o(.data)
    osekTask_FreeReadyBlock                  0x20000140   Data           4  osektask.o(.data)
    osekTask_PriorityBitMap                  0x20000144   Data           4  osektask.o(.data)
    osekTask_PriorityIndexTable              0x20000148   Data         256  osektask.o(.data)
    osekAlarm_AlarmTable                     0x200003f8   Data          28  osekalarm.o(.bss)
    osekCounter_CounterTable                 0x20000414   Data          20  osekcounter.o(.bss)
    osekTask_ReadyTaskTable                  0x20000828   Data         256  osektask.o(.bss)
    osekTask_TaskTable                       0x20000928   Data         100  osektask.o(.bss)
    osekTask_ReadyBlock                      0x20000a10   Data          40  osektask.o(.bss)
    __libspace_start                         0x20000a38   Data          96  libspace.o(.bss)
    __temporary_stack_top$libspace           0x20000a98   Data           0  libspace.o(.bss)



==============================================================================

Memory Map of the image

  Image Entry point : 0x000002e9

  Load Region LR_1 (Base: 0x00000000, Size: 0x00001e70, Max: 0xffffffff, ABSOLUTE)

    Execution Region ER_RO (Base: 0x00000000, Size: 0x00001c28, Max: 0xffffffff, ABSOLUTE)

    Base Addr    Size         Type   Attr      Idx    E Section Name        Object

    0x00000000   0x000000c0   Data   RO           19    RESET               startup_nuc1xx.o
    0x000000c0   0x00000008   Code   RO         3983  * !!!main             c_p.l(__main.o)
    0x000000c8   0x0000003c   Code   RO         4150    !!!scatter          c_p.l(__scatter.o)
    0x00000104   0x0000001a   Code   RO         4152    !!handler_copy      c_p.l(__scatter_copy.o)
    0x0000011e   0x00000002   PAD
    0x00000120   0x0000001c   Code   RO         4154    !!handler_zi        c_p.l(__scatter_zi.o)
    0x0000013c   0x00000002   Code   RO         4021    .ARM.Collect$$libinit$$00000000  c_p.l(libinit.o)
    0x0000013e   0x00000000   Code   RO         4035    .ARM.Collect$$libinit$$00000002  c_p.l(libinit2.o)
    0x0000013e   0x00000000   Code   RO         4037    .ARM.Collect$$libinit$$00000004  c_p.l(libinit2.o)
    0x0000013e   0x00000000   Code   RO         4040    .ARM.Collect$$libinit$$0000000A  c_p.l(libinit2.o)
    0x0000013e   0x00000000   Code   RO         4042    .ARM.Collect$$libinit$$0000000C  c_p.l(libinit2.o)
    0x0000013e   0x00000000   Code   RO         4044    .ARM.Collect$$libinit$$0000000E  c_p.l(libinit2.o)
    0x0000013e   0x00000000   Code   RO         4047    .ARM.Collect$$libinit$$00000011  c_p.l(libinit2.o)
    0x0000013e   0x00000000   Code   RO         4049    .ARM.Collect$$libinit$$00000013  c_p.l(libinit2.o)
    0x0000013e   0x00000000   Code   RO         4051    .ARM.Collect$$libinit$$00000015  c_p.l(libinit2.o)
    0x0000013e   0x00000000   Code   RO         4053    .ARM.Collect$$libinit$$00000017  c_p.l(libinit2.o)
    0x0000013e   0x00000000   Code   RO         4055    .ARM.Collect$$libinit$$00000019  c_p.l(libinit2.o)
    0x0000013e   0x00000000   Code   RO         4057    .ARM.Collect$$libinit$$0000001B  c_p.l(libinit2.o)
    0x0000013e   0x00000000   Code   RO         4059    .ARM.Collect$$libinit$$0000001D  c_p.l(libinit2.o)
    0x0000013e   0x00000000   Code   RO         4061    .ARM.Collect$$libinit$$0000001F  c_p.l(libinit2.o)
    0x0000013e   0x00000000   Code   RO         4063    .ARM.Collect$$libinit$$00000021  c_p.l(libinit2.o)
    0x0000013e   0x00000000   Code   RO         4065    .ARM.Collect$$libinit$$00000023  c_p.l(libinit2.o)
    0x0000013e   0x00000000   Code   RO         4067    .ARM.Collect$$libinit$$00000025  c_p.l(libinit2.o)
    0x0000013e   0x00000000   Code   RO         4071    .ARM.Collect$$libinit$$0000002C  c_p.l(libinit2.o)
    0x0000013e   0x00000000   Code   RO         4073    .ARM.Collect$$libinit$$0000002E  c_p.l(libinit2.o)
    0x0000013e   0x00000000   Code   RO         4075    .ARM.Collect$$libinit$$00000030  c_p.l(libinit2.o)
    0x0000013e   0x00000000   Code   RO         4077    .ARM.Collect$$libinit$$00000032  c_p.l(libinit2.o)
    0x0000013e   0x00000002   Code   RO         4078    .ARM.Collect$$libinit$$00000033  c_p.l(libinit2.o)
    0x00000140   0x00000002   Code   RO         4107    .ARM.Collect$$libshutdown$$00000000  c_p.l(libshutdown.o)
    0x00000142   0x00000000   Code   RO         4133    .ARM.Collect$$libshutdown$$00000002  c_p.l(libshutdown2.o)
    0x00000142   0x00000000   Code   RO         4135    .ARM.Collect$$libshutdown$$00000004  c_p.l(libshutdown2.o)
    0x00000142   0x00000000   Code   RO         4138    .ARM.Collect$$libshutdown$$00000007  c_p.l(libshutdown2.o)
    0x00000142   0x00000000   Code   RO         4141    .ARM.Collect$$libshutdown$$0000000A  c_p.l(libshutdown2.o)
    0x00000142   0x00000000   Code   RO         4143    .ARM.Collect$$libshutdown$$0000000C  c_p.l(libshutdown2.o)
    0x00000142   0x00000000   Code   RO         4146    .ARM.Collect$$libshutdown$$0000000F  c_p.l(libshutdown2.o)
    0x00000142   0x00000002   Code   RO         4147    .ARM.Collect$$libshutdown$$00000010  c_p.l(libshutdown2.o)
    0x00000144   0x00000000   Code   RO         3985    .ARM.Collect$$rtentry$$00000000  c_p.l(__rtentry.o)
    0x00000144   0x00000000   Code   RO         3991    .ARM.Collect$$rtentry$$00000002  c_p.l(__rtentry2.o)
    0x00000144   0x00000006   Code   RO         4003    .ARM.Collect$$rtentry$$00000004  c_p.l(__rtentry4.o)
    0x0000014a   0x00000000   Code   RO         3993    .ARM.Collect$$rtentry$$00000009  c_p.l(__rtentry2.o)
    0x0000014a   0x00000004   Code   RO         3994    .ARM.Collect$$rtentry$$0000000A  c_p.l(__rtentry2.o)
    0x0000014e   0x00000000   Code   RO         3996    .ARM.Collect$$rtentry$$0000000C  c_p.l(__rtentry2.o)
    0x0000014e   0x00000008   Code   RO         3997    .ARM.Collect$$rtentry$$0000000D  c_p.l(__rtentry2.o)
    0x00000156   0x00000002   Code   RO         4026    .ARM.Collect$$rtexit$$00000000  c_p.l(rtexit.o)
    0x00000158   0x00000000   Code   RO         4082    .ARM.Collect$$rtexit$$00000002  c_p.l(rtexit2.o)
    0x00000158   0x00000004   Code   RO         4083    .ARM.Collect$$rtexit$$00000003  c_p.l(rtexit2.o)
    0x0000015c   0x00000006   Code   RO         4084    .ARM.Collect$$rtexit$$00000004  c_p.l(rtexit2.o)
    0x00000162   0x00000002   PAD
    0x00000164   0x00000184   Code   RO         3675    .emb_text           osektarget.o
    0x000002e8   0x00000064   Code   RO           20  * .text               startup_nuc1xx.o
    0x0000034c   0x0000015a   Code   RO         3977    .text               c_p.l(aeabi_sdiv.o)
    0x000004a6   0x00000006   Code   RO         3981    .text               c_p.l(heapauxi.o)
    0x000004ac   0x0000003e   Code   RO         4007    .text               c_p.l(sys_stackheap_outer.o)
    0x000004ea   0x00000010   Code   RO         4010    .text               c_p.l(exit.o)
    0x000004fa   0x00000002   PAD
    0x000004fc   0x00000008   Code   RO         4022    .text               c_p.l(libspace.o)
    0x00000504   0x0000000c   Code   RO         4079    .text               c_p.l(sys_exit.o)
    0x00000510   0x00000002   Code   RO         4096    .text               c_p.l(use_no_semi.o)
    0x00000512   0x00000000   Code   RO         4098    .text               c_p.l(indicate_semi.o)
    0x00000512   0x00000002   PAD
    0x00000514   0x00000064   Code   RO          194    i.ADC_IRQHandler    drvadc.o
    0x00000578   0x00000028   Code   RO         3755    i.AddTask2ReadyTableAtTail  osektask.o
    0x000005a0   0x00000054   Code   RO         3756    i.AddaReadyBlock    osektask.o
    0x000005f4   0x0000001c   Code   RO         2214    i.BOD_IRQHandler    drvsys.o
    0x00000610   0x0000009c   Code   RO          427    i.CAN0_IRQHandler   drvcan.o
    0x000006ac   0x00000040   Code   RO         2503    i.CalTimerInitValue  drvtimer.o
    0x000006ec   0x00000040   Code   RO         3384    i.CounterTrigger    osekcounter.o
    0x0000072c   0x00000030   Code   RO          431    i.DrvCAN_ClrIntPnd  drvcan.o
    0x0000075c   0x000003ac   Code   RO          859    i.DrvGPIO_InitFunction  drvgpio.o
    0x00000b08   0x00000008   Code   RO         2232    i.DrvSYS_GetExtClockFreq  drvsys.o
    0x00000b10   0x0000005c   Code   RO         2233    i.DrvSYS_GetHCLKFreq  drvsys.o
    0x00000b6c   0x0000005c   Code   RO         2234    i.DrvSYS_GetPLLClockFreq  drvsys.o
    0x00000bc8   0x00000058   Code   RO         2519    i.DrvTIMER_EnableInt  drvtimer.o
    0x00000c20   0x00000014   Code   RO         2526    i.DrvTIMER_Init     drvtimer.o
    0x00000c34   0x000001ec   Code   RO         2527    i.DrvTIMER_Open     drvtimer.o
    0x00000e20   0x00000038   Code   RO         2535    i.DrvTIMER_Start    drvtimer.o
    0x00000e58   0x0000001c   Code   RO          867    i.EINT0_IRQHandler  drvgpio.o
    0x00000e74   0x0000001c   Code   RO          868    i.EINT1_IRQHandler  drvgpio.o
    0x00000e90   0x00000002   Code   RO         3902    i.FuncTask1         main.o
    0x00000e92   0x00000002   Code   RO         3903    i.FuncTask2         main.o
    0x00000e94   0x00000002   Code   RO         3904    i.FuncTask3         main.o
    0x00000e96   0x00000002   Code   RO         3906    i.FuncTaskError     main.o
    0x00000e98   0x0000003c   Code   RO          869    i.GPAB_IRQHandler   drvgpio.o
    0x00000ed4   0x00000044   Code   RO          870    i.GPCDE_IRQHandler  drvgpio.o
    0x00000f18   0x00000024   Code   RO          463    i.GetFreeIF         drvcan.o
    0x00000f3c   0x00000070   Code   RO         2541    i.GetTimerClock     drvtimer.o
    0x00000fac   0x00000040   Code   RO         1091    i.I2C0_IRQHandler   drvi2c.o
    0x00000fec   0x00000040   Code   RO         1092    i.I2C1_IRQHandler   drvi2c.o
    0x0000102c   0x000000c4   Code   RO         1240    i.I2S_IRQHandler    drvi2s.o
    0x000010f0   0x00000004   Code   RO         3574    i.InitCOM           osekmessage.o
    0x000010f4   0x00000120   Code   RO         3051    i.Initial_pannel    lcd_driver.o
    0x00001214   0x00000044   Code   RO         2543    i.NVIC_SetPriority  drvtimer.o
    0x00001258   0x00000028   Code   RO           61    i.OSEK_CPU_INIT     init.o
    0x00001280   0x0000000a   Code   RO           62    i.OSEK_TIMER_START  init.o
    0x0000128a   0x00000002   PAD
    0x0000128c   0x00000070   Code   RO         1417    i.PDMA_IRQHandler   drvpdma.o
    0x000012fc   0x0000001c   Code   RO         1583    i.PS2_IRQHandler    drvps2.o
    0x00001318   0x000000f0   Code   RO         1676    i.PWMA_IRQHandler   drvpwm.o
    0x00001408   0x000000f0   Code   RO         1677    i.PWMB_IRQHandler   drvpwm.o
    0x000014f8   0x00000020   Code   RO         2260    i.PWRWU_IRQHandler  drvsys.o
    0x00001518   0x0000003c   Code   RO         1818    i.RTC_IRQHandler    drvrtc.o
    0x00001554   0x00000044   Code   RO         1951    i.SPI0_IRQHandler   drvspi.o
    0x00001598   0x00000044   Code   RO         1952    i.SPI1_IRQHandler   drvspi.o
    0x000015dc   0x00000044   Code   RO         1953    i.SPI2_IRQHandler   drvspi.o
    0x00001620   0x00000044   Code   RO         1954    i.SPI3_IRQHandler   drvspi.o
    0x00001664   0x0000008c   Code   RO         3052    i.SetPACA           lcd_driver.o
    0x000016f0   0x0000003c   Code   RO         3488    i.StartOS           osekexecution.o
    0x0000172c   0x00000002   Code   RO         3909    i.StartupHook       main.o
    0x0000172e   0x00000002   Code   RO           25    i.SystemInit        system_nuc1xx.o
    0x00001730   0x0000000a   Code   RO         2544    i.TMR0_IRQHandler   drvtimer.o
    0x0000173a   0x00000002   PAD
    0x0000173c   0x00000064   Code   RO         2545    i.TMR1_IRQHandler   drvtimer.o
    0x000017a0   0x00000064   Code   RO         2546    i.TMR2_IRQHandler   drvtimer.o
    0x00001804   0x00000064   Code   RO         2547    i.TMR3_IRQHandler   drvtimer.o
    0x00001868   0x0000002c   Code   RO         2845    i.UART02_IRQHandler  drvuart.o
    0x00001894   0x00000018   Code   RO         2846    i.UART1_IRQHandler  drvuart.o
    0x000018ac   0x00000030   Code   RO         2549    i.WDT_IRQHandler    drvtimer.o
    0x000018dc   0x00000034   Code   RO         3055    i.WriteData         lcd_driver.o
    0x00001910   0x0000001a   Code   RO          649    i.__ARM_common_switch8  drvcan.o
    0x0000192a   0x00000024   Code   RO         3056    i.clr_all_pannal    lcd_driver.o
    0x0000194e   0x00000016   Code   RO         3910    i.main              main.o
    0x00001964   0x00000034   Code   RO         3291    i.osekAlarm_Check1  osekalarm.o
    0x00001998   0x00000058   Code   RO         3292    i.osekAlarm_Check2  osekalarm.o
    0x000019f0   0x0000002c   Code   RO         3293    i.osekAlarm_Initialize  osekalarm.o
    0x00001a1c   0x0000002c   Code   RO         3388    i.osekCounter_Initialize  osekcounter.o
    0x00001a48   0x00000010   Code   RO         3523    i.osekInterrupt_Initialize  osekinterrupt.o
    0x00001a58   0x00000050   Code   RO         3765    i.osekTask_ActiveTask  osektask.o
    0x00001aa8   0x00000088   Code   RO         3767    i.osekTask_Dispatch  osektask.o
    0x00001b30   0x0000007c   Code   RO         3768    i.osekTask_Initialize  osektask.o
    0x00001bac   0x00000010   Data   RO         2261    .constdata          drvsys.o
    0x00001bbc   0x00000010   Data   RO         2551    .constdata          drvtimer.o
    0x00001bcc   0x0000003c   Data   RO         3222    .constdata          cfg.o
    0x00001c08   0x00000020   Data   RO         4148    Region$$Table       anon$$obj.o


    Execution Region ER_RW (Base: 0x20000000, Size: 0x00000248, Max: 0xffffffff, ABSOLUTE)

    Base Addr    Size         Type   Attr      Idx    E Section Name        Object

    0x20000000   0x0000000c   Data   RW          231    .data               drvadc.o
    0x2000000c   0x00000010   Data   RW          874    .data               drvgpio.o
    0x2000001c   0x00000004   Data   RW         1584    .data               drvps2.o
    0x20000020   0x00000004   Data   RW         1679    .data               drvpwm.o
    0x20000024   0x00000048   Data   RW         1819    .data               drvrtc.o
    0x2000006c   0x00000008   Data   RW         2262    .data               drvsys.o
    0x20000074   0x00000064   Data   RW         2552    .data               drvtimer.o
    0x200000d8   0x0000000c   Data   RW         2847    .data               drvuart.o
    0x200000e4   0x00000010   Data   RW         3058    .data               lcd_driver.o
    0x200000f4   0x0000000c   Data   RW         3226    .data               cfg.o
    0x20000100   0x00000008   Data   RW         3227    .data               cfg.o
    0x20000108   0x00000001   Data   RW         3489    .data               osekexecution.o
    0x20000109   0x00000003   PAD
    0x2000010c   0x00000004   Data   RW         3525    .data               osekinterrupt.o
    0x20000110   0x0000000c   Data   RW         3526    .data               osekinterrupt.o
    0x2000011c   0x00000002   Data   RW         3680    .data               osektarget.o
    0x2000011e   0x00000002   Data   RW         3682    .data               osektarget.o
    0x20000120   0x00000002   Data   RW         3683    .data               osektarget.o
    0x20000122   0x00000002   Data   RW         3684    .data               osektarget.o
    0x20000124   0x00000002   Data   RW         3685    .data               osektarget.o
    0x20000126   0x00000002   Data   RW         3686    .data               osektarget.o
    0x20000128   0x00000002   Data   RW         3687    .data               osektarget.o
    0x2000012a   0x00000002   Data   RW         3688    .data               osektarget.o
    0x2000012c   0x00000002   Data   RW         3689    .data               osektarget.o
    0x2000012e   0x00000002   PAD
    0x20000130   0x00000118   Data   RW         3773    .data               osektask.o


    Execution Region ER_ZI (Base: 0x20000248, Size: 0x00000c50, Max: 0xffffffff, ABSOLUTE)

    Base Addr    Size         Type   Attr      Idx    E Section Name        Object

    0x20000248   0x0000000c   Zero   RW          230    .bss                drvadc.o
    0x20000254   0x00000018   Zero   RW          464    .bss                drvcan.o
    0x2000026c   0x00000020   Zero   RW         1094    .bss                drvi2c.o
    0x2000028c   0x00000020   Zero   RW         1241    .bss                drvi2s.o
    0x200002ac   0x0000006c   Zero   RW         1418    .bss                drvpdma.o
    0x20000318   0x00000040   Zero   RW         1678    .bss                drvpwm.o
    0x20000358   0x00000050   Zero   RW         1955    .bss                drvspi.o
    0x200003a8   0x00000050   Zero   RW         2550    .bss                drvtimer.o
    0x200003f8   0x0000001c   Zero   RW         3294    .bss                osekalarm.o
    0x20000414   0x00000014   Zero   RW         3389    .bss                osekcounter.o
    0x20000428   0x00000400   Zero   RW         3524    .bss                osekinterrupt.o
    0x20000828   0x00000210   Zero   RW         3772    .bss                osektask.o
    0x20000a38   0x00000060   Zero   RW         4023    .bss                c_p.l(libspace.o)
    0x20000a98   0x00000000   Zero   RW           18    HEAP                startup_nuc1xx.o
    0x20000a98   0x00000400   Zero   RW           17    STACK               startup_nuc1xx.o


==============================================================================

Image component sizes


      Code (inc. data)   RO Data    RW Data    ZI Data      Debug   Object Name

         0          0         60         20          0      11202   cfg.o
         0          0          0          0          0       4564   core_cm0.o
       100         12          0         12         12     127349   drvadc.o
       266         28          0          0         24       5232   drvcan.o
      1124        118          0         16          0       4076   drvgpio.o
       128         16          0          0         32       2020   drvi2c.o
       196          8          0          0         32       2865   drvi2s.o
       112         12          0          0        108       2994   drvpdma.o
        28          8          0          4          0       3333   drvps2.o
       480         40          0          4         64       3424   drvpwm.o
        60         10          0         72          0       3517   drvrtc.o
       272         32          0          0         80       4164   drvspi.o
       252         50         16          8          0       2535   drvsys.o
      1258        140         16        100         80      19122   drvtimer.o
        68         20          0         12          0       1703   drvuart.o
        50          6          0          0          0     130227   init.o
       516         18          0         16          0       2715   lcd_driver.o
        32          0          0          0          0       2085   main.o
       184         22          0          0         28      12836   osekalarm.o
       108         20          0          0         20      12045   osekcounter.o
        60         14          0          1          0        665   osekexecution.o
        16          8          0         16       1024       1036   osekinterrupt.o
         4          0          0          0          0      10786   osekmessage.o
       388        138          0         18          0      11702   osektarget.o
       464         50          0        280        528      13655   osektask.o
       100         46        192          0       1024        580   startup_nuc1xx.o
         2          0          0          0          0        361   system_nuc1xx.o

    ----------------------------------------------------------------------
      6272        816        316        584       3056     396793   Object Totals
         0          0         32          0          0          0   (incl. Generated)
         4          0          0          5          0          0   (incl. Padding)

    ----------------------------------------------------------------------

      Code (inc. data)   RO Data    RW Data    ZI Data      Debug   Library Member Name

         8          0          0          0          0         68   __main.o
         0          0          0          0          0          0   __rtentry.o
        12          0          0          0          0          0   __rtentry2.o
         6          0          0          0          0          0   __rtentry4.o
        60          8          0          0          0          0   __scatter.o
        26          0          0          0          0          0   __scatter_copy.o
        28          0          0          0          0          0   __scatter_zi.o
       346          0          0          0          0         92   aeabi_sdiv.o
        16          0          0          0          0         68   exit.o
         6          0          0          0          0        136   heapauxi.o
         0          0          0          0          0          0   indicate_semi.o
         2          0          0          0          0          0   libinit.o
         2          0          0          0          0          0   libinit2.o
         2          0          0          0          0          0   libshutdown.o
         2          0          0          0          0          0   libshutdown2.o
         8          4          0          0         96         68   libspace.o
         2          0          0          0          0          0   rtexit.o
        10          0          0          0          0          0   rtexit2.o
        12          4          0          0          0         60   sys_exit.o
        62          0          0          0          0         80   sys_stackheap_outer.o
         2          0          0          0          0         68   use_no_semi.o

    ----------------------------------------------------------------------
       620         16          0          0         96        640   Library Totals
         8          0          0          0          0          0   (incl. Padding)

    ----------------------------------------------------------------------

      Code (inc. data)   RO Data    RW Data    ZI Data      Debug   Library Name

       612         16          0          0         96        640   c_p.l

    ----------------------------------------------------------------------
       620         16          0          0         96        640   Library Totals

    ----------------------------------------------------------------------

==============================================================================


      Code (inc. data)   RO Data    RW Data    ZI Data      Debug   

      6892        832        316        584       3152     394465   Grand Totals
      6892        832        316        584       3152     394465   ELF Image Totals
      6892        832        316        584          0          0   ROM Totals

==============================================================================

    Total RO  Size (Code + RO Data)                 7208 (   7.04kB)
    Total RW  Size (RW Data + ZI Data)              3736 (   3.65kB)
    Total ROM Size (Code + RO Data + RW Data)       7792 (   7.61kB)

==============================================================================

