Component: ARM Compiler 5.06 update 4 (build 422) Tool: armlink [4d35d2]

==============================================================================

Section Cross References

    startup_nuc1xx.o(STACK) refers (Special) to heapauxi.o(.text) for __use_two_region_memory
    startup_nuc1xx.o(HEAP) refers (Special) to heapauxi.o(.text) for __use_two_region_memory
    startup_nuc1xx.o(RESET) refers (Special) to heapauxi.o(.text) for __use_two_region_memory
    startup_nuc1xx.o(RESET) refers to startup_nuc1xx.o(STACK) for __initial_sp
    startup_nuc1xx.o(RESET) refers to startup_nuc1xx.o(.text) for Reset_Handler
    startup_nuc1xx.o(RESET) refers to drvsys.o(i.BOD_IRQHandler) for BOD_IRQHandler
    startup_nuc1xx.o(RESET) refers to drvtimer.o(i.WDT_IRQHandler) for WDT_IRQHandler
    startup_nuc1xx.o(RESET) refers to drvgpio.o(i.EINT0_IRQHandler) for EINT0_IRQHandler
    startup_nuc1xx.o(RESET) refers to drvgpio.o(i.EINT1_IRQHandler) for EINT1_IRQHandler
    startup_nuc1xx.o(RESET) refers to drvgpio.o(i.GPAB_IRQHandler) for GPAB_IRQHandler
    startup_nuc1xx.o(RESET) refers to drvgpio.o(i.GPCDE_IRQHandler) for GPCDE_IRQHandler
    startup_nuc1xx.o(RESET) refers to drvpwm.o(i.PWMA_IRQHandler) for PWMA_IRQHandler
    startup_nuc1xx.o(RESET) refers to drvpwm.o(i.PWMB_IRQHandler) for PWMB_IRQHandler
    startup_nuc1xx.o(RESET) refers to drvtimer.o(i.TMR0_IRQHandler) for TMR0_IRQHandler
    startup_nuc1xx.o(RESET) refers to drvtimer.o(i.TMR1_IRQHandler) for TMR1_IRQHandler
    startup_nuc1xx.o(RESET) refers to drvtimer.o(i.TMR2_IRQHandler) for TMR2_IRQHandler
    startup_nuc1xx.o(RESET) refers to drvtimer.o(i.TMR3_IRQHandler) for TMR3_IRQHandler
    startup_nuc1xx.o(RESET) refers to drvuart.o(i.UART02_IRQHandler) for UART02_IRQHandler
    startup_nuc1xx.o(RESET) refers to drvuart.o(i.UART1_IRQHandler) for UART1_IRQHandler
    startup_nuc1xx.o(RESET) refers to drvspi.o(i.SPI0_IRQHandler) for SPI0_IRQHandler
    startup_nuc1xx.o(RESET) refers to drvspi.o(i.SPI1_IRQHandler) for SPI1_IRQHandler
    startup_nuc1xx.o(RESET) refers to drvspi.o(i.SPI2_IRQHandler) for SPI2_IRQHandler
    startup_nuc1xx.o(RESET) refers to drvspi.o(i.SPI3_IRQHandler) for SPI3_IRQHandler
    startup_nuc1xx.o(RESET) refers to drvi2c.o(i.I2C0_IRQHandler) for I2C0_IRQHandler
    startup_nuc1xx.o(RESET) refers to drvi2c.o(i.I2C1_IRQHandler) for I2C1_IRQHandler
    startup_nuc1xx.o(RESET) refers to drvcan.o(i.CAN0_IRQHandler) for CAN0_IRQHandler
    startup_nuc1xx.o(RESET) refers to drvps2.o(i.PS2_IRQHandler) for PS2_IRQHandler
    startup_nuc1xx.o(RESET) refers to drvpdma.o(i.PDMA_IRQHandler) for PDMA_IRQHandler
    startup_nuc1xx.o(RESET) refers to drvi2s.o(i.I2S_IRQHandler) for I2S_IRQHandler
    startup_nuc1xx.o(RESET) refers to drvsys.o(i.PWRWU_IRQHandler) for PWRWU_IRQHandler
    startup_nuc1xx.o(RESET) refers to drvadc.o(i.ADC_IRQHandler) for ADC_IRQHandler
    startup_nuc1xx.o(RESET) refers to drvrtc.o(i.RTC_IRQHandler) for RTC_IRQHandler
    startup_nuc1xx.o(.text) refers (Special) to heapauxi.o(.text) for __use_two_region_memory
    startup_nuc1xx.o(.text) refers to system_nuc1xx.o(i.SystemInit) for SystemInit
    startup_nuc1xx.o(.text) refers to __main.o(!!!main) for __main
    startup_nuc1xx.o(.text) refers to startup_nuc1xx.o(HEAP) for Heap_Mem
    startup_nuc1xx.o(.text) refers to startup_nuc1xx.o(STACK) for Stack_Mem
    system_nuc1xx.o(i.SystemCoreClockUpdate) refers to aeabi_sdiv.o(.text) for __aeabi_uidivmod
    system_nuc1xx.o(i.SystemCoreClockUpdate) refers to system_nuc1xx.o(.data) for gau32ClkSrcTbl
    init.o(i.AddTask2ReadyTableAtHead) refers to osektask.o(.bss) for osekTask_ReadyTaskTable
    init.o(i.AddTask2ReadyTableAtTail) refers to osektask.o(.bss) for osekTask_ReadyTaskTable
    init.o(i.AddaReadyBlock) refers to init.o(i.AddTask2ReadyTableAtTail) for AddTask2ReadyTableAtTail
    init.o(i.AddaReadyBlock) refers to osektask.o(.data) for osekTask_FreeReadyBlock
    init.o(i.ClearPriorityMap) refers to osektask.o(.bss) for osekTask_ReadyTaskTable
    init.o(i.ClearPriorityMap) refers to osektask.o(.data) for osekTask_PriorityBitMap
    init.o(i.MoveTaskFromReadyTable) refers to osektask.o(.bss) for osekTask_ReadyTaskTable
    init.o(i.OSEK_CPU_INIT) refers to drvtimer.o(i.DrvTIMER_Init) for DrvTIMER_Init
    init.o(i.OSEK_CPU_INIT) refers to drvtimer.o(i.DrvTIMER_Open) for DrvTIMER_Open
    init.o(i.OSEK_CPU_INIT) refers to drvtimer.o(i.DrvTIMER_EnableInt) for DrvTIMER_EnableInt
    init.o(i.OSEK_CPU_INIT) refers to lcd_driver.o(i.Initial_pannel) for Initial_pannel
    init.o(i.OSEK_CPU_INIT) refers to lcd_driver.o(i.clr_all_pannal) for clr_all_pannal
    init.o(i.OSEK_CPU_INIT) refers to cfg.o(.data) for osekConfig_CounterTable
    init.o(i.OSEK_TIMER_START) refers to drvtimer.o(i.DrvTIMER_Start) for DrvTIMER_Start
    init.o(i.ReleaseReadyBlock) refers to osektask.o(.data) for osekTask_FreeReadyBlock
    drvadc.o(i.ADC_IRQHandler) refers to drvadc.o(.data) for g_ptADCCallBack
[...]
    drvtimer.o(i.DrvTIMER_Open) refers to drvtimer.o(i.CalTimerInitValue) for CalTimerInitValue
    drvtimer.o(i.DrvTIMER_Open) refers to drvgpio.o(i.DrvGPIO_InitFunction) for DrvGPIO_InitFunction
    drvtimer.o(i.DrvTIMER_Open) refers to drvtimer.o(.data) for bIsTimer0Initial
    drvtimer.o(i.DrvTIMER_Open) refers to drvtimer.o(.bss) for tTime0Event
    drvtimer.o(i.DrvTIMER_OpenCapture) refers to drvsys.o(i.DrvSYS_SelectIPClockSource) for DrvSYS_SelectIPClockSource
    drvtimer.o(i.DrvTIMER_OpenCapture) refers to drvgpio.o(i.DrvGPIO_InitFunction) for DrvGPIO_InitFunction
    drvtimer.o(i.DrvTIMER_OpenCapture) refers to drvtimer.o(.constdata) for CH_OFFSET
    drvtimer.o(i.DrvTIMER_OpenCounter) refers to drvsys.o(i.DrvSYS_SelectIPClockSource) for DrvSYS_SelectIPClockSource
    drvtimer.o(i.DrvTIMER_OpenCounter) refers to drvgpio.o(i.DrvGPIO_InitFunction) for DrvGPIO_InitFunction
    drvtimer.o(i.DrvTIMER_OpenCounter) refers to drvtimer.o(.data) for bIsTimer0Initial
    drvtimer.o(i.DrvTIMER_OpenCounter) refers to drvtimer.o(.bss) for tTime0Event
    drvtimer.o(i.DrvTIMER_OpenCounter) refers to drvtimer.o(.constdata) for CH_OFFSET
    drvtimer.o(i.DrvTIMER_ResetIntTicks) refers to drvtimer.o(.data) for uTimer0Tick
    drvtimer.o(i.DrvTIMER_SelectCaptureEdge) refers to drvtimer.o(.constdata) for CH_OFFSET
    drvtimer.o(i.DrvTIMER_SelectCounterDetectPhase) refers to drvtimer.o(.constdata) for CH_OFFSET
    drvtimer.o(i.DrvTIMER_SelectExternalMode) refers to drvtimer.o(.constdata) for CH_OFFSET
    drvtimer.o(i.DrvTIMER_SetTimerEvent) refers to drvtimer.o(.data) for uTime0EventCount
    drvtimer.o(i.DrvTIMER_SetTimerEvent) refers to drvtimer.o(.bss) for tTime0Event
    drvtimer.o(i.DrvTIMER_Start) refers to drvtimer.o(.constdata) for CH_OFFSET
    drvtimer.o(i.DrvTIMER_StartCounter) refers to drvtimer.o(.constdata) for CH_OFFSET
    drvtimer.o(i.DrvWDT_Close) refers to drvtimer.o(i.DrvWDT_Ioctl) for DrvWDT_Ioctl
    drvtimer.o(i.DrvWDT_Close) refers to drvsys.o(i.DrvSYS_GetHCLKFreq) for DrvSYS_GetHCLKFreq
    drvtimer.o(i.DrvWDT_InstallISR) refers to drvtimer.o(.data) for fnCallBack_WDT
    drvtimer.o(i.DrvWDT_Ioctl) refers to drvcan.o(i.__ARM_common_switch8) for __ARM_common_switch8
    drvtimer.o(i.DrvWDT_Ioctl) refers to drvtimer.o(i.NVIC_SetPriority) for NVIC_SetPriority
    drvtimer.o(i.DrvWDT_Ioctl) refers to drvtimer.o(i.NVIC_EnableIRQ) for NVIC_EnableIRQ
    drvtimer.o(i.DrvWDT_Ioctl) refers to drvtimer.o(i.NVIC_DisableIRQ) for NVIC_DisableIRQ
    drvtimer.o(i.DrvWDT_Open) refers to drvtimer.o(i.DrvWDT_Ioctl) for DrvWDT_Ioctl
    drvtimer.o(i.GetTimerClock) refers to drvsys.o(i.DrvSYS_GetExtClockFreq) for DrvSYS_GetExtClockFreq
    drvtimer.o(i.GetTimerClock) refers to drvsys.o(i.DrvSYS_GetHCLKFreq) for DrvSYS_GetHCLKFreq
    drvtimer.o(i.Initial_Timer) refers to drvtimer.o(i.DrvTIMER_Init) for DrvTIMER_Init
    drvtimer.o(i.Initial_Timer) refers to drvtimer.o(i.DrvTIMER_Open) for DrvTIMER_Open
    drvtimer.o(i.Initial_Timer) refers to drvtimer.o(i.DrvTIMER_EnableInt) for DrvTIMER_EnableInt
    drvtimer.o(i.Initial_Timer) refers to cfg.o(.data) for osekConfig_CounterTable
    drvtimer.o(i.MoveTaskFromReadyTable) refers to osektask.o(.bss) for osekTask_ReadyTaskTable
    drvtimer.o(i.ReleaseReadyBlock) refers to osektask.o(.data) for osekTask_FreeReadyBlock
    drvtimer.o(i.TMR0_IRQHandler) refers to osekcounter.o(i.CounterTrigger) for CounterTrigger
    drvtimer.o(i.TMR1_IRQHandler) refers to drvtimer.o(.data) for uTimer1Tick
    drvtimer.o(i.TMR1_IRQHandler) refers to drvtimer.o(.bss) for tTime1Event
    drvtimer.o(i.TMR2_IRQHandler) refers to drvtimer.o(.data) for uTimer2Tick
    drvtimer.o(i.TMR2_IRQHandler) refers to drvtimer.o(.bss) for tTime2Event
    drvtimer.o(i.TMR3_IRQHandler) refers to drvtimer.o(.data) for uTimer3Tick
    drvtimer.o(i.TMR3_IRQHandler) refers to drvtimer.o(.bss) for tTime3Event
    drvtimer.o(i.Timer_Start) refers to drvtimer.o(i.DrvTIMER_Start) for DrvTIMER_Start
    drvtimer.o(i.WDT_IRQHandler) refers to drvtimer.o(.data) for fnCallBack_WDT
    drvuart.o(i.BaudRateCalculator) refers to aeabi_sdiv.o(.text) for __aeabi_uidivmod
    drvuart.o(i.DrvUART_Close) refers to drvuart.o(i.NVIC_DisableIRQ) for NVIC_DisableIRQ
    drvuart.o(i.DrvUART_Close) refers to drvuart.o(.data) for g_pfnUART1callback
    drvuart.o(i.DrvUART_DisableInt) refers to drvuart.o(i.NVIC_DisableIRQ) for NVIC_DisableIRQ
    drvuart.o(i.DrvUART_DisableInt) refers to drvuart.o(.data) for g_pfnUART0callback
    drvuart.o(i.DrvUART_EnableInt) refers to drvuart.o(i.NVIC_EnableIRQ) for NVIC_EnableIRQ
    drvuart.o(i.DrvUART_EnableInt) refers to drvuart.o(.data) for g_pfnUART0callback
    drvuart.o(i.DrvUART_Open) refers to drvuart.o(i.GetUartClk) for GetUartClk
    drvuart.o(i.DrvUART_Open) refers to drvuart.o(i.BaudRateCalculator) for BaudRateCalculator
    drvuart.o(i.GetUartClk) refers to drvsys.o(i.DrvSYS_GetExtClockFreq) for DrvSYS_GetExtClockFreq
    drvuart.o(i.GetUartClk) refers to drvsys.o(i.DrvSYS_GetPLLClockFreq) for DrvSYS_GetPLLClockFreq
    drvuart.o(i.GetUartClk) refers to aeabi_sdiv.o(.text) for __aeabi_uidivmod
    drvuart.o(i.UART02_IRQHandler) refers to drvuart.o(.data) for g_pfnUART0callback
    drvuart.o(i.UART1_IRQHandler) refers to drvuart.o(.data) for g_pfnUART1callback
    retarget.o(i.SendChar) refers to retarget.o(i.SendChar_ToUART) for SendChar_ToUART
    retarget.o(i._ttywrch) refers to retarget.o(i.SendChar) for SendChar
    retarget.o(i.fgetc) refers to retarget.o(i.GetChar) for GetChar
    retarget.o(i.fputc) refers to retarget.o(i.SendChar) for SendChar
    eeprom_24lc64.o(i.Read_24LC64) refers to drvsys.o(i.DrvSYS_GetHCLKFreq) for DrvSYS_GetHCLKFreq
    eeprom_24lc64.o(i.Read_24LC64) refers to drvi2c.o(i.DrvI2C_Open) for DrvI2C_Open
    eeprom_24lc64.o(i.Read_24LC64) refers to drvi2c.o(i.DrvI2C_Ctrl) for DrvI2C_Ctrl
    eeprom_24lc64.o(i.Read_24LC64) refers to drvi2c.o(i.DrvI2C_Close) for DrvI2C_Close
    eeprom_24lc64.o(i.Read_24LC64) refers to system_nuc1xx.o(.data) for SystemCoreClock
    eeprom_24lc64.o(i.Write_24LC64) refers to drvsys.o(i.DrvSYS_GetHCLKFreq) for DrvSYS_GetHCLKFreq
    eeprom_24lc64.o(i.Write_24LC64) refers to drvi2c.o(i.DrvI2C_Open) for DrvI2C_Open
    eeprom_24lc64.o(i.Write_24LC64) refers to drvi2c.o(i.DrvI2C_Ctrl) for DrvI2C_Ctrl
    eeprom_24lc64.o(i.Write_24LC64) refers to drvi2c.o(i.DrvI2C_Close) for DrvI2C_Close
    eeprom_24lc64.o(i.Write_24LC64) refers to system_nuc1xx.o(.data) for SystemCoreClock
    lcd_driver.o(i.Disable_Buzzer) refers to drvgpio.o(i.DrvGPIO_Open) for DrvGPIO_Open
    lcd_driver.o(i.Disable_Buzzer) refers to drvgpio.o(i.DrvGPIO_SetBit) for DrvGPIO_SetBit
    lcd_driver.o(i.Initial_pannel) refers to lcd_driver.o(.data) for SPI_PORT
    lcd_driver.o(i.SetPACA) refers to lcd_driver.o(.data) for SPI_PORT
    lcd_driver.o(i.Show_Word) refers to lcd_driver.o(i.SetPACA) for SetPACA
    lcd_driver.o(i.Show_Word) refers to lcd_driver.o(i.WriteData) for WriteData
    lcd_driver.o(i.Show_Word) refers to ascii_table.o(.data) for Ascii
    lcd_driver.o(i.WriteData) refers to lcd_driver.o(.data) for SPI_PORT
    lcd_driver.o(i.clr_all_pannal) refers to lcd_driver.o(i.SetPACA) for SetPACA
    lcd_driver.o(i.clr_all_pannal) refers to lcd_driver.o(i.WriteData) for WriteData
    lcd_driver.o(i.print_lcd) refers to lcd_driver.o(i.Show_Word) for Show_Word
    nau7802.o(i.GetADCResult_NAU7802) refers to nau7802.o(i.rNAU7802_B) for rNAU7802_B
    nau7802.o(i.GetADCResult_NAU7802) refers to nau7802.o(i.rNAU7802) for rNAU7802
    nau7802.o(i.I2C0_Callback_NAU7802) refers to drvcan.o(i.__ARM_common_switch8) for __ARM_common_switch8
    nau7802.o(i.I2C0_Callback_NAU7802) refers to drvi2c.o(i.DrvI2C_WriteData) for DrvI2C_WriteData
    nau7802.o(i.I2C0_Callback_NAU7802) refers to drvi2c.o(i.DrvI2C_Ctrl) for DrvI2C_Ctrl
    nau7802.o(i.I2C0_Callback_NAU7802) refers to drvi2c.o(i.DrvI2C_ReadData) for DrvI2C_ReadData
    nau7802.o(i.I2C0_Callback_NAU7802) refers to nau7802.o(.data) for DataLen
    nau7802.o(i.InitNAU7802) refers to drvgpio.o(i.DrvGPIO_InitFunction) for DrvGPIO_InitFunction
    nau7802.o(i.InitNAU7802) refers to drvi2c.o(i.DrvI2C_Open) for DrvI2C_Open
    nau7802.o(i.InitNAU7802) refers to drvi2c.o(i.DrvI2C_EnableInt) for DrvI2C_EnableInt
    nau7802.o(i.InitNAU7802) refers to drvi2c.o(i.DrvI2C_InstallCallback) for DrvI2C_InstallCallback
    nau7802.o(i.InitNAU7802) refers to nau7802.o(i.wNAU7802_B) for wNAU7802_B
    nau7802.o(i.InitNAU7802) refers to drvsys.o(i.DrvSYS_Delay) for DrvSYS_Delay
    nau7802.o(i.InitNAU7802) refers to nau7802.o(i.rNAU7802_B) for rNAU7802_B
    nau7802.o(i.InitNAU7802) refers to nau7802.o(i.I2C0_Callback_NAU7802) for I2C0_Callback_NAU7802
    nau7802.o(i.rNAU7802) refers to drvi2c.o(i.DrvI2C_Ctrl) for DrvI2C_Ctrl
    nau7802.o(i.rNAU7802) refers to nau7802.o(.data) for Register_Addr
    nau7802.o(i.rNAU7802_B) refers to drvi2c.o(i.DrvI2C_Ctrl) for DrvI2C_Ctrl
    nau7802.o(i.rNAU7802_B) refers to nau7802.o(.data) for Register_Addr
    nau7802.o(i.wNAU7802) refers to drvi2c.o(i.DrvI2C_Ctrl) for DrvI2C_Ctrl
    nau7802.o(i.wNAU7802) refers to nau7802.o(.data) for Register_Addr
    nau7802.o(i.wNAU7802_B) refers to drvi2c.o(i.DrvI2C_Ctrl) for DrvI2C_Ctrl
    nau7802.o(i.wNAU7802_B) refers to nau7802.o(.data) for Register_Addr
    scankey.o(i.CloseKeyPad) refers to drvgpio.o(i.DrvGPIO_Close) for DrvGPIO_Close
    scankey.o(i.OpenKeyPad) refers to drvgpio.o(i.DrvGPIO_Open) for DrvGPIO_Open
    scankey.o(i.Scankey) refers to drvgpio.o(i.DrvGPIO_SetBit) for DrvGPIO_SetBit
    scankey.o(i.Scankey) refers to drvgpio.o(i.DrvGPIO_ClrBit) for DrvGPIO_ClrBit
    scankey.o(i.Scankey) refers to scankey.o(i.delay) for delay
    scankey.o(i.Scankey) refers to drvgpio.o(i.DrvGPIO_GetBit) for DrvGPIO_GetBit
    scankey.o(i.Scankey) refers to scankey.o(.constdata) for .constdata
    seven_segment.o(i.close_seven_segment) refers to drvgpio.o(i.DrvGPIO_ClrBit) for DrvGPIO_ClrBit
    seven_segment.o(i.show_seven_segment) refers to drvgpio.o(i.DrvGPIO_SetBit) for DrvGPIO_SetBit
    seven_segment.o(i.show_seven_segment) refers to drvgpio.o(i.DrvGPIO_ClrBit) for DrvGPIO_ClrBit
    seven_segment.o(i.show_seven_segment) refers to seven_segment.o(.data) for SEG_BUF
    cfg.o(i.AddTask2ReadyTableAtHead) refers to osektask.o(.bss) for osekTask_ReadyTaskTable
    cfg.o(i.AddTask2ReadyTableAtTail) refers to osektask.o(.bss) for osekTask_ReadyTaskTable
    cfg.o(i.AddaReadyBlock) refers to cfg.o(i.AddTask2ReadyTableAtTail) for AddTask2ReadyTableAtTail
    cfg.o(i.AddaReadyBlock) refers to osektask.o(.data) for osekTask_FreeReadyBlock
    cfg.o(i.ClearPriorityMap) refers to osektask.o(.bss) for osekTask_ReadyTaskTable
    cfg.o(i.ClearPriorityMap) refers to osektask.o(.data) for osekTask_PriorityBitMap
    cfg.o(i.Ir_RealTimInt) refers to osekcounter.o(i.CounterTrigger) for CounterTrigger
    cfg.o(i.MoveTaskFromReadyTable) refers to osektask.o(.bss) for osekTask_ReadyTaskTable
    cfg.o(i.ReleaseReadyBlock) refers to osektask.o(.data) for osekTask_FreeReadyBlock
    cfg.o(.constdata) refers to main.o(i.FuncTaskError) for FuncTaskError
    cfg.o(.constdata) refers to main.o(i.FuncTask1) for FuncTask1
    cfg.o(.constdata) refers to main.o(i.FuncTask2) for FuncTask2
    cfg.o(.constdata) refers to main.o(i.FuncTask3) for FuncTask3
    cfg.o(.constdata) refers to cfg.o(.data) for osekMsg_Msg1Object
    cfg.o(.data) refers to cfg.o(i.Ir_RealTimInt) for Ir_RealTimInt
    osekalarm.o(i.AddTask2ReadyTableAtHead) refers to osektask.o(.bss) for osekTask_ReadyTaskTable
    osekalarm.o(i.AddTask2ReadyTableAtTail) refers to osektask.o(.bss) for osekTask_ReadyTaskTable
    osekalarm.o(i.AddaReadyBlock) refers to osekalarm.o(i.AddTask2ReadyTableAtTail) for AddTask2ReadyTableAtTail
    osekalarm.o(i.AddaReadyBlock) refers to osektask.o(.data) for osekTask_FreeReadyBlock
    osekalarm.o(i.CancelAlarm) refers to osekalarm.o(.conststring) for .conststring
    osekalarm.o(i.ClearPriorityMap) refers to osektask.o(.bss) for osekTask_ReadyTaskTable
    osekalarm.o(i.ClearPriorityMap) refers to osektask.o(.data) for osekTask_PriorityBitMap
    osekalarm.o(i.GetAlarm) refers to osekalarm.o(.conststring) for .conststring
    osekalarm.o(i.GetAlarm) refers to osekcounter.o(.bss) for osekCounter_CounterTable
    osekalarm.o(i.GetAlarmBase) refers to osekcounter.o(.bss) for osekCounter_CounterTable
    osekalarm.o(i.MoveTaskFromReadyTable) refers to osektask.o(.bss) for osekTask_ReadyTaskTable
    osekalarm.o(i.NotifyAlarm) refers to osektask.o(i.osekTask_ActiveTask) for osekTask_ActiveTask
    osekalarm.o(i.NotifyAlarm) refers to osektask.o(.bss) for osekTask_TaskTable
    osekalarm.o(i.ReleaseReadyBlock) refers to osektask.o(.data) for osekTask_FreeReadyBlock
    osekalarm.o(i.SetAbsAlarm) refers to osekalarm.o(i.SetAlarm) for SetAlarm
    osekalarm.o(i.SetAbsAlarm) refers to osekcounter.o(.bss) for osekCounter_CounterTable
    osekalarm.o(i.SetAbsAlarm) refers to osekalarm.o(.conststring) for .conststring
    osekalarm.o(i.SetAlarm) refers to osekalarm.o(i.osekAlarm_Check2) for osekAlarm_Check2
    osekalarm.o(i.SetAlarm) refers to osektask.o(i.osekTask_Dispatch) for osekTask_Dispatch
    osekalarm.o(i.SetAlarm) refers to osekcounter.o(.bss) for osekCounter_CounterTable
    osekalarm.o(i.SetRelAlarm) refers to osekalarm.o(i.SetAlarm) for SetAlarm
    osekalarm.o(i.SetRelAlarm) refers to osekcounter.o(.bss) for osekCounter_CounterTable
    osekalarm.o(i.SetRelAlarm) refers to osekalarm.o(.conststring) for .conststring
    osekalarm.o(i.osekAlarm_Check1) refers to osekalarm.o(i.osekAlarm_Check2) for osekAlarm_Check2
    osekalarm.o(i.osekAlarm_Check1) refers to osektask.o(i.osekTask_Dispatch) for osekTask_Dispatch
    osekalarm.o(i.osekAlarm_Check1) refers to osekcounter.o(.bss) for osekCounter_CounterTable
    osekalarm.o(i.osekAlarm_Check2) refers to osekalarm.o(i.NotifyAlarm) for NotifyAlarm
    osekalarm.o(i.osekAlarm_Initialize) refers to osekalarm.o(.bss) for osekAlarm_AlarmTable
    osekalarm.o(i.osekAlarm_Initialize) refers to cfg.o(.data) for osekConfig_AlarmTable
    osekcounter.o(i.AddTask2ReadyTableAtHead) refers to osektask.o(.bss) for osekTask_ReadyTaskTable
    osekcounter.o(i.AddTask2ReadyTableAtTail) refers to osektask.o(.bss) for osekTask_ReadyTaskTable
    osekcounter.o(i.AddaReadyBlock) refers to osekcounter.o(i.AddTask2ReadyTableAtTail) for AddTask2ReadyTableAtTail
    osekcounter.o(i.AddaReadyBlock) refers to osektask.o(.data) for osekTask_FreeReadyBlock
    osekcounter.o(i.ClearPriorityMap) refers to osektask.o(.bss) for osekTask_ReadyTaskTable
    osekcounter.o(i.ClearPriorityMap) refers to osektask.o(.data) for osekTask_PriorityBitMap
    osekcounter.o(i.CounterTrigger) refers to osekalarm.o(i.osekAlarm_Check1) for osekAlarm_Check1
    osekcounter.o(i.CounterTrigger) refers to osekcounter.o(.conststring) for .conststring
    osekcounter.o(i.CounterTrigger) refers to osekcounter.o(.bss) for osekCounter_CounterTable
    osekcounter.o(i.GetCounterInfo) refers to osekcounter.o(.bss) for osekCounter_CounterTable
    osekcounter.o(i.GetCounterValue) refers to osekcounter.o(.bss) for osekCounter_CounterTable
    osekcounter.o(i.InitCounter) refers to osekcounter.o(.bss) for osekCounter_CounterTable
    osekcounter.o(i.InitCounter) refers to osekinterrupt.o(.data) for osekInterrupt_NestedLevl
    osekcounter.o(i.MoveTaskFromReadyTable) refers to osektask.o(.bss) for osekTask_ReadyTaskTable
    osekcounter.o(i.ReleaseReadyBlock) refers to osektask.o(.data) for osekTask_FreeReadyBlock
    osekcounter.o(i.osekCounter_Initialize) refers to osekcounter.o(.bss) for osekCounter_CounterTable
    osekcounter.o(i.osekCounter_Initialize) refers to cfg.o(.data) for osekConfig_CounterTable
    osekdebug.o(i.AddTask2ReadyTableAtHead) refers to osektask.o(.bss) for osekTask_ReadyTaskTable
    osekdebug.o(i.AddTask2ReadyTableAtTail) refers to osektask.o(.bss) for osekTask_ReadyTaskTable
    osekdebug.o(i.AddaReadyBlock) refers to osekdebug.o(i.AddTask2ReadyTableAtTail) for AddTask2ReadyTableAtTail
    osekdebug.o(i.AddaReadyBlock) refers to osektask.o(.data) for osekTask_FreeReadyBlock
    osekdebug.o(i.ClearPriorityMap) refers to osektask.o(.bss) for osekTask_ReadyTaskTable
    osekdebug.o(i.ClearPriorityMap) refers to osektask.o(.data) for osekTask_PriorityBitMap
    osekdebug.o(i.GetTimeStamp) refers to main.o(i.read_timer_value) for read_timer_value
    osekdebug.o(i.MoveTaskFromReadyTable) refers to osektask.o(.bss) for osekTask_ReadyTaskTable
    osekdebug.o(i.ReleaseReadyBlock) refers to osektask.o(.data) for osekTask_FreeReadyBlock
    osekevent.o(i.AddTask2ReadyTableAtHead) refers to osektask.o(.bss) for osekTask_ReadyTaskTable
    osekevent.o(i.AddTask2ReadyTableAtTail) refers to osektask.o(.bss) for osekTask_ReadyTaskTable
    osekevent.o(i.AddaReadyBlock) refers to osekevent.o(i.AddTask2ReadyTableAtTail) for AddTask2ReadyTableAtTail
    osekevent.o(i.AddaReadyBlock) refers to osektask.o(.data) for osekTask_FreeReadyBlock
    osekevent.o(i.ClearPriorityMap) refers to osektask.o(.bss) for osekTask_ReadyTaskTable
    osekevent.o(i.ClearPriorityMap) refers to osektask.o(.data) for osekTask_PriorityBitMap
    osekevent.o(i.MoveTaskFromReadyTable) refers to osektask.o(.bss) for osekTask_ReadyTaskTable
    osekevent.o(i.ReleaseReadyBlock) refers to osektask.o(.data) for osekTask_FreeReadyBlock
    osekexecution.o(i.AddTask2ReadyTableAtHead) refers to osektask.o(.bss) for osekTask_ReadyTaskTable
    osekexecution.o(i.AddTask2ReadyTableAtTail) refers to osektask.o(.bss) for osekTask_ReadyTaskTable
    osekexecution.o(i.AddaReadyBlock) refers to osekexecution.o(i.AddTask2ReadyTableAtTail) for AddTask2ReadyTableAtTail
    osekexecution.o(i.AddaReadyBlock) refers to osektask.o(.data) for osekTask_FreeReadyBlock
    osekexecution.o(i.ClearPriorityMap) refers to osektask.o(.bss) for osekTask_ReadyTaskTable
    osekexecution.o(i.ClearPriorityMap) refers to osektask.o(.data) for osekTask_PriorityBitMap
    osekexecution.o(i.MoveTaskFromReadyTable) refers to osektask.o(.bss) for osekTask_ReadyTaskTable
    osekexecution.o(i.ReleaseReadyBlock) refers to osektask.o(.data) for osekTask_FreeReadyBlock
    osekexecution.o(i.ShutdownOS) refers to main.o(i.ShutdownHook) for ShutdownHook
    osekexecution.o(i.ShutdownOS) refers to osekmessage.o(i.CloseCOM) for CloseCOM
    osekexecution.o(i.StartOS) refers to osektask.o(i.osekTask_Initialize) for osekTask_Initialize
    osekexecution.o(i.StartOS) refers to osekinterrupt.o(i.osekInterrupt_Initialize) for osekInterrupt_Initialize
    osekexecution.o(i.StartOS) refers to osekcounter.o(i.osekCounter_Initialize) for osekCounter_Initialize
    osekexecution.o(i.StartOS) refers to osekalarm.o(i.osekAlarm_Initialize) for osekAlarm_Initialize
    osekexecution.o(i.StartOS) refers to osekmessage.o(i.InitCOM) for InitCOM
    osekexecution.o(i.StartOS) refers to main.o(i.StartupHook) for StartupHook
    osekexecution.o(i.StartOS) refers to osektask.o(i.osekTask_Dispatch) for osekTask_Dispatch
    osekexecution.o(i.StartOS) refers to osekexecution.o(.data) for osekExecution_CurrentAppMode
    osekexecution.o(i.StartOS) refers to osektask.o(.bss) for osekTask_ReadyTaskTable
    osekexecution.o(i.StartOS) refers to osektask.o(.data) for osekTask_RunningTask
    osekhook.o(i.AddTask2ReadyTableAtHead) refers to osektask.o(.bss) for osekTask_ReadyTaskTable
    osekhook.o(i.AddTask2ReadyTableAtTail) refers to osektask.o(.bss) for osekTask_ReadyTaskTable
    osekhook.o(i.AddaReadyBlock) refers to osekhook.o(i.AddTask2ReadyTableAtTail) for AddTask2ReadyTableAtTail
    osekhook.o(i.AddaReadyBlock) refers to osektask.o(.data) for osekTask_FreeReadyBlock
    osekhook.o(i.ClearPriorityMap) refers to osektask.o(.bss) for osekTask_ReadyTaskTable
    osekhook.o(i.ClearPriorityMap) refers to osektask.o(.data) for osekTask_PriorityBitMap
    osekhook.o(i.MoveTaskFromReadyTable) refers to osektask.o(.bss) for osekTask_ReadyTaskTable
    osekhook.o(i.ReleaseReadyBlock) refers to osektask.o(.data) for osekTask_FreeReadyBlock
    osekinterrupt.o(i.AddTask2ReadyTableAtHead) refers to osektask.o(.bss) for osekTask_ReadyTaskTable
    osekinterrupt.o(i.AddTask2ReadyTableAtTail) refers to osektask.o(.bss) for osekTask_ReadyTaskTable
    osekinterrupt.o(i.AddaReadyBlock) refers to osekinterrupt.o(i.AddTask2ReadyTableAtTail) for AddTask2ReadyTableAtTail
    osekinterrupt.o(i.AddaReadyBlock) refers to osektask.o(.data) for osekTask_FreeReadyBlock
    osekinterrupt.o(i.ClearPriorityMap) refers to osektask.o(.bss) for osekTask_ReadyTaskTable
    osekinterrupt.o(i.ClearPriorityMap) refers to osektask.o(.data) for osekTask_PriorityBitMap
    osekinterrupt.o(i.DisableAllInterrupts) refers to osekinterrupt.o(.conststring) for .conststring
    osekinterrupt.o(i.EnableAllInterrupts) refers to osekinterrupt.o(.conststring) for .conststring
    osekinterrupt.o(i.MoveTaskFromReadyTable) refers to osektask.o(.bss) for osekTask_ReadyTaskTable
    osekinterrupt.o(i.ReleaseReadyBlock) refers to osektask.o(.data) for osekTask_FreeReadyBlock
    osekinterrupt.o(i.ResumeAllInterrupts) refers to osekinterrupt.o(.data) for osekInterrupt_NestedAllInt
    osekinterrupt.o(i.ResumeAllInterrupts) refers to osekinterrupt.o(.conststring) for .conststring
    osekinterrupt.o(i.ResumeOSInterrupts) refers to osekinterrupt.o(.data) for osekInterrupt_NestedOsInt
    osekinterrupt.o(i.ResumeOSInterrupts) refers to osekinterrupt.o(.conststring) for .conststring
    osekinterrupt.o(i.SuspendAllInterrupts) refers to osekinterrupt.o(.data) for osekInterrupt_NestedAllInt
    osekinterrupt.o(i.SuspendAllInterrupts) refers to osekinterrupt.o(.conststring) for .conststring
    osekinterrupt.o(i.SuspendOSInterrupts) refers to osekinterrupt.o(.data) for osekInterrupt_NestedOsInt
    osekinterrupt.o(i.SuspendOSInterrupts) refers to osekinterrupt.o(.conststring) for .conststring
    osekinterrupt.o(i.osekInterrupt_Initialize) refers to osekinterrupt.o(.bss) for isr2Stack
    osekinterrupt.o(i.osekInterrupt_Initialize) refers to osekinterrupt.o(.data) for osekInterrupt_IsrStackTop
    osekmessage.o(i.AddTask2ReadyTableAtHead) refers to osektask.o(.bss) for osekTask_ReadyTaskTable
    osekmessage.o(i.AddTask2ReadyTableAtTail) refers to osektask.o(.bss) for osekTask_ReadyTaskTable
    osekmessage.o(i.AddaReadyBlock) refers to osekmessage.o(i.AddTask2ReadyTableAtTail) for AddTask2ReadyTableAtTail
    osekmessage.o(i.AddaReadyBlock) refers to osektask.o(.data) for osekTask_FreeReadyBlock
    osekmessage.o(i.ClearPriorityMap) refers to osektask.o(.bss) for osekTask_ReadyTaskTable
    osekmessage.o(i.ClearPriorityMap) refers to osektask.o(.data) for osekTask_PriorityBitMap
    osekmessage.o(i.MoveTaskFromReadyTable) refers to osektask.o(.bss) for osekTask_ReadyTaskTable
    osekmessage.o(i.Msg_Init) refers to osekmessage.o(.bss) for osekMsg_MessageTable
    osekmessage.o(i.Msg_Init) refers to cfg.o(.constdata) for osekConfig_MsgTable
    osekmessage.o(i.ReceiveMessage) refers to osekmessage.o(i.msg_LockMessage) for msg_LockMessage
    osekmessage.o(i.ReceiveMessage) refers to rt_memcpy.o(.text) for __aeabi_memcpy
    osekmessage.o(i.ReceiveMessage) refers to osekmessage.o(.bss) for osekMsg_MessageTable
    osekmessage.o(i.ReceiveMessage) refers to osekinterrupt.o(.data) for osekInterrupt_NestedLevl
    osekmessage.o(i.ReceiveMessage) refers to osekmessage.o(.conststring) for .conststring
    osekmessage.o(i.ReleaseReadyBlock) refers to osektask.o(.data) for osekTask_FreeReadyBlock
    osekmessage.o(i.SendMessage) refers to osekmessage.o(i.msg_LockMessage) for msg_LockMessage
    osekmessage.o(i.SendMessage) refers to rt_memcpy.o(.text) for __aeabi_memcpy
    osekmessage.o(i.SendMessage) refers to osekmessage.o(i.msg_SignalMessage) for msg_SignalMessage
    osekmessage.o(i.SendMessage) refers to osektask.o(i.osekTask_Dispatch) for osekTask_Dispatch
    osekmessage.o(i.SendMessage) refers to osekmessage.o(.bss) for osekMsg_MessageTable
    osekmessage.o(i.SendMessage) refers to osekinterrupt.o(.data) for osekInterrupt_NestedLevl
    osekmessage.o(i.SendMessage) refers to osekmessage.o(.conststring) for .conststring
    osekmessage.o(i.StartCOM) refers to osekmessage.o(i.Msg_Init) for Msg_Init
    osekmessage.o(i.StartCOM) refers to cfg.o(i.MessageInit) for MessageInit
    osekmessage.o(i.StopCOM) refers to osekmessage.o(.bss) for osekMsg_MessageTable
    osekmessage.o(i.msg_SignalMessage) refers to osektask.o(i.osekTask_ActiveTask) for osekTask_ActiveTask
    osekmessage.o(i.msg_SignalMessage) refers to osektask.o(.bss) for osekTask_TaskTable
    osekresource.o(i.AddTask2ReadyTableAtHead) refers to osektask.o(.bss) for osekTask_ReadyTaskTable
    osekresource.o(i.AddTask2ReadyTableAtTail) refers to osektask.o(.bss) for osekTask_ReadyTaskTable
    osekresource.o(i.AddaReadyBlock) refers to osekresource.o(i.AddTask2ReadyTableAtTail) for AddTask2ReadyTableAtTail
    osekresource.o(i.AddaReadyBlock) refers to osektask.o(.data) for osekTask_FreeReadyBlock
    osekresource.o(i.ClearPriorityMap) refers to osektask.o(.bss) for osekTask_ReadyTaskTable
    osekresource.o(i.ClearPriorityMap) refers to osektask.o(.data) for osekTask_PriorityBitMap
    osekresource.o(i.MoveTaskFromReadyTable) refers to osektask.o(.bss) for osekTask_ReadyTaskTable
    osekresource.o(i.ReleaseReadyBlock) refers to osektask.o(.data) for osekTask_FreeReadyBlock
    osektarget.o(i.AddTask2ReadyTableAtHead) refers to osektask.o(.bss) for osekTask_ReadyTaskTable
    osektarget.o(i.AddTask2ReadyTableAtTail) refers to osektask.o(.bss) for osekTask_ReadyTaskTable
    osektarget.o(i.AddaReadyBlock) refers to osektarget.o(i.AddTask2ReadyTableAtTail) for AddTask2ReadyTableAtTail
    osektarget.o(i.AddaReadyBlock) refers to osektask.o(.data) for osekTask_FreeReadyBlock
    osektarget.o(i.ClearPriorityMap) refers to osektask.o(.bss) for osekTask_ReadyTaskTable
    osektarget.o(i.ClearPriorityMap) refers to osektask.o(.data) for osekTask_PriorityBitMap
    osektarget.o(i.MoveTaskFromReadyTable) refers to osektask.o(.bss) for osekTask_ReadyTaskTable
    osektarget.o(i.ReleaseReadyBlock) refers to osektask.o(.data) for osekTask_FreeReadyBlock
    osektask.o(i.ActivateTask) refers to osektask.o(i.osekTask_ActiveTask) for osekTask_ActiveTask
    osektask.o(i.ActivateTask) refers to osektask.o(i.osekTask_Dispatch) for osekTask_Dispatch
    osektask.o(i.ActivateTask) refers to osektask.o(.bss) for osekTask_TaskTable
    osektask.o(i.ActivateTask) refers to osektask.o(.conststring) for .conststring
    osektask.o(i.AddTask2ReadyTableAtHead) refers to osektask.o(.bss) for osekTask_ReadyTaskTable
    osektask.o(i.AddTask2ReadyTableAtTail) refers to osektask.o(.bss) for osekTask_ReadyTaskTable
    osektask.o(i.AddaReadyBlock) refers to osektask.o(i.AddTask2ReadyTableAtTail) for AddTask2ReadyTableAtTail
    osektask.o(i.AddaReadyBlock) refers to osektask.o(.data) for osekTask_FreeReadyBlock
    osektask.o(i.ChainTask) refers to osektask.o(i.MoveTaskFromReadyTable) for MoveTaskFromReadyTable
    osektask.o(i.ChainTask) refers to osektask.o(i.AddTask2ReadyTableAtTail) for AddTask2ReadyTableAtTail
    osektask.o(i.ChainTask) refers to osektask.o(i.ReleaseReadyBlock) for ReleaseReadyBlock
    osektask.o(i.ChainTask) refers to osektask.o(i.ClearPriorityMap) for ClearPriorityMap
    osektask.o(i.ChainTask) refers to osektask.o(i.AddaReadyBlock) for AddaReadyBlock
    osektask.o(i.ChainTask) refers to osektask.o(i.osekTask_TerminateDispatch) for osekTask_TerminateDispatch
    osektask.o(i.ChainTask) refers to osektask.o(.data) for osekTask_RunningTask
    osektask.o(i.ChainTask) refers to osekinterrupt.o(.data) for osekInterrupt_NestedLevl
    osektask.o(i.ChainTask) refers to osektask.o(.bss) for osekTask_TaskTable
    osektask.o(i.ChainTask) refers to osektask.o(.conststring) for .conststring
    osektask.o(i.ClearPriorityMap) refers to osektask.o(.bss) for osekTask_ReadyTaskTable
    osektask.o(i.ClearPriorityMap) refers to osektask.o(.data) for osekTask_PriorityBitMap
    osektask.o(i.GetTaskID) refers to osektask.o(.data) for osekTask_RunningTask
    osektask.o(i.GetTaskState) refers to osektask.o(.data) for osekTask_RunningTask
    osektask.o(i.GetTaskState) refers to osektask.o(.bss) for osekTask_TaskTable
    osektask.o(i.MoveTaskFromReadyTable) refers to osektask.o(.bss) for osekTask_ReadyTaskTable
    osektask.o(i.ReleaseReadyBlock) refers to osektask.o(.data) for osekTask_FreeReadyBlock
    osektask.o(i.Schedule) refers to osektask.o(i.osekTask_Dispatch) for osekTask_Dispatch
    osektask.o(i.Schedule) refers to osektask.o(.data) for osekTask_RunningTask
    osektask.o(i.Schedule) refers to osekinterrupt.o(.data) for osekInterrupt_NestedLevl
    osektask.o(i.Schedule) refers to osektask.o(.conststring) for .conststring
    osektask.o(i.TerminateTask) refers to osektask.o(i.MoveTaskFromReadyTable) for MoveTaskFromReadyTable
    osektask.o(i.TerminateTask) refers to osektask.o(i.ReleaseReadyBlock) for ReleaseReadyBlock
    osektask.o(i.TerminateTask) refers to osektask.o(i.ClearPriorityMap) for ClearPriorityMap
    osektask.o(i.TerminateTask) refers to osektask.o(i.osekTask_TerminateDispatch) for osekTask_TerminateDispatch
    osektask.o(i.TerminateTask) refers to osektask.o(.data) for osekTask_RunningTask
    osektask.o(i.TerminateTask) refers to osekinterrupt.o(.data) for osekInterrupt_NestedLevl
    osektask.o(i.osekTask_ActiveTask) refers to osektask.o(i.AddaReadyBlock) for AddaReadyBlock
    osektask.o(i.osekTask_ActiveTask) refers to osektask.o(.data) for osekTask_RunningTask
    osektask.o(i.osekTask_ActiveTask) refers to osekinterrupt.o(.data) for osekInterrupt_NestedLevl
    osektask.o(i.osekTask_ChangeRunningTaskPriority) refers to osektask.o(i.MoveTaskFromReadyTable) for MoveTaskFromReadyTable
    osektask.o(i.osekTask_ChangeRunningTaskPriority) refers to osektask.o(i.ClearPriorityMap) for ClearPriorityMap
    osektask.o(i.osekTask_ChangeRunningTaskPriority) refers to osektask.o(i.AddTask2ReadyTableAtHead) for AddTask2ReadyTableAtHead
    osektask.o(i.osekTask_ChangeRunningTaskPriority) refers to osektask.o(.data) for osekTask_RunningTask
    osektask.o(i.osekTask_Dispatch) refers to osektarget.o(.emb_text) for osekTarget_SaveContext
    osektask.o(i.osekTask_Dispatch) refers to osektask.o(.data) for osekTask_SchedulerLockLevel
    osektask.o(i.osekTask_Dispatch) refers to osekinterrupt.o(.data) for osekInterrupt_NestedLevl
    osektask.o(i.osekTask_Dispatch) refers to osektask.o(.bss) for osekTask_ReadyTaskTable
    osektask.o(i.osekTask_Dispatch) refers to osektarget.o(.data) for osekTarget_SavedBTSP
    osektask.o(i.osekTask_Initialize) refers to osektask.o(i.AddaReadyBlock) for AddaReadyBlock
    osektask.o(i.osekTask_Initialize) refers to osektask.o(.data) for osekTask_SchedulerLockLevel
    osektask.o(i.osekTask_Initialize) refers to osektask.o(.bss) for osekTask_ReadyBlock
    osektask.o(i.osekTask_Initialize) refers to cfg.o(.constdata) for osekConfig_TaskTable
    osektask.o(i.osekTask_TerminateDispatch) refers to osektarget.o(.emb_text) for osekTarget_RestoreContext
    osektask.o(i.osekTask_TerminateDispatch) refers to osektask.o(.data) for osekTask_PriorityIndexTable
    osektask.o(i.osekTask_TerminateDispatch) refers to osektask.o(.bss) for osekTask_ReadyTaskTable
    osektask.o(i.osekTask_TerminateDispatch) refers to osektarget.o(.data) for osekTarget_SavedBTSP
    osektask.o(i.osekTask_WaitTask) refers to osektask.o(i.MoveTaskFromReadyTable) for MoveTaskFromReadyTable
    osektask.o(i.osekTask_WaitTask) refers to osektask.o(i.ReleaseReadyBlock) for ReleaseReadyBlock
    osektask.o(i.osekTask_WaitTask) refers to osektask.o(i.ClearPriorityMap) for ClearPriorityMap
    osektask.o(i.osekTask_WaitTask) refers to osektask.o(i.osekTask_Dispatch) for osekTask_Dispatch
    osektask.o(i.osekTask_WaitTask) refers to osektask.o(.data) for osekTask_RunningTask
    osektask.o(i.osekTask_WakeTask) refers to osektask.o(i.AddaReadyBlock) for AddaReadyBlock
    osektask.o(i.osekTask_WakeTask) refers to osektask.o(.data) for osekTask_RunningTask
    osektask.o(i.osekTask_WakeTask) refers to osekinterrupt.o(.data) for osekInterrupt_NestedLevl
    main.o(i.AddTask2ReadyTableAtHead) refers to osektask.o(.bss) for osekTask_ReadyTaskTable
    main.o(i.AddTask2ReadyTableAtTail) refers to osektask.o(.bss) for osekTask_ReadyTaskTable
    main.o(i.AddaReadyBlock) refers to main.o(i.AddTask2ReadyTableAtTail) for AddTask2ReadyTableAtTail
    main.o(i.AddaReadyBlock) refers to osektask.o(.data) for osekTask_FreeReadyBlock
    main.o(i.ClearPriorityMap) refers to osektask.o(.bss) for osekTask_ReadyTaskTable
    main.o(i.ClearPriorityMap) refers to osektask.o(.data) for osekTask_PriorityBitMap
    main.o(i.MoveTaskFromReadyTable) refers to osektask.o(.bss) for osekTask_ReadyTaskTable
    main.o(i.ReleaseReadyBlock) refers to osektask.o(.data) for osekTask_FreeReadyBlock
    main.o(i.main) refers to init.o(i.OSEK_CPU_INIT) for OSEK_CPU_INIT
    main.o(i.main) refers to init.o(i.OSEK_TIMER_START) for OSEK_TIMER_START
    main.o(i.main) refers to osekexecution.o(i.StartOS) for StartOS
    main.o(i.read_timer_value) refers to drvtimer.o(i.DrvTIMER_GetCounters) for DrvTIMER_GetCounters
    rt_memcpy.o(.text) refers to rt_memcpy.o(.emb_text) for __aeabi_memcpy4
    __main.o(!!!main) refers to __rtentry.o(.ARM.Collect$$rtentry$$00000000) for __rt_entry
    __rtentry.o(.ARM.Collect$$rtentry$$00000000) refers (Special) to __rtentry2.o(.ARM.Collect$$rtentry$$0000000A) for __rt_entry_li
    __rtentry.o(.ARM.Collect$$rtentry$$00000000) refers (Special) to __rtentry2.o(.ARM.Collect$$rtentry$$0000000D) for __rt_entry_main
    __rtentry.o(.ARM.Collect$$rtentry$$00000000) refers (Special) to __rtentry2.o(.ARM.Collect$$rtentry$$0000000C) for __rt_entry_postli_1
    __rtentry.o(.ARM.Collect$$rtentry$$00000000) refers (Special) to __rtentry2.o(.ARM.Collect$$rtentry$$00000009) for __rt_entry_postsh_1
    __rtentry.o(.ARM.Collect$$rtentry$$00000000) refers (Special) to __rtentry2.o(.ARM.Collect$$rtentry$$00000002) for __rt_entry_presh_1
    __rtentry.o(.ARM.Collect$$rtentry$$00000000) refers (Special) to __rtentry4.o(.ARM.Collect$$rtentry$$00000004) for __rt_entry_sh
    aeabi_idiv0_sigfpe.o(.text) refers to rt_div0.o(.text) for __rt_div0
    __rtentry2.o(.ARM.Collect$$rtentry$$00000008) refers to boardinit2.o(.text) for _platform_post_stackheap_init
    __rtentry2.o(.ARM.Collect$$rtentry$$0000000A) refers to libinit.o(.ARM.Collect$$libinit$$00000000) for __rt_lib_init
    __rtentry2.o(.ARM.Collect$$rtentry$$0000000B) refers to boardinit3.o(.text) for _platform_post_lib_init
    __rtentry2.o(.ARM.Collect$$rtentry$$0000000D) refers to main.o(i.main) for main
    __rtentry2.o(.ARM.Collect$$rtentry$$0000000D) refers to exit.o(.text) for exit
    __rtentry2.o(.ARM.exidx) refers to __rtentry2.o(.ARM.Collect$$rtentry$$00000001) for .ARM.Collect$$rtentry$$00000001
    __rtentry2.o(.ARM.exidx) refers to __rtentry2.o(.ARM.Collect$$rtentry$$00000008) for .ARM.Collect$$rtentry$$00000008
    __rtentry2.o(.ARM.exidx) refers to __rtentry2.o(.ARM.Collect$$rtentry$$0000000A) for .ARM.Collect$$rtentry$$0000000A
    __rtentry2.o(.ARM.exidx) refers to __rtentry2.o(.ARM.Collect$$rtentry$$0000000B) for .ARM.Collect$$rtentry$$0000000B
    __rtentry2.o(.ARM.exidx) refers to __rtentry2.o(.ARM.Collect$$rtentry$$0000000D) for .ARM.Collect$$rtentry$$0000000D
    __rtentry4.o(.ARM.Collect$$rtentry$$00000004) refers to sys_stackheap_outer.o(.text) for __user_setup_stackheap
    __rtentry4.o(.ARM.exidx) refers to __rtentry4.o(.ARM.Collect$$rtentry$$00000004) for .ARM.Collect$$rtentry$$00000004
    rt_div0.o(.text) refers to defsig_fpe_outer.o(.text) for __rt_SIGFPE
    sys_stackheap_outer.o(.text) refers to libspace.o(.text) for __user_perproc_libspace
    sys_stackheap_outer.o(.text) refers to startup_nuc1xx.o(.text) for __user_initial_stackheap
    sys_stackheap_outer.o(__vectab_stack_and_reset_area) refers to tempstk.o(.text) for __temporary_stack_top
    sys_stackheap_outer.o(__vectab_stack_and_reset_area) refers to __main.o(!!!main) for __main
    exit.o(.text) refers to rtexit.o(.ARM.Collect$$rtexit$$00000000) for __rt_exit
    defsig_fpe_outer.o(.text) refers to defsig_fpe_inner.o(.text) for __rt_SIGFPE_inner
    defsig_fpe_outer.o(.text) refers to defsig_exit.o(.text) for __sig_exit
    defsig_fpe_formal.o(.text) refers to rt_raise.o(.text) for __rt_raise
    libinit.o(.ARM.Collect$$libinit$$00000000) refers (Special) to libinit2.o(.ARM.Collect$$libinit$$0000002E) for __rt_lib_init_alloca_1
    libinit.o(.ARM.Collect$$libinit$$00000000) refers (Special) to libinit2.o(.ARM.Collect$$libinit$$0000002C) for __rt_lib_init_argv_1
    libinit.o(.ARM.Collect$$libinit$$00000000) refers (Special) to libinit2.o(.ARM.Collect$$libinit$$0000001B) for __rt_lib_init_atexit_1
    libinit.o(.ARM.Collect$$libinit$$00000000) refers (Special) to libinit2.o(.ARM.Collect$$libinit$$00000021) for __rt_lib_init_clock_1
    libinit.o(.ARM.Collect$$libinit$$00000000) refers (Special) to libinit2.o(.ARM.Collect$$libinit$$00000032) for __rt_lib_init_cpp_1
    libinit.o(.ARM.Collect$$libinit$$00000000) refers (Special) to libinit2.o(.ARM.Collect$$libinit$$00000030) for __rt_lib_init_exceptions_1
    libinit.o(.ARM.Collect$$libinit$$00000000) refers (Special) to libinit2.o(.ARM.Collect$$libinit$$00000002) for __rt_lib_init_fp_1
    libinit.o(.ARM.Collect$$libinit$$00000000) refers (Special) to libinit2.o(.ARM.Collect$$libinit$$0000001F) for __rt_lib_init_fp_trap_1
    libinit.o(.ARM.Collect$$libinit$$00000000) refers (Special) to libinit2.o(.ARM.Collect$$libinit$$00000023) for __rt_lib_init_getenv_1
    libinit.o(.ARM.Collect$$libinit$$00000000) refers (Special) to libinit2.o(.ARM.Collect$$libinit$$0000000A) for __rt_lib_init_heap_1
    libinit.o(.ARM.Collect$$libinit$$00000000) refers (Special) to libinit2.o(.ARM.Collect$$libinit$$00000011) for __rt_lib_init_lc_collate_1
    libinit.o(.ARM.Collect$$libinit$$00000000) refers (Special) to libinit2.o(.ARM.Collect$$libinit$$00000013) for __rt_lib_init_lc_ctype_1
    libinit.o(.ARM.Collect$$libinit$$00000000) refers (Special) to libinit2.o(.ARM.Collect$$libinit$$00000015) for __rt_lib_init_lc_monetary_1
    libinit.o(.ARM.Collect$$libinit$$00000000) refers (Special) to libinit2.o(.ARM.Collect$$libinit$$00000017) for __rt_lib_init_lc_numeric_1
    libinit.o(.ARM.Collect$$libinit$$00000000) refers (Special) to libinit2.o(.ARM.Collect$$libinit$$00000019) for __rt_lib_init_lc_time_1
    libinit.o(.ARM.Collect$$libinit$$00000000) refers (Special) to libinit2.o(.ARM.Collect$$libinit$$00000004) for __rt_lib_init_preinit_1
    libinit.o(.ARM.Collect$$libinit$$00000000) refers (Special) to libinit2.o(.ARM.Collect$$libinit$$0000000E) for __rt_lib_init_rand_1
    libinit.o(.ARM.Collect$$libinit$$00000000) refers (Special) to libinit2.o(.ARM.Collect$$libinit$$00000033) for __rt_lib_init_return
    libinit.o(.ARM.Collect$$libinit$$00000000) refers (Special) to libinit2.o(.ARM.Collect$$libinit$$0000001D) for __rt_lib_init_signal_1
    libinit.o(.ARM.Collect$$libinit$$00000000) refers (Special) to libinit2.o(.ARM.Collect$$libinit$$00000025) for __rt_lib_init_stdio_1
    libinit.o(.ARM.Collect$$libinit$$00000000) refers (Special) to libinit2.o(.ARM.Collect$$libinit$$0000000C) for __rt_lib_init_user_alloc_1
    libspace.o(.text) refers to libspace.o(.bss) for __libspace_start
    rtexit.o(.ARM.Collect$$rtexit$$00000000) refers (Special) to rtexit2.o(.ARM.Collect$$rtexit$$00000004) for __rt_exit_exit
    rtexit.o(.ARM.Collect$$rtexit$$00000000) refers (Special) to rtexit2.o(.ARM.Collect$$rtexit$$00000003) for __rt_exit_ls
    rtexit.o(.ARM.Collect$$rtexit$$00000000) refers (Special) to rtexit2.o(.ARM.Collect$$rtexit$$00000002) for __rt_exit_prels_1
    rtexit.o(.ARM.exidx) refers (Special) to rtexit2.o(.ARM.Collect$$rtexit$$00000004) for __rt_exit_exit
    rtexit.o(.ARM.exidx) refers (Special) to rtexit2.o(.ARM.Collect$$rtexit$$00000003) for __rt_exit_ls
    rtexit.o(.ARM.exidx) refers (Special) to rtexit2.o(.ARM.Collect$$rtexit$$00000002) for __rt_exit_prels_1
    rtexit.o(.ARM.exidx) refers to rtexit.o(.ARM.Collect$$rtexit$$00000000) for .ARM.Collect$$rtexit$$00000000
    rt_raise.o(.text) refers to __raise.o(.text) for __raise
    rt_raise.o(.text) refers to sys_exit.o(.text) for _sys_exit
    defsig_exit.o(.text) refers to sys_exit.o(.text) for _sys_exit
    defsig_fpe_inner.o(.text) refers to defsig_general.o(.text) for __default_signal_display
    libinit2.o(.ARM.Collect$$libinit$$00000010) refers to libinit2.o(.ARM.Collect$$libinit$$0000000F) for .ARM.Collect$$libinit$$0000000F
    libinit2.o(.ARM.Collect$$libinit$$00000012) refers to libinit2.o(.ARM.Collect$$libinit$$0000000F) for .ARM.Collect$$libinit$$0000000F
    libinit2.o(.ARM.Collect$$libinit$$00000014) refers to libinit2.o(.ARM.Collect$$libinit$$0000000F) for .ARM.Collect$$libinit$$0000000F
    libinit2.o(.ARM.Collect$$libinit$$00000016) refers to libinit2.o(.ARM.Collect$$libinit$$0000000F) for .ARM.Collect$$libinit$$0000000F
    libinit2.o(.ARM.Collect$$libinit$$00000018) refers to libinit2.o(.ARM.Collect$$libinit$$0000000F) for .ARM.Collect$$libinit$$0000000F
    libinit2.o(.ARM.Collect$$libinit$$00000026) refers to argv_veneer.o(.text) for __ARM_argv_veneer
    libinit2.o(.ARM.Collect$$libinit$$00000027) refers to argv_veneer.o(.text) for __ARM_argv_veneer
    sys_exit.o(.text) refers (Special) to use_no_semi.o(.text) for __I$use$semihosting
    sys_exit.o(.text) refers (Special) to indicate_semi.o(.text) for __semihosting_library_function
    rtexit2.o(.ARM.Collect$$rtexit$$00000003) refers to libshutdown.o(.ARM.Collect$$libshutdown$$00000000) for __rt_lib_shutdown
    rtexit2.o(.ARM.Collect$$rtexit$$00000004) refers to sys_exit.o(.text) for _sys_exit
    rtexit2.o(.ARM.exidx) refers to rtexit2.o(.ARM.Collect$$rtexit$$00000001) for .ARM.Collect$$rtexit$$00000001
    rtexit2.o(.ARM.exidx) refers to rtexit2.o(.ARM.Collect$$rtexit$$00000003) for .ARM.Collect$$rtexit$$00000003
    rtexit2.o(.ARM.exidx) refers to rtexit2.o(.ARM.Collect$$rtexit$$00000004) for .ARM.Collect$$rtexit$$00000004
    __raise.o(.text) refers to defsig.o(CL$$defsig) for __default_signal_handler
    defsig_general.o(.text) refers to retarget.o(i._ttywrch) for _ttywrch
    defsig.o(CL$$defsig) refers to defsig_fpe_inner.o(.text) for __rt_SIGFPE_inner
    defsig.o(CL$$defsig) refers to defsig_rtmem_inner.o(.text) for __rt_SIGRTMEM_inner
    _get_argv_nomalloc.o(.text) refers (Special) to hrguard.o(.text) for __heap_region$guard
    _get_argv_nomalloc.o(.text) refers to defsig_rtmem_outer.o(.text) for __rt_SIGRTMEM
    _get_argv_nomalloc.o(.text) refers to sys_command.o(.text) for _sys_command_string
    libshutdown.o(.ARM.Collect$$libshutdown$$00000000) refers (Special) to libshutdown2.o(.ARM.Collect$$libshutdown$$00000002) for __rt_lib_shutdown_cpp_1
    libshutdown.o(.ARM.Collect$$libshutdown$$00000000) refers (Special) to libshutdown2.o(.ARM.Collect$$libshutdown$$00000007) for __rt_lib_shutdown_fp_trap_1
    libshutdown.o(.ARM.Collect$$libshutdown$$00000000) refers (Special) to libshutdown2.o(.ARM.Collect$$libshutdown$$0000000F) for __rt_lib_shutdown_heap_1
    libshutdown.o(.ARM.Collect$$libshutdown$$00000000) refers (Special) to libshutdown2.o(.ARM.Collect$$libshutdown$$00000010) for __rt_lib_shutdown_return
    libshutdown.o(.ARM.Collect$$libshutdown$$00000000) refers (Special) to libshutdown2.o(.ARM.Collect$$libshutdown$$0000000A) for __rt_lib_shutdown_signal_1
    libshutdown.o(.ARM.Collect$$libshutdown$$00000000) refers (Special) to libshutdown2.o(.ARM.Collect$$libshutdown$$00000004) for __rt_lib_shutdown_stdio_1
    libshutdown.o(.ARM.Collect$$libshutdown$$00000000) refers (Special) to libshutdown2.o(.ARM.Collect$$libshutdown$$0000000C) for __rt_lib_shutdown_user_alloc_1
    sys_command.o(.text) refers (Special) to use_no_semi.o(.text) for __I$use$semihosting
    sys_command.o(.text) refers (Special) to indicate_semi.o(.text) for __semihosting_library_function
    defsig_abrt_inner.o(.text) refers to defsig_general.o(.text) for __default_signal_display
    defsig_rtred_inner.o(.text) refers to defsig_general.o(.text) for __default_signal_display
    defsig_rtmem_inner.o(.text) refers to defsig_general.o(.text) for __default_signal_display
    defsig_rtmem_outer.o(.text) refers to defsig_rtmem_inner.o(.text) for __rt_SIGRTMEM_inner
    defsig_rtmem_outer.o(.text) refers to defsig_exit.o(.text) for __sig_exit
    defsig_rtmem_formal.o(.text) refers to rt_raise.o(.text) for __rt_raise
    defsig_stak_inner.o(.text) refers to defsig_general.o(.text) for __default_signal_display
    defsig_pvfn_inner.o(.text) refers to defsig_general.o(.text) for __default_signal_display
    defsig_cppl_inner.o(.text) refers to defsig_general.o(.text) for __default_signal_display
    defsig_segv_inner.o(.text) refers to defsig_general.o(.text) for __default_signal_display
    defsig_other.o(.text) refers to defsig_general.o(.text) for __default_signal_display


==============================================================================

Removing Unused input sections from the image.

    Removing core_cm0.o(.emb_text), (32 bytes).
    Removing system_nuc1xx.o(i.SystemCoreClockUpdate), (160 bytes).
    Removing system_nuc1xx.o(.data), (28 bytes).
    Removing init.o(i.AddTask2ReadyTableAtHead), (32 bytes).
    Removing init.o(i.AddTask2ReadyTableAtTail), (44 bytes).
    Removing init.o(i.AddaReadyBlock), (128 bytes).
    Removing init.o(i.ClearPriorityMap), (72 bytes).
    Removing init.o(i.Delay), (12 bytes).
    Removing init.o(i.MoveTaskFromReadyTable), (28 bytes).
    Removing init.o(i.ReleaseReadyBlock), (16 bytes).
    Removing drvadc.o(i.DrvADC_Close), (112 bytes).
    Removing drvadc.o(i.DrvADC_ConfigADCChannel7), (72 bytes).
    Removing drvadc.o(i.DrvADC_DiffModeOutputFormat), (28 bytes).
    Removing drvadc.o(i.DrvADC_DisableADCCmp0), (20 bytes).
    Removing drvadc.o(i.DrvADC_DisableADCCmp0Int), (20 bytes).
    Removing drvadc.o(i.DrvADC_DisableADCCmp1), (20 bytes).
    Removing drvadc.o(i.DrvADC_DisableADCCmp1Int), (20 bytes).
    Removing drvadc.o(i.DrvADC_DisableADCInt), (20 bytes).
    Removing drvadc.o(i.DrvADC_DisableExtTrigger), (20 bytes).
    Removing drvadc.o(i.DrvADC_DisablePDMA), (20 bytes).
    Removing drvadc.o(i.DrvADC_DisableSelfCalibration), (20 bytes).
    Removing drvadc.o(i.DrvADC_EnableADCCmp0), (148 bytes).
    Removing drvadc.o(i.DrvADC_EnableADCCmp0Int), (72 bytes).
    Removing drvadc.o(i.DrvADC_EnableADCCmp1), (148 bytes).
    Removing drvadc.o(i.DrvADC_EnableADCCmp1Int), (72 bytes).
    Removing drvadc.o(i.DrvADC_EnableADCInt), (72 bytes).
    Removing drvadc.o(i.DrvADC_EnableExtTrigger), (80 bytes).
    Removing drvadc.o(i.DrvADC_EnablePDMA), (32 bytes).
    Removing drvadc.o(i.DrvADC_EnableSelfCalibration), (20 bytes).
    Removing drvadc.o(i.DrvADC_GetConversionData), (92 bytes).
    Removing drvadc.o(i.DrvADC_GetConversionRate), (168 bytes).
    Removing drvadc.o(i.DrvADC_GetVersion), (8 bytes).
    Removing drvadc.o(i.DrvADC_IsCalibrationDone), (24 bytes).
    Removing drvadc.o(i.DrvADC_IsConversionDone), (24 bytes).
    Removing drvadc.o(i.DrvADC_IsDataOverrun), (60 bytes).
    Removing drvadc.o(i.DrvADC_IsDataValid), (60 bytes).
    Removing drvadc.o(i.DrvADC_Open), (224 bytes).
    Removing drvadc.o(i.DrvADC_SetADCChannel), (24 bytes).
    Removing drvadc.o(i.DrvADC_SetADCClkSrc), (28 bytes).
    Removing drvadc.o(i.DrvADC_SetADCDivisor), (32 bytes).
    Removing drvadc.o(i.DrvADC_SetADCInputMode), (44 bytes).
    Removing drvadc.o(i.DrvADC_SetADCOperationMode), (60 bytes).
    Removing drvadc.o(i.DrvADC_StartConvert), (36 bytes).
    Removing drvadc.o(i.DrvADC_StopConvert), (20 bytes).
    Removing drvadc.o(i.NVIC_EnableIRQ), (20 bytes).
    Removing drvadc.o(i.NVIC_SetPriority), (120 bytes).
    Removing drvcan.o(i.DrvCAN_BasicReceiveMsg), (200 bytes).
    Removing drvcan.o(i.DrvCAN_BasicSendMsg), (296 bytes).
    Removing drvcan.o(i.DrvCAN_Close), (76 bytes).
    Removing drvcan.o(i.DrvCAN_DisableInt), (80 bytes).
    Removing drvcan.o(i.DrvCAN_DisableWakeUp), (12 bytes).
    Removing drvcan.o(i.DrvCAN_EnableInt), (104 bytes).
    Removing drvcan.o(i.DrvCAN_EnableWakeUp), (12 bytes).
    Removing drvcan.o(i.DrvCAN_EnterInitMode), (36 bytes).
    Removing drvcan.o(i.DrvCAN_EnterTestMode), (24 bytes).
    Removing drvcan.o(i.DrvCAN_GetCANBitRate), (80 bytes).
    Removing drvcan.o(i.DrvCAN_GetRxErrCount), (16 bytes).
    Removing drvcan.o(i.DrvCAN_GetTxErrCount), (12 bytes).
    Removing drvcan.o(i.DrvCAN_GetVersion), (8 bytes).
    Removing drvcan.o(i.DrvCAN_Init), (56 bytes).
    Removing drvcan.o(i.DrvCAN_InstallCallback), (72 bytes).
    Removing drvcan.o(i.DrvCAN_IsIntPending), (40 bytes).
    Removing drvcan.o(i.DrvCAN_IsNewDataReceived), (40 bytes).
    Removing drvcan.o(i.DrvCAN_IsObjectValid), (40 bytes).
    Removing drvcan.o(i.DrvCAN_IsTxRqstPending), (40 bytes).
    Removing drvcan.o(i.DrvCAN_LeaveInitMode), (44 bytes).
    Removing drvcan.o(i.DrvCAN_LeaveTestMode), (44 bytes).
    Removing drvcan.o(i.DrvCAN_Open), (244 bytes).
    Removing drvcan.o(i.DrvCAN_ReadMsgObj), (240 bytes).
    Removing drvcan.o(i.DrvCAN_ResetAllMsgObj), (22 bytes).
    Removing drvcan.o(i.DrvCAN_ResetIF), (124 bytes).
    Removing drvcan.o(i.DrvCAN_ResetMsgObj), (148 bytes).
    Removing drvcan.o(i.DrvCAN_SetMsgObjMask), (236 bytes).
    Removing drvcan.o(i.DrvCAN_SetRxMsgObj), (284 bytes).
    Removing drvcan.o(i.DrvCAN_SetTiming), (100 bytes).
    Removing drvcan.o(i.DrvCAN_SetTxMsgObj), (296 bytes).
    Removing drvcan.o(i.DrvCAN_SetTxRqst), (40 bytes).
    Removing drvcan.o(i.DrvCAN_UninstallCallback), (84 bytes).
    Removing drvcan.o(i.DrvCAN_WaitEndOfTx), (24 bytes).
    Removing drvcan.o(i.DrvCAN_WaitMsg), (44 bytes).
    Removing drvcan.o(i.NVIC_SetPriority), (120 bytes).
    Removing drvebi.o(i.DrvEBI_Close), (36 bytes).
    Removing drvebi.o(i.DrvEBI_GetBusTiming), (68 bytes).
    Removing drvebi.o(i.DrvEBI_GetVersion), (8 bytes).
    Removing drvebi.o(i.DrvEBI_Open), (108 bytes).
    Removing drvebi.o(i.DrvEBI_SetBusTiming), (164 bytes).
    Removing drvfmc.o(i.DrvFMC_BootSelect), (36 bytes).
    Removing drvfmc.o(i.DrvFMC_DisableAPUpdate), (20 bytes).
    Removing drvfmc.o(i.DrvFMC_DisableConfigUpdate), (20 bytes).
    Removing drvfmc.o(i.DrvFMC_DisableISP), (20 bytes).
    Removing drvfmc.o(i.DrvFMC_DisableLDUpdate), (20 bytes).
    Removing drvfmc.o(i.DrvFMC_DisableLowFreqOptMode), (20 bytes).
    Removing drvfmc.o(i.DrvFMC_DisablePowerSaving), (20 bytes).
    Removing drvfmc.o(i.DrvFMC_EnableAPUpdate), (20 bytes).
    Removing drvfmc.o(i.DrvFMC_EnableConfigUpdate), (20 bytes).
    Removing drvfmc.o(i.DrvFMC_EnableISP), (72 bytes).
    Removing drvfmc.o(i.DrvFMC_EnableLDUpdate), (20 bytes).
    Removing drvfmc.o(i.DrvFMC_EnableLowFreqOptMode), (20 bytes).
    Removing drvfmc.o(i.DrvFMC_EnablePowerSaving), (20 bytes).
    Removing drvfmc.o(i.DrvFMC_Erase), (132 bytes).
    Removing drvfmc.o(i.DrvFMC_GetBootSelect), (16 bytes).
    Removing drvfmc.o(i.DrvFMC_GetVersion), (8 bytes).
    Removing drvfmc.o(i.DrvFMC_Read), (140 bytes).
    Removing drvfmc.o(i.DrvFMC_ReadDataFlashBaseAddr), (12 bytes).
    Removing drvfmc.o(i.DrvFMC_Write), (136 bytes).
    Removing drvfmc.o(i.DrvFMC_WriteConfig), (60 bytes).
    Removing drvfmc.o(i.__set_PRIMASK), (6 bytes).
    Removing drvgpio.o(i.DrvGPIO_Close), (68 bytes).
    Removing drvgpio.o(i.DrvGPIO_ClrBit), (44 bytes).
    Removing drvgpio.o(i.DrvGPIO_ClrBitMask), (36 bytes).
    Removing drvgpio.o(i.DrvGPIO_ClrPortMask), (32 bytes).
    Removing drvgpio.o(i.DrvGPIO_DisableDebounce), (52 bytes).
    Removing drvgpio.o(i.DrvGPIO_DisableDigitalInputBit), (40 bytes).
    Removing drvgpio.o(i.DrvGPIO_DisableEINT0), (36 bytes).
    Removing drvgpio.o(i.DrvGPIO_DisableEINT1), (36 bytes).
    Removing drvgpio.o(i.DrvGPIO_DisableInt), (80 bytes).
    Removing drvgpio.o(i.DrvGPIO_EnableDebounce), (52 bytes).
    Removing drvgpio.o(i.DrvGPIO_EnableDigitalInputBit), (40 bytes).
    Removing drvgpio.o(i.DrvGPIO_EnableEINT0), (152 bytes).
    Removing drvgpio.o(i.DrvGPIO_EnableEINT1), (152 bytes).
    Removing drvgpio.o(i.DrvGPIO_EnableInt), (240 bytes).
    Removing drvgpio.o(i.DrvGPIO_GetBit), (44 bytes).
    Removing drvgpio.o(i.DrvGPIO_GetBitMask), (28 bytes).
    Removing drvgpio.o(i.DrvGPIO_GetDebounceSampleCycle), (16 bytes).
    Removing drvgpio.o(i.DrvGPIO_GetDoutBit), (40 bytes).
    Removing drvgpio.o(i.DrvGPIO_GetIntStatus), (16 bytes).
    Removing drvgpio.o(i.DrvGPIO_GetPortBits), (16 bytes).
    Removing drvgpio.o(i.DrvGPIO_GetPortDoutBits), (28 bytes).
    Removing drvgpio.o(i.DrvGPIO_GetPortMask), (16 bytes).
    Removing drvgpio.o(i.DrvGPIO_GetVersion), (8 bytes).
    Removing drvgpio.o(i.DrvGPIO_Open), (136 bytes).
    Removing drvgpio.o(i.DrvGPIO_SetBit), (44 bytes).
    Removing drvgpio.o(i.DrvGPIO_SetBitMask), (36 bytes).
    Removing drvgpio.o(i.DrvGPIO_SetDebounceTime), (64 bytes).
    Removing drvgpio.o(i.DrvGPIO_SetIntCallback), (20 bytes).
    Removing drvgpio.o(i.DrvGPIO_SetPortBits), (20 bytes).
    Removing drvgpio.o(i.DrvGPIO_SetPortMask), (32 bytes).
    Removing drvgpio.o(i.NVIC_DisableIRQ), (20 bytes).
    Removing drvgpio.o(i.NVIC_EnableIRQ), (20 bytes).
    Removing drvgpio.o(i.NVIC_SetPriority), (120 bytes).
    Removing drvi2c.o(i.DrvI2C_ClearIntFlag), (44 bytes).
    Removing drvi2c.o(i.DrvI2C_ClearTimeoutFlag), (44 bytes).
    Removing drvi2c.o(i.DrvI2C_Close), (144 bytes).
    Removing drvi2c.o(i.DrvI2C_Ctrl), (84 bytes).
    Removing drvi2c.o(i.DrvI2C_DisableInt), (60 bytes).
    Removing drvi2c.o(i.DrvI2C_EnableInt), (80 bytes).
    Removing drvi2c.o(i.DrvI2C_GetClockFreq), (48 bytes).
    Removing drvi2c.o(i.DrvI2C_GetIntFlag), (36 bytes).
    Removing drvi2c.o(i.DrvI2C_GetStatus), (28 bytes).
    Removing drvi2c.o(i.DrvI2C_GetVersion), (8 bytes).
    Removing drvi2c.o(i.DrvI2C_InstallCallback), (124 bytes).
    Removing drvi2c.o(i.DrvI2C_Open), (208 bytes).
    Removing drvi2c.o(i.DrvI2C_ReadData), (32 bytes).
    Removing drvi2c.o(i.DrvI2C_SetAddress), (392 bytes).
    Removing drvi2c.o(i.DrvI2C_SetAddressMask), (252 bytes).
    Removing drvi2c.o(i.DrvI2C_SetClockFreq), (72 bytes).
    Removing drvi2c.o(i.DrvI2C_SetTimeoutCounter), (104 bytes).
    Removing drvi2c.o(i.DrvI2C_UninstallCallBack), (140 bytes).
    Removing drvi2c.o(i.DrvI2C_WriteData), (24 bytes).
    Removing drvi2c.o(i.NVIC_DisableIRQ), (20 bytes).
    Removing drvi2c.o(i.NVIC_EnableIRQ), (20 bytes).
    Removing drvi2c.o(i.NVIC_SetPriority), (120 bytes).
    Removing drvi2s.o(i.DrvI2S_ClearRxFIFO), (24 bytes).
    Removing drvi2s.o(i.DrvI2S_ClearTxFIFO), (24 bytes).
    Removing drvi2s.o(i.DrvI2S_Close), (72 bytes).
    Removing drvi2s.o(i.DrvI2S_DisableInt), (128 bytes).
    Removing drvi2s.o(i.DrvI2S_DisableMCLK), (20 bytes).
    Removing drvi2s.o(i.DrvI2S_DisableRx), (20 bytes).
    Removing drvi2s.o(i.DrvI2S_DisableRxDMA), (20 bytes).
    Removing drvi2s.o(i.DrvI2S_DisableTx), (20 bytes).
    Removing drvi2s.o(i.DrvI2S_DisableTxDMA), (20 bytes).
    Removing drvi2s.o(i.DrvI2S_DisableTxMute), (20 bytes).
    Removing drvi2s.o(i.DrvI2S_EnableInt), (136 bytes).
    Removing drvi2s.o(i.DrvI2S_EnableMCLK), (24 bytes).
    Removing drvi2s.o(i.DrvI2S_EnableRx), (20 bytes).
    Removing drvi2s.o(i.DrvI2S_EnableRxDMA), (24 bytes).
    Removing drvi2s.o(i.DrvI2S_EnableTx), (20 bytes).
    Removing drvi2s.o(i.DrvI2S_EnableTxDMA), (24 bytes).
    Removing drvi2s.o(i.DrvI2S_EnableTxMute), (20 bytes).
    Removing drvi2s.o(i.DrvI2S_GetBCLKFreq), (32 bytes).
    Removing drvi2s.o(i.DrvI2S_GetMCLKFreq), (40 bytes).
    Removing drvi2s.o(i.DrvI2S_GetSourceClockFreq), (76 bytes).
    Removing drvi2s.o(i.DrvI2S_GetVersion), (8 bytes).
    Removing drvi2s.o(i.DrvI2S_Open), (288 bytes).
    Removing drvi2s.o(i.DrvI2S_SelectClockSource), (24 bytes).
    Removing drvi2s.o(i.DrvI2S_SetBCLKFreq), (68 bytes).
    Removing drvi2s.o(i.DrvI2S_SetChannelZeroCrossDetect), (76 bytes).
    Removing drvi2s.o(i.DrvI2S_SetMCLKFreq), (56 bytes).
    Removing drvi2s.o(i.NVIC_SetPriority), (120 bytes).
    Removing drvpdma.o(i.DrvPDMA_CHEnableTransfer), (48 bytes).
    Removing drvpdma.o(i.DrvPDMA_CHSoftwareReset), (40 bytes).
    Removing drvpdma.o(i.DrvPDMA_ClearIntFlag), (20 bytes).
    Removing drvpdma.o(i.DrvPDMA_Close), (28 bytes).
    Removing drvpdma.o(i.DrvPDMA_DisableInt), (64 bytes).
    Removing drvpdma.o(i.DrvPDMA_EnableInt), (84 bytes).
    Removing drvpdma.o(i.DrvPDMA_GetAPBTransferWidth), (32 bytes).
    Removing drvpdma.o(i.DrvPDMA_GetCHForAPBDevice), (220 bytes).
    Removing drvpdma.o(i.DrvPDMA_GetCurrentDestAddr), (24 bytes).
    Removing drvpdma.o(i.DrvPDMA_GetCurrentSourceAddr), (24 bytes).
    Removing drvpdma.o(i.DrvPDMA_GetDestAddress), (28 bytes).
    Removing drvpdma.o(i.DrvPDMA_GetInternalBufPointer), (28 bytes).
    Removing drvpdma.o(i.DrvPDMA_GetRemainTransferCount), (24 bytes).
    Removing drvpdma.o(i.DrvPDMA_GetSharedBufData), (24 bytes).
    Removing drvpdma.o(i.DrvPDMA_GetSourceAddress), (28 bytes).
    Removing drvpdma.o(i.DrvPDMA_GetTransferLength), (36 bytes).
    Removing drvpdma.o(i.DrvPDMA_GetVersion), (8 bytes).
    Removing drvpdma.o(i.DrvPDMA_Init), (20 bytes).
    Removing drvpdma.o(i.DrvPDMA_InstallCallBack), (40 bytes).
    Removing drvpdma.o(i.DrvPDMA_IsCHBusy), (32 bytes).
    Removing drvpdma.o(i.DrvPDMA_IsIntEnabled), (60 bytes).
    Removing drvpdma.o(i.DrvPDMA_Open), (168 bytes).
    Removing drvpdma.o(i.DrvPDMA_PollInt), (24 bytes).
    Removing drvpdma.o(i.DrvPDMA_SetAPBTransferWidth), (52 bytes).
    Removing drvpdma.o(i.DrvPDMA_SetCHForAPBDevice), (444 bytes).
    Removing drvpdma.o(i.DrvPDMA_SetDestAddress), (32 bytes).
    Removing drvpdma.o(i.DrvPDMA_SetSourceAddress), (32 bytes).
    Removing drvps2.o(i.DrvPS2_ClearInt), (36 bytes).
    Removing drvps2.o(i.DrvPS2_Close), (80 bytes).
    Removing drvps2.o(i.DrvPS2_DisableInt), (72 bytes).
    Removing drvps2.o(i.DrvPS2_EnableInt), (92 bytes).
    Removing drvps2.o(i.DrvPS2_GetIntStatus), (60 bytes).
    Removing drvps2.o(i.DrvPS2_GetVersion), (8 bytes).
    Removing drvps2.o(i.DrvPS2_IsIntEnabled), (20 bytes).
    Removing drvps2.o(i.DrvPS2_Open), (116 bytes).
    Removing drvps2.o(i.DrvPS2_Read), (16 bytes).
    Removing drvps2.o(i.DrvPS2_SetTxFIFODepth), (28 bytes).
    Removing drvps2.o(i.DrvPS2_Write), (172 bytes).
    Removing drvps2.o(i.NVIC_SetPriority), (120 bytes).
    Removing drvpwm.o(i.DrvPWM_ClearCaptureIntStatus), (688 bytes).
    Removing drvpwm.o(i.DrvPWM_ClearInt), (388 bytes).
    Removing drvpwm.o(i.DrvPWM_Close), (92 bytes).
    Removing drvpwm.o(i.DrvPWM_DisableInt), (680 bytes).
    Removing drvpwm.o(i.DrvPWM_Enable), (608 bytes).
    Removing drvpwm.o(i.DrvPWM_EnableDeadZone), (220 bytes).
    Removing drvpwm.o(i.DrvPWM_EnableInt), (1116 bytes).
    Removing drvpwm.o(i.DrvPWM_GetCaptureIntStatus), (248 bytes).
    Removing drvpwm.o(i.DrvPWM_GetFallingCounter), (44 bytes).
    Removing drvpwm.o(i.DrvPWM_GetIntFlag), (192 bytes).
    Removing drvpwm.o(i.DrvPWM_GetRisingCounter), (44 bytes).
    Removing drvpwm.o(i.DrvPWM_GetTimerCounter), (52 bytes).
    Removing drvpwm.o(i.DrvPWM_GetVersion), (8 bytes).
    Removing drvpwm.o(i.DrvPWM_IsTimerEnabled), (100 bytes).
    Removing drvpwm.o(i.DrvPWM_Open), (56 bytes).
    Removing drvpwm.o(i.DrvPWM_SelectClearLatchFlagOption), (92 bytes).
    Removing drvpwm.o(i.DrvPWM_SelectClockSource), (132 bytes).
    Removing drvpwm.o(i.DrvPWM_SetTimerClk), (2072 bytes).
    Removing drvpwm.o(i.DrvPWM_SetTimerCounter), (48 bytes).
    Removing drvpwm.o(i.DrvPWM_SetTimerIO), (212 bytes).
    Removing drvpwm.o(i.NVIC_DisableIRQ), (20 bytes).
    Removing drvpwm.o(i.NVIC_EnableIRQ), (20 bytes).
    Removing drvpwm.o(i.NVIC_SetPriority), (120 bytes).
    Removing drvrtc.o(i.DrcRTC_IsLeapYear), (20 bytes).
    Removing drvrtc.o(i.DrvRTC_Close), (48 bytes).
    Removing drvrtc.o(i.DrvRTC_DisableInt), (108 bytes).
    Removing drvrtc.o(i.DrvRTC_EnableInt), (124 bytes).
    Removing drvrtc.o(i.DrvRTC_GetIntTick), (12 bytes).
    Removing drvrtc.o(i.DrvRTC_GetVersion), (8 bytes).
    Removing drvrtc.o(i.DrvRTC_Init), (156 bytes).
    Removing drvrtc.o(i.DrvRTC_Open), (516 bytes).
    Removing drvrtc.o(i.DrvRTC_Read), (584 bytes).
    Removing drvrtc.o(i.DrvRTC_ResetIntTick), (12 bytes).
    Removing drvrtc.o(i.DrvRTC_SetFrequencyCompensation), (92 bytes).
    Removing drvrtc.o(i.DrvRTC_SetTickMode), (68 bytes).
    Removing drvrtc.o(i.DrvRTC_Write), (756 bytes).
    Removing drvrtc.o(i.DrvRTC_WriteEnable), (104 bytes).
    Removing drvrtc.o(i.NVIC_SetPriority), (120 bytes).
    Removing drvspi.o(i.DrvSPI_3WireAbort), (32 bytes).
    Removing drvspi.o(i.DrvSPI_BurstRead), (72 bytes).
    Removing drvspi.o(i.DrvSPI_BurstTransfer), (112 bytes).
    Removing drvspi.o(i.DrvSPI_BurstWrite), (72 bytes).
    Removing drvspi.o(i.DrvSPI_Close), (324 bytes).
    Removing drvspi.o(i.DrvSPI_Clr3WireStartIntFlag), (32 bytes).
    Removing drvspi.o(i.DrvSPI_ClrGo), (28 bytes).
    Removing drvspi.o(i.DrvSPI_ClrIntFlag), (32 bytes).
    Removing drvspi.o(i.DrvSPI_ClrSS), (48 bytes).
    Removing drvspi.o(i.DrvSPI_Disable3Wire), (28 bytes).
    Removing drvspi.o(i.DrvSPI_Disable3WireStartInt), (100 bytes).
    Removing drvspi.o(i.DrvSPI_DisableAutoSS), (44 bytes).
    Removing drvspi.o(i.DrvSPI_DisableDivOne), (28 bytes).
    Removing drvspi.o(i.DrvSPI_DisableInt), (100 bytes).
    Removing drvspi.o(i.DrvSPI_DumpRxRegister), (48 bytes).
    Removing drvspi.o(i.DrvSPI_Enable3Wire), (32 bytes).
    Removing drvspi.o(i.DrvSPI_Enable3WireStartInt), (140 bytes).
    Removing drvspi.o(i.DrvSPI_EnableAutoSS), (56 bytes).
    Removing drvspi.o(i.DrvSPI_EnableDivOne), (28 bytes).
    Removing drvspi.o(i.DrvSPI_EnableInt), (140 bytes).
    Removing drvspi.o(i.DrvSPI_Get3WireStartIntFlag), (20 bytes).
    Removing drvspi.o(i.DrvSPI_GetClock1Freq), (36 bytes).
    Removing drvspi.o(i.DrvSPI_GetClock2Freq), (36 bytes).
    Removing drvspi.o(i.DrvSPI_GetIntFlag), (20 bytes).
    Removing drvspi.o(i.DrvSPI_GetLevelTriggerStatus), (32 bytes).
    Removing drvspi.o(i.DrvSPI_GetVersion), (8 bytes).
    Removing drvspi.o(i.DrvSPI_IsBusy), (20 bytes).
    Removing drvspi.o(i.DrvSPI_Open), (972 bytes).
    Removing drvspi.o(i.DrvSPI_Set2BitTransferMode), (80 bytes).
    Removing drvspi.o(i.DrvSPI_SetBitLength), (64 bytes).
    Removing drvspi.o(i.DrvSPI_SetByteReorder), (112 bytes).
    Removing drvspi.o(i.DrvSPI_SetClockFreq), (212 bytes).
    Removing drvspi.o(i.DrvSPI_SetEndian), (60 bytes).
    Removing drvspi.o(i.DrvSPI_SetGo), (28 bytes).
    Removing drvspi.o(i.DrvSPI_SetPDMA), (112 bytes).
    Removing drvspi.o(i.DrvSPI_SetSS), (36 bytes).
    Removing drvspi.o(i.DrvSPI_SetSlaveSelectActiveLevel), (36 bytes).
    Removing drvspi.o(i.DrvSPI_SetSuspendCycle), (88 bytes).
    Removing drvspi.o(i.DrvSPI_SetTriggerMode), (36 bytes).
    Removing drvspi.o(i.DrvSPI_SetTxRegister), (48 bytes).
    Removing drvspi.o(i.DrvSPI_SetVariableClockFunction), (68 bytes).
    Removing drvspi.o(i.DrvSPI_SingleRead), (64 bytes).
    Removing drvspi.o(i.DrvSPI_SingleWrite), (64 bytes).
    Removing drvspi.o(i.NVIC_DisableIRQ), (20 bytes).
    Removing drvspi.o(i.NVIC_EnableIRQ), (20 bytes).
    Removing drvspi.o(i.NVIC_SetPriority), (120 bytes).
    Removing drvspi.o(.data), (16 bytes).
    Removing drvsys.o(i.DrvSYS_ClearClockSwitchStatus), (20 bytes).
    Removing drvsys.o(i.DrvSYS_ClearResetSource), (12 bytes).
    Removing drvsys.o(i.DrvSYS_Delay), (44 bytes).
    Removing drvsys.o(i.DrvSYS_DisableBODLowPowerMode), (18 bytes).
    Removing drvsys.o(i.DrvSYS_DisableHighPerformanceMode), (18 bytes).
    Removing drvsys.o(i.DrvSYS_DisableLowVoltReset), (18 bytes).
    Removing drvsys.o(i.DrvSYS_DisablePOR), (12 bytes).
    Removing drvsys.o(i.DrvSYS_DisableTemperatureSensor), (18 bytes).
    Removing drvsys.o(i.DrvSYS_EnableBODLowPowerMode), (20 bytes).
    Removing drvsys.o(i.DrvSYS_EnableHighPerformanceMode), (20 bytes).
    Removing drvsys.o(i.DrvSYS_EnableLowVoltReset), (20 bytes).
    Removing drvsys.o(i.DrvSYS_EnablePOR), (10 bytes).
    Removing drvsys.o(i.DrvSYS_EnableTemperatureSensor), (20 bytes).
    Removing drvsys.o(i.DrvSYS_EnterPowerDown), (56 bytes).
    Removing drvsys.o(i.DrvSYS_GetBODState), (12 bytes).
    Removing drvsys.o(i.DrvSYS_GetChipClockSourceStatus), (88 bytes).
    Removing drvsys.o(i.DrvSYS_GetClockSwitchStatus), (16 bytes).
    Removing drvsys.o(i.DrvSYS_GetPLLContent), (196 bytes).
    Removing drvsys.o(i.DrvSYS_GetResetSource), (8 bytes).
    Removing drvsys.o(i.DrvSYS_GetVersion), (8 bytes).
    Removing drvsys.o(i.DrvSYS_IsProtectedRegLocked), (16 bytes).
    Removing drvsys.o(i.DrvSYS_LockProtectedReg), (36 bytes).
    Removing drvsys.o(i.DrvSYS_Open), (192 bytes).
    Removing drvsys.o(i.DrvSYS_ReadProductID), (8 bytes).
    Removing drvsys.o(i.DrvSYS_ResetCPU), (20 bytes).
    Removing drvsys.o(i.DrvSYS_ResetChip), (20 bytes).
    Removing drvsys.o(i.DrvSYS_ResetIP), (110 bytes).
    Removing drvsys.o(i.DrvSYS_SelectBODVolt), (26 bytes).
    Removing drvsys.o(i.DrvSYS_SelectHCLKSource), (56 bytes).
    Removing drvsys.o(i.DrvSYS_SelectIPClockSource), (352 bytes).
    Removing drvsys.o(i.DrvSYS_SelectPLLSource), (32 bytes).
    Removing drvsys.o(i.DrvSYS_SelectSysTickSource), (52 bytes).
    Removing drvsys.o(i.DrvSYS_SetBODFunction), (92 bytes).
    Removing drvsys.o(i.DrvSYS_SetClockDivider), (136 bytes).
    Removing drvsys.o(i.DrvSYS_SetFreqDividerOutput), (76 bytes).
    Removing drvsys.o(i.DrvSYS_SetIPClock), (120 bytes).
    Removing drvsys.o(i.DrvSYS_SetOscCtrl), (128 bytes).
    Removing drvsys.o(i.DrvSYS_SetPLLContent), (76 bytes).
    Removing drvsys.o(i.DrvSYS_SetPLLMode), (52 bytes).
    Removing drvsys.o(i.DrvSYS_SetPowerDownWakeUpInt), (108 bytes).
    Removing drvsys.o(i.DrvSYS_UnlockProtectedReg), (44 bytes).
    Removing drvsys.o(i.NVIC_DisableIRQ), (20 bytes).
    Removing drvsys.o(i.NVIC_EnableIRQ), (20 bytes).
    Removing drvsys.o(i.NVIC_SetPriority), (120 bytes).
    Removing drvtimer.o(i.AddTask2ReadyTableAtHead), (32 bytes).
    Removing drvtimer.o(i.AddTask2ReadyTableAtTail), (44 bytes).
    Removing drvtimer.o(i.AddaReadyBlock), (128 bytes).
    Removing drvtimer.o(i.ClearPriorityMap), (72 bytes).
    Removing drvtimer.o(i.DrvTIMER_ClearCaptureIntFlag), (68 bytes).
    Removing drvtimer.o(i.DrvTIMER_ClearIntFlag), (100 bytes).
    Removing drvtimer.o(i.DrvTIMER_ClearTimerEvent), (212 bytes).
    Removing drvtimer.o(i.DrvTIMER_Close), (212 bytes).
    Removing drvtimer.o(i.DrvTIMER_CloseCapture), (60 bytes).
    Removing drvtimer.o(i.DrvTIMER_Delay), (38 bytes).
    Removing drvtimer.o(i.DrvTIMER_DisableCapture), (64 bytes).
    Removing drvtimer.o(i.DrvTIMER_DisableCaptureDebounce), (64 bytes).
    Removing drvtimer.o(i.DrvTIMER_DisableCaptureInt), (64 bytes).
    Removing drvtimer.o(i.DrvTIMER_DisableCounterDebounce), (64 bytes).
    Removing drvtimer.o(i.DrvTIMER_DisableInt), (76 bytes).
    Removing drvtimer.o(i.DrvTIMER_EnableCapture), (68 bytes).
    Removing drvtimer.o(i.DrvTIMER_EnableCaptureDebounce), (68 bytes).
    Removing drvtimer.o(i.DrvTIMER_EnableCaptureInt), (68 bytes).
    Removing drvtimer.o(i.DrvTIMER_EnableCounterDebounce), (68 bytes).
    Removing drvtimer.o(i.DrvTIMER_GetCaptureData), (56 bytes).
    Removing drvtimer.o(i.DrvTIMER_GetCaptureIntFlag), (60 bytes).
    Removing drvtimer.o(i.DrvTIMER_GetCounters), (56 bytes).
    Removing drvtimer.o(i.DrvTIMER_GetIntFlag), (72 bytes).
    Removing drvtimer.o(i.DrvTIMER_GetIntTicks), (68 bytes).
    Removing drvtimer.o(i.DrvTIMER_GetVersion), (8 bytes).
    Removing drvtimer.o(i.DrvTIMER_OpenCapture), (96 bytes).
    Removing drvtimer.o(i.DrvTIMER_OpenCounter), (564 bytes).
    Removing drvtimer.o(i.DrvTIMER_ResetIntTicks), (84 bytes).
    Removing drvtimer.o(i.DrvTIMER_SelectCaptureEdge), (76 bytes).
    Removing drvtimer.o(i.DrvTIMER_SelectCounterDetectPhase), (76 bytes).
    Removing drvtimer.o(i.DrvTIMER_SelectExternalMode), (76 bytes).
    Removing drvtimer.o(i.DrvTIMER_SetTimerEvent), (600 bytes).
    Removing drvtimer.o(i.DrvTIMER_StartCounter), (92 bytes).
    Removing drvtimer.o(i.DrvWDT_Close), (80 bytes).
    Removing drvtimer.o(i.DrvWDT_InstallISR), (28 bytes).
    Removing drvtimer.o(i.DrvWDT_Ioctl), (224 bytes).
    Removing drvtimer.o(i.DrvWDT_Open), (88 bytes).
    Removing drvtimer.o(i.Initial_Timer), (32 bytes).
    Removing drvtimer.o(i.MoveTaskFromReadyTable), (28 bytes).
    Removing drvtimer.o(i.NVIC_DisableIRQ), (20 bytes).
    Removing drvtimer.o(i.ReleaseReadyBlock), (16 bytes).
    Removing drvtimer.o(i.Timer_Start), (10 bytes).
    Removing drvuart.o(i.BaudRateCalculator), (212 bytes).
    Removing drvuart.o(i.DrvUART_ClearIntFlag), (164 bytes).
    Removing drvuart.o(i.DrvUART_Close), (176 bytes).
    Removing drvuart.o(i.DrvUART_DisableInt), (184 bytes).
    Removing drvuart.o(i.DrvUART_DisablePDMA), (76 bytes).
    Removing drvuart.o(i.DrvUART_EnableInt), (256 bytes).
    Removing drvuart.o(i.DrvUART_EnablePDMA), (84 bytes).
    Removing drvuart.o(i.DrvUART_GetCTSInfo), (28 bytes).
    Removing drvuart.o(i.DrvUART_GetIntStatus), (20 bytes).
    Removing drvuart.o(i.DrvUART_GetVersion), (8 bytes).
    Removing drvuart.o(i.DrvUART_Open), (616 bytes).
    Removing drvuart.o(i.DrvUART_Read), (64 bytes).
    Removing drvuart.o(i.DrvUART_SetFnIRDA), (88 bytes).
    Removing drvuart.o(i.DrvUART_SetFnLIN), (76 bytes).
    Removing drvuart.o(i.DrvUART_SetFnRS485), (196 bytes).
    Removing drvuart.o(i.DrvUART_SetRTS), (52 bytes).
    Removing drvuart.o(i.DrvUART_Write), (64 bytes).
    Removing drvuart.o(i.GetUartClk), (72 bytes).
    Removing drvuart.o(i.NVIC_DisableIRQ), (20 bytes).
    Removing drvuart.o(i.NVIC_EnableIRQ), (20 bytes).
    Removing retarget.o(i.GetChar), (28 bytes).
    Removing retarget.o(i.IsDebugFifoEmpty), (16 bytes).
    Removing retarget.o(i.SendChar), (12 bytes).
    Removing retarget.o(i.SendChar_ToUART), (48 bytes).
    Removing retarget.o(i._ttywrch), (12 bytes).
    Removing retarget.o(i.ferror), (8 bytes).
    Removing retarget.o(i.fgetc), (10 bytes).
    Removing retarget.o(i.fputc), (16 bytes).
    Removing retarget.o(i.kbhit), (20 bytes).
    Removing retarget.o(.data), (8 bytes).
    Removing ascii_table.o(.data), (1520 bytes).
    Removing eeprom_24lc64.o(i.Read_24LC64), (316 bytes).
    Removing eeprom_24lc64.o(i.Write_24LC64), (280 bytes).
    Removing lcd_driver.o(i.Disable_Buzzer), (22 bytes).
    Removing lcd_driver.o(i.Show_Word), (120 bytes).
    Removing lcd_driver.o(i.SysTimerDelay), (40 bytes).
    Removing lcd_driver.o(i.print_lcd), (40 bytes).
    Removing nau7802.o(i.GetADCResult_NAU7802), (72 bytes).
    Removing nau7802.o(i.I2C0_Callback_NAU7802), (408 bytes).
    Removing nau7802.o(i.InitNAU7802), (144 bytes).
    Removing nau7802.o(i.rNAU7802), (68 bytes).
    Removing nau7802.o(i.rNAU7802_B), (76 bytes).
    Removing nau7802.o(i.wNAU7802), (68 bytes).
    Removing nau7802.o(i.wNAU7802_B), (72 bytes).
    Removing nau7802.o(.data), (11 bytes).
    Removing scankey.o(i.CloseKeyPad), (24 bytes).
    Removing scankey.o(i.OpenKeyPad), (26 bytes).
    Removing scankey.o(i.Scankey), (132 bytes).
    Removing scankey.o(i.delay), (16 bytes).
    Removing scankey.o(.constdata), (4 bytes).
    Removing seven_segment.o(i.close_seven_segment), (36 bytes).
    Removing seven_segment.o(i.show_seven_segment), (64 bytes).
    Removing seven_segment.o(.data), (10 bytes).
    Removing cfg.o(i.AddTask2ReadyTableAtHead), (32 bytes).
    Removing cfg.o(i.AddTask2ReadyTableAtTail), (44 bytes).
    Removing cfg.o(i.AddaReadyBlock), (128 bytes).
    Removing cfg.o(i.ClearPriorityMap), (72 bytes).
    Removing cfg.o(i.MessageInit), (2 bytes).
    Removing cfg.o(i.MoveTaskFromReadyTable), (28 bytes).
    Removing cfg.o(i.ReleaseReadyBlock), (16 bytes).
    Removing osekalarm.o(i.AddTask2ReadyTableAtHead), (32 bytes).
    Removing osekalarm.o(i.AddTask2ReadyTableAtTail), (44 bytes).
    Removing osekalarm.o(i.AddaReadyBlock), (128 bytes).
    Removing osekalarm.o(i.CancelAlarm), (76 bytes).
    Removing osekalarm.o(i.ClearPriorityMap), (72 bytes).
    Removing osekalarm.o(i.GetAlarm), (108 bytes).
    Removing osekalarm.o(i.GetAlarmBase), (40 bytes).
    Removing osekalarm.o(i.MoveTaskFromReadyTable), (28 bytes).
    Removing osekalarm.o(i.ReleaseReadyBlock), (16 bytes).
    Removing osekalarm.o(i.SetAbsAlarm), (120 bytes).
    Removing osekalarm.o(i.SetAlarm), (92 bytes).
    Removing osekalarm.o(i.SetRelAlarm), (184 bytes).
    Removing osekalarm.o(.conststring), (328 bytes).
    Removing osekcounter.o(i.AddTask2ReadyTableAtHead), (32 bytes).
    Removing osekcounter.o(i.AddTask2ReadyTableAtTail), (44 bytes).
    Removing osekcounter.o(i.AddaReadyBlock), (128 bytes).
    Removing osekcounter.o(i.ClearPriorityMap), (72 bytes).
    Removing osekcounter.o(i.GetCounterInfo), (36 bytes).
    Removing osekcounter.o(i.GetCounterValue), (32 bytes).
    Removing osekcounter.o(i.InitCounter), (64 bytes).
    Removing osekcounter.o(i.MoveTaskFromReadyTable), (28 bytes).
    Removing osekcounter.o(i.ReleaseReadyBlock), (16 bytes).
    Removing osekdebug.o(i.AddTask2ReadyTableAtHead), (32 bytes).
    Removing osekdebug.o(i.AddTask2ReadyTableAtTail), (44 bytes).
    Removing osekdebug.o(i.AddaReadyBlock), (128 bytes).
    Removing osekdebug.o(i.ClearPriorityMap), (72 bytes).
    Removing osekdebug.o(i.GetRunningStackUsage), (6 bytes).
    Removing osekdebug.o(i.GetStackUsage), (18 bytes).
    Removing osekdebug.o(i.GetTimeStamp), (12 bytes).
    Removing osekdebug.o(i.MoveTaskFromReadyTable), (28 bytes).
    Removing osekdebug.o(i.ReleaseReadyBlock), (16 bytes).
    Removing osekevent.o(i.AddTask2ReadyTableAtHead), (32 bytes).
    Removing osekevent.o(i.AddTask2ReadyTableAtTail), (44 bytes).
    Removing osekevent.o(i.AddaReadyBlock), (128 bytes).
    Removing osekevent.o(i.ClearPriorityMap), (72 bytes).
    Removing osekevent.o(i.MoveTaskFromReadyTable), (28 bytes).
    Removing osekevent.o(i.ReleaseReadyBlock), (16 bytes).
    Removing osekexecution.o(i.AddTask2ReadyTableAtHead), (32 bytes).
    Removing osekexecution.o(i.AddTask2ReadyTableAtTail), (44 bytes).
    Removing osekexecution.o(i.AddaReadyBlock), (128 bytes).
    Removing osekexecution.o(i.ClearPriorityMap), (72 bytes).
    Removing osekexecution.o(i.MoveTaskFromReadyTable), (28 bytes).
    Removing osekexecution.o(i.ReleaseReadyBlock), (16 bytes).
    Removing osekexecution.o(i.ShutdownOS), (36 bytes).
    Removing osekhook.o(i.AddTask2ReadyTableAtHead), (32 bytes).
    Removing osekhook.o(i.AddTask2ReadyTableAtTail), (44 bytes).
    Removing osekhook.o(i.AddaReadyBlock), (128 bytes).
    Removing osekhook.o(i.ClearPriorityMap), (72 bytes).
    Removing osekhook.o(i.MoveTaskFromReadyTable), (28 bytes).
    Removing osekhook.o(i.ReleaseReadyBlock), (16 bytes).
    Removing osekinterrupt.o(i.AddTask2ReadyTableAtHead), (32 bytes).
    Removing osekinterrupt.o(i.AddTask2ReadyTableAtTail), (44 bytes).
    Removing osekinterrupt.o(i.AddaReadyBlock), (128 bytes).
    Removing osekinterrupt.o(i.ClearPriorityMap), (72 bytes).
    Removing osekinterrupt.o(i.DisableAllInterrupts), (16 bytes).
    Removing osekinterrupt.o(i.EnableAllInterrupts), (16 bytes).
    Removing osekinterrupt.o(i.MoveTaskFromReadyTable), (28 bytes).
    Removing osekinterrupt.o(i.ReleaseReadyBlock), (16 bytes).
    Removing osekinterrupt.o(i.ResumeAllInterrupts), (48 bytes).
    Removing osekinterrupt.o(i.ResumeOSInterrupts), (48 bytes).
    Removing osekinterrupt.o(i.SuspendAllInterrupts), (36 bytes).
    Removing osekinterrupt.o(i.SuspendOSInterrupts), (36 bytes).
    Removing osekinterrupt.o(.conststring), (1197 bytes).
    Removing osekmessage.o(i.AddTask2ReadyTableAtHead), (32 bytes).
    Removing osekmessage.o(i.AddTask2ReadyTableAtTail), (44 bytes).
    Removing osekmessage.o(i.AddaReadyBlock), (128 bytes).
    Removing osekmessage.o(i.ClearPriorityMap), (72 bytes).
    Removing osekmessage.o(i.CloseCOM), (4 bytes).
    Removing osekmessage.o(i.MoveTaskFromReadyTable), (28 bytes).
    Removing osekmessage.o(i.Msg_Init), (56 bytes).
    Removing osekmessage.o(i.ReceiveMessage), (132 bytes).
    Removing osekmessage.o(i.ReleaseReadyBlock), (16 bytes).
    Removing osekmessage.o(i.SendMessage), (168 bytes).
    Removing osekmessage.o(i.StartCOM), (16 bytes).
    Removing osekmessage.o(i.StopCOM), (44 bytes).
    Removing osekmessage.o(i.msg_LockMessage), (28 bytes).
    Removing osekmessage.o(i.msg_SignalMessage), (28 bytes).
    Removing osekmessage.o(.bss), (40 bytes).
    Removing osekmessage.o(.conststring), (328 bytes).
    Removing osekresource.o(i.AddTask2ReadyTableAtHead), (32 bytes).
    Removing osekresource.o(i.AddTask2ReadyTableAtTail), (44 bytes).
    Removing osekresource.o(i.AddaReadyBlock), (128 bytes).
    Removing osekresource.o(i.ClearPriorityMap), (72 bytes).
    Removing osekresource.o(i.MoveTaskFromReadyTable), (28 bytes).
    Removing osekresource.o(i.ReleaseReadyBlock), (16 bytes).
    Removing osektarget.o(i.AddTask2ReadyTableAtHead), (32 bytes).
    Removing osektarget.o(i.AddTask2ReadyTableAtTail), (44 bytes).
    Removing osektarget.o(i.AddaReadyBlock), (128 bytes).
    Removing osektarget.o(i.ClearPriorityMap), (72 bytes).
    Removing osektarget.o(i.MoveTaskFromReadyTable), (28 bytes).
    Removing osektarget.o(i.ReleaseReadyBlock), (16 bytes).
    Removing osektarget.o(i.int_fit_restore), (2 bytes).
    Removing osektarget.o(i.int_mask_restore), (2 bytes).
    Removing osektarget.o(i.int_mask_save), (6 bytes).
    Removing osektarget.o(i.int_vector_save), (2 bytes).
    Removing osektask.o(i.ActivateTask), (80 bytes).
    Removing osektask.o(i.AddTask2ReadyTableAtHead), (32 bytes).
    Removing osektask.o(i.ChainTask), (192 bytes).
    Removing osektask.o(i.ClearPriorityMap), (72 bytes).
    Removing osektask.o(i.GetTaskID), (32 bytes).
    Removing osektask.o(i.GetTaskState), (56 bytes).
    Removing osektask.o(i.MoveTaskFromReadyTable), (28 bytes).
    Removing osektask.o(i.ReleaseReadyBlock), (16 bytes).
    Removing osektask.o(i.Schedule), (56 bytes).
    Removing osektask.o(i.TerminateTask), (100 bytes).
    Removing osektask.o(i.osekTask_ChangeRunningTaskPriority), (92 bytes).
    Removing osektask.o(i.osekTask_TerminateDispatch), (208 bytes).
    Removing osektask.o(i.osekTask_WaitTask), (48 bytes).
    Removing osektask.o(i.osekTask_WakeTask), (88 bytes).
    Removing osektask.o(.conststring), (328 bytes).
    Removing main.o(i.AddTask2ReadyTableAtHead), (32 bytes).
    Removing main.o(i.AddTask2ReadyTableAtTail), (44 bytes).
    Removing main.o(i.AddaReadyBlock), (128 bytes).
    Removing main.o(i.ClearPriorityMap), (72 bytes).
    Removing main.o(i.ErrorHook), (2 bytes).
    Removing main.o(i.FuncTask4), (2 bytes).
    Removing main.o(i.MoveTaskFromReadyTable), (28 bytes).
    Removing main.o(i.PostTaskHook), (2 bytes).
    Removing main.o(i.ReleaseReadyBlock), (16 bytes).
    Removing main.o(i.ShutdownHook), (2 bytes).
    Removing main.o(i.read_timer_value), (14 bytes).

580 unused section(s) (total 50398 bytes) removed from the image.

==============================================================================

Memory Map of the image

  Image Entry point : 0x00000000

  Load Region LR_1 (Base: 0x00000000, Size: 0x00002dc0, Max: 0xffffffff, ABSOLUTE)

    Execution Region ER_RO (Base: 0x00000000, Size: 0x000028ec, Max: 0xffffffff, ABSOLUTE)

    Base Addr    Size         Type   Attr      Idx    E Section Name        Object

    0x00000000   0x000000c0   Data   RO           19    RESET               startup_nuc1xx.o
    0x000000c0   0x00000008   Code   RO         4489  * !!!main             c_p.l(__main.o)
    0x000000c8   0x00000002   Code   RO         4527    .ARM.Collect$$libinit$$00000000  c_p.l(libinit.o)
    0x000000ca   0x00000000   Code   RO         4541    .ARM.Collect$$libinit$$00000002  c_p.l(libinit2.o)
    0x000000ca   0x00000000   Code   RO         4543    .ARM.Collect$$libinit$$00000004  c_p.l(libinit2.o)
    0x000000ca   0x00000000   Code   RO         4546    .ARM.Collect$$libinit$$0000000A  c_p.l(libinit2.o)
    0x000000ca   0x00000000   Code   RO         4548    .ARM.Collect$$libinit$$0000000C  c_p.l(libinit2.o)
    0x000000ca   0x00000000   Code   RO         4550    .ARM.Collect$$libinit$$0000000E  c_p.l(libinit2.o)
    0x000000ca   0x00000000   Code   RO         4553    .ARM.Collect$$libinit$$00000011  c_p.l(libinit2.o)
    0x000000ca   0x00000000   Code   RO         4555    .ARM.Collect$$libinit$$00000013  c_p.l(libinit2.o)
    0x000000ca   0x00000000   Code   RO         4557    .ARM.Collect$$libinit$$00000015  c_p.l(libinit2.o)
    0x000000ca   0x00000000   Code   RO         4559    .ARM.Collect$$libinit$$00000017  c_p.l(libinit2.o)
    0x000000ca   0x00000000   Code   RO         4561    .ARM.Collect$$libinit$$00000019  c_p.l(libinit2.o)
    0x000000ca   0x00000000   Code   RO         4563    .ARM.Collect$$libinit$$0000001B  c_p.l(libinit2.o)
    0x000000ca   0x00000000   Code   RO         4565    .ARM.Collect$$libinit$$0000001D  c_p.l(libinit2.o)
    0x000000ca   0x00000000   Code   RO         4567    .ARM.Collect$$libinit$$0000001F  c_p.l(libinit2.o)
    0x000000ca   0x00000000   Code   RO         4569    .ARM.Collect$$libinit$$00000021  c_p.l(libinit2.o)
    0x000000ca   0x00000000   Code   RO         4571    .ARM.Collect$$libinit$$00000023  c_p.l(libinit2.o)
    0x000000ca   0x00000000   Code   RO         4573    .ARM.Collect$$libinit$$00000025  c_p.l(libinit2.o)
    0x000000ca   0x00000000   Code   RO         4577    .ARM.Collect$$libinit$$0000002C  c_p.l(libinit2.o)
    0x000000ca   0x00000000   Code   RO         4579    .ARM.Collect$$libinit$$0000002E  c_p.l(libinit2.o)
    0x000000ca   0x00000000   Code   RO         4581    .ARM.Collect$$libinit$$00000030  c_p.l(libinit2.o)
    0x000000ca   0x00000000   Code   RO         4583    .ARM.Collect$$libinit$$00000032  c_p.l(libinit2.o)
    0x000000ca   0x00000002   Code   RO         4584    .ARM.Collect$$libinit$$00000033  c_p.l(libinit2.o)
    0x000000cc   0x00000002   Code   RO         4613    .ARM.Collect$$libshutdown$$00000000  c_p.l(libshutdown.o)
    0x000000ce   0x00000000   Code   RO         4639    .ARM.Collect$$libshutdown$$00000002  c_p.l(libshutdown2.o)
    0x000000ce   0x00000000   Code   RO         4641    .ARM.Collect$$libshutdown$$00000004  c_p.l(libshutdown2.o)
    0x000000ce   0x00000000   Code   RO         4644    .ARM.Collect$$libshutdown$$00000007  c_p.l(libshutdown2.o)
    0x000000ce   0x00000000   Code   RO         4647    .ARM.Collect$$libshutdown$$0000000A  c_p.l(libshutdown2.o)
    0x000000ce   0x00000000   Code   RO         4649    .ARM.Collect$$libshutdown$$0000000C  c_p.l(libshutdown2.o)
    0x000000ce   0x00000000   Code   RO         4652    .ARM.Collect$$libshutdown$$0000000F  c_p.l(libshutdown2.o)
    0x000000ce   0x00000002   Code   RO         4653    .ARM.Collect$$libshutdown$$00000010  c_p.l(libshutdown2.o)
    0x000000d0   0x00000000   Code   RO         4491    .ARM.Collect$$rtentry$$00000000  c_p.l(__rtentry.o)
    0x000000d0   0x00000000   Code   RO         4497    .ARM.Collect$$rtentry$$00000002  c_p.l(__rtentry2.o)
    0x000000d0   0x00000006   Code   RO         4509    .ARM.Collect$$rtentry$$00000004  c_p.l(__rtentry4.o)
    0x000000d6   0x00000000   Code   RO         4499    .ARM.Collect$$rtentry$$00000009  c_p.l(__rtentry2.o)
    0x000000d6   0x00000004   Code   RO         4500    .ARM.Collect$$rtentry$$0000000A  c_p.l(__rtentry2.o)
    0x000000da   0x00000000   Code   RO         4502    .ARM.Collect$$rtentry$$0000000C  c_p.l(__rtentry2.o)
    0x000000da   0x00000008   Code   RO         4503    .ARM.Collect$$rtentry$$0000000D  c_p.l(__rtentry2.o)
    0x000000e2   0x00000002   Code   RO         4532    .ARM.Collect$$rtexit$$00000000  c_p.l(rtexit.o)
    0x000000e4   0x00000000   Code   RO         4588    .ARM.Collect$$rtexit$$00000002  c_p.l(rtexit2.o)
    0x000000e4   0x00000004   Code   RO         4589    .ARM.Collect$$rtexit$$00000003  c_p.l(rtexit2.o)
    0x000000e8   0x00000006   Code   RO         4590    .ARM.Collect$$rtexit$$00000004  c_p.l(rtexit2.o)
    0x000000ee   0x00000002   PAD
    0x000000f0   0x00000066   Code   RO         4122    .emb_text           osektarget.o
    0x00000156   0x00000002   PAD
    0x00000158   0x00000064   Code   RO           20  * .text               startup_nuc1xx.o
    0x000001bc   0x0000015a   Code   RO         4483    .text               c_p.l(aeabi_sdiv.o)
    0x00000316   0x00000006   Code   RO         4487    .text               c_p.l(heapauxi.o)
    0x0000031c   0x0000003e   Code   RO         4513    .text               c_p.l(sys_stackheap_outer.o)
    0x0000035a   0x00000010   Code   RO         4516    .text               c_p.l(exit.o)
    0x0000036a   0x00000002   PAD
    0x0000036c   0x00000008   Code   RO         4528    .text               c_p.l(libspace.o)
    0x00000374   0x0000000c   Code   RO         4585    .text               c_p.l(sys_exit.o)
    0x00000380   0x00000002   Code   RO         4602    .text               c_p.l(use_no_semi.o)
    0x00000382   0x00000000   Code   RO         4604    .text               c_p.l(indicate_semi.o)
    0x00000382   0x00000002   PAD
    0x00000384   0x0000009c   Code   RO          223    i.ADC_IRQHandler    drvadc.o
    0x00000420   0x0000002c   Code   RO         4224    i.AddTask2ReadyTableAtTail  osektask.o
    0x0000044c   0x00000080   Code   RO         4225    i.AddaReadyBlock    osektask.o
    0x000004cc   0x00000028   Code   RO         2296    i.BOD_IRQHandler    drvsys.o
    0x000004f4   0x000000f0   Code   RO          461    i.CAN0_IRQHandler   drvcan.o
    0x000005e4   0x00000046   Code   RO         2599    i.CalTimerInitValue  drvtimer.o
    0x0000062a   0x00000002   PAD
    0x0000062c   0x0000004c   Code   RO         3592    i.CounterTrigger    osekcounter.o
    0x00000678   0x00000038   Code   RO          465    i.DrvCAN_ClrIntPnd  drvcan.o
    0x000006b0   0x00000758   Code   RO          906    i.DrvGPIO_InitFunction  drvgpio.o
    0x00000e08   0x00000008   Code   RO         2314    i.DrvSYS_GetExtClockFreq  drvsys.o
    0x00000e10   0x00000070   Code   RO         2315    i.DrvSYS_GetHCLKFreq  drvsys.o
    0x00000e80   0x00000078   Code   RO         2316    i.DrvSYS_GetPLLClockFreq  drvsys.o
    0x00000ef8   0x0000005c   Code   RO         2616    i.DrvTIMER_EnableInt  drvtimer.o
    0x00000f54   0x00000024   Code   RO         2623    i.DrvTIMER_Init     drvtimer.o
    0x00000f78   0x000002f4   Code   RO         2624    i.DrvTIMER_Open     drvtimer.o
    0x0000126c   0x00000044   Code   RO         2632    i.DrvTIMER_Start    drvtimer.o
    0x000012b0   0x00000024   Code   RO          914    i.EINT0_IRQHandler  drvgpio.o
    0x000012d4   0x00000024   Code   RO          915    i.EINT1_IRQHandler  drvgpio.o
    0x000012f8   0x00000002   Code   RO         4380    i.FuncTask1         main.o
    0x000012fa   0x00000002   Code   RO         4381    i.FuncTask2         main.o
    0x000012fc   0x00000002   Code   RO         4382    i.FuncTask3         main.o
    0x000012fe   0x00000002   Code   RO         4384    i.FuncTaskError     main.o
    0x00001300   0x00000044   Code   RO          916    i.GPAB_IRQHandler   drvgpio.o
    0x00001344   0x0000004c   Code   RO          917    i.GPCDE_IRQHandler  drvgpio.o
    0x00001390   0x00000028   Code   RO          497    i.GetFreeIF         drvcan.o
    0x000013b8   0x00000080   Code   RO         2638    i.GetTimerClock     drvtimer.o
    0x00001438   0x0000007c   Code   RO         1138    i.I2C0_IRQHandler   drvi2c.o
    0x000014b4   0x0000007c   Code   RO         1139    i.I2C1_IRQHandler   drvi2c.o
    0x00001530   0x0000017c   Code   RO         1297    i.I2S_IRQHandler    drvi2s.o
    0x000016ac   0x00000004   Code   RO         3963    i.InitCOM           osekmessage.o
    0x000016b0   0x00000218   Code   RO         3195    i.Initial_pannel    lcd_driver.o
    0x000018c8   0x0000000a   Code   RO         3368    i.Ir_RealTimInt     cfg.o
    0x000018d2   0x00000002   PAD
    0x000018d4   0x00000014   Code   RO         2642    i.NVIC_EnableIRQ    drvtimer.o
    0x000018e8   0x00000078   Code   RO         2643    i.NVIC_SetPriority  drvtimer.o
    0x00001960   0x0000001c   Code   RO         3461    i.NotifyAlarm       osekalarm.o
    0x0000197c   0x00000028   Code   RO           66    i.OSEK_CPU_INIT     init.o
    0x000019a4   0x0000000a   Code   RO           67    i.OSEK_TIMER_START  init.o
    0x000019ae   0x00000002   PAD
    0x000019b0   0x000000a8   Code   RO         1479    i.PDMA_IRQHandler   drvpdma.o
    0x00001a58   0x00000028   Code   RO         1646    i.PS2_IRQHandler    drvps2.o
    0x00001a80   0x0000017c   Code   RO         1745    i.PWMA_IRQHandler   drvpwm.o
    0x00001bfc   0x0000017c   Code   RO         1746    i.PWMB_IRQHandler   drvpwm.o
    0x00001d78   0x00000028   Code   RO         2344    i.PWRWU_IRQHandler  drvsys.o
    0x00001da0   0x00000060   Code   RO         1896    i.RTC_IRQHandler    drvrtc.o
    0x00001e00   0x00000064   Code   RO         2033    i.SPI0_IRQHandler   drvspi.o
    0x00001e64   0x00000064   Code   RO         2034    i.SPI1_IRQHandler   drvspi.o
    0x00001ec8   0x00000064   Code   RO         2035    i.SPI2_IRQHandler   drvspi.o
    0x00001f2c   0x00000064   Code   RO         2036    i.SPI3_IRQHandler   drvspi.o
    0x00001f90   0x000000f4   Code   RO         3196    i.SetPACA           lcd_driver.o
    0x00002084   0x00000060   Code   RO         3789    i.StartOS           osekexecution.o
    0x000020e4   0x00000002   Code   RO         4389    i.StartupHook       main.o
    0x000020e6   0x00000002   Code   RO           25    i.SystemInit        system_nuc1xx.o
    0x000020e8   0x0000000a   Code   RO         2645    i.TMR0_IRQHandler   drvtimer.o
    0x000020f2   0x00000002   PAD
    0x000020f4   0x0000009c   Code   RO         2646    i.TMR1_IRQHandler   drvtimer.o
    0x00002190   0x0000009c   Code   RO         2647    i.TMR2_IRQHandler   drvtimer.o
    0x0000222c   0x0000009c   Code   RO         2648    i.TMR3_IRQHandler   drvtimer.o
    0x000022c8   0x0000003c   Code   RO         2980    i.UART02_IRQHandler  drvuart.o
    0x00002304   0x00000020   Code   RO         2981    i.UART1_IRQHandler  drvuart.o
    0x00002324   0x00000034   Code   RO         2650    i.WDT_IRQHandler    drvtimer.o
    0x00002358   0x00000058   Code   RO         3199    i.WriteData         lcd_driver.o
    0x000023b0   0x0000001c   Code   RO          692    i.__ARM_common_switch8  drvcan.o
    0x000023cc   0x00000028   Code   RO         3200    i.clr_all_pannal    lcd_driver.o
    0x000023f4   0x00000016   Code   RO         4390    i.main              main.o
    0x0000240a   0x00000002   PAD
    0x0000240c   0x0000003c   Code   RO         3466    i.osekAlarm_Check1  osekalarm.o
    0x00002448   0x00000054   Code   RO         3467    i.osekAlarm_Check2  osekalarm.o
    0x0000249c   0x0000003c   Code   RO         3468    i.osekAlarm_Initialize  osekalarm.o
    0x000024d8   0x0000002c   Code   RO         3598    i.osekCounter_Initialize  osekcounter.o
    0x00002504   0x00000010   Code   RO         3884    i.osekInterrupt_Initialize  osekinterrupt.o
    0x00002514   0x00000064   Code   RO         4234    i.osekTask_ActiveTask  osektask.o
    0x00002578   0x00000114   Code   RO         4236    i.osekTask_Dispatch  osektask.o
    0x0000268c   0x0000009c   Code   RO         4237    i.osekTask_Initialize  osektask.o
    0x00002728   0x00000010   Data   RO         2345    .constdata          drvsys.o
    0x00002738   0x00000010   Data   RO         2652    .constdata          drvtimer.o
    0x00002748   0x0000005c   Data   RO         3372    .constdata          cfg.o
    0x000027a4   0x00000148   Data   RO         3600    .conststring        osekcounter.o
    0x000028ec   0x00000000   Data   RO         4654    Region$$Table       anon$$obj.o


    Execution Region ER_RW (Base: 0x20000000, Size: 0x000004d4, Max: 0xffffffff, ABSOLUTE)

    Base Addr    Size         Type   Attr      Idx    E Section Name        Object

    0x20000000   0x0000000c   Data   RW          261    .data               drvadc.o
    0x2000000c   0x00000010   Data   RW          921    .data               drvgpio.o
    0x2000001c   0x00000004   Data   RW         1647    .data               drvps2.o
    0x20000020   0x00000004   Data   RW         1748    .data               drvpwm.o
    0x20000024   0x00000050   Data   RW         1897    .data               drvrtc.o
    0x20000074   0x00000008   Data   RW         2346    .data               drvsys.o
    0x2000007c   0x00000068   Data   RW         2653    .data               drvtimer.o
    0x200000e4   0x0000000c   Data   RW         2982    .data               drvuart.o
    0x200000f0   0x00000010   Data   RW         3202    .data               lcd_driver.o
    0x20000100   0x0000029b   Data   RW         3373    .data               cfg.o
    0x2000039b   0x00000001   Data   RW         3790    .data               osekexecution.o
    0x2000039c   0x0000000e   Data   RW         3887    .data               osekinterrupt.o
    0x200003aa   0x00000012   Data   RW         4133    .data               osektarget.o
    0x200003bc   0x00000115   Data   RW         4243    .data               osektask.o


    Execution Region ER_ZI (Base: 0x200004d4, Size: 0x00000c54, Max: 0xffffffff, ABSOLUTE)

    Base Addr    Size         Type   Attr      Idx    E Section Name        Object

    0x200004d4   0x0000000c   Zero   RW          260    .bss                drvadc.o
    0x200004e0   0x00000018   Zero   RW          499    .bss                drvcan.o
    0x200004f8   0x00000020   Zero   RW         1143    .bss                drvi2c.o
    0x20000518   0x00000020   Zero   RW         1299    .bss                drvi2s.o
    0x20000538   0x0000006c   Zero   RW         1480    .bss                drvpdma.o
    0x200005a4   0x00000040   Zero   RW         1747    .bss                drvpwm.o
    0x200005e4   0x00000050   Zero   RW         2037    .bss                drvspi.o
    0x20000634   0x00000050   Zero   RW         2651    .bss                drvtimer.o
    0x20000684   0x0000001c   Zero   RW         3469    .bss                osekalarm.o
    0x200006a0   0x00000014   Zero   RW         3599    .bss                osekcounter.o
    0x200006b4   0x00000400   Zero   RW         3885    .bss                osekinterrupt.o
    0x20000ab4   0x00000210   Zero   RW         4241    .bss                osektask.o
    0x20000cc4   0x00000060   Zero   RW         4529    .bss                c_p.l(libspace.o)
    0x20000d24   0x00000004   PAD
    0x20000d28   0x00000000   Zero   RW           18    HEAP                startup_nuc1xx.o
    0x20000d28   0x00000400   Zero   RW           17    STACK               startup_nuc1xx.o

